Archive member included to satisfy reference by file (symbol)

C:/LibDragon/bin/../lib/gcc/mips64-elf/14.2.0/../../../../mips64-elf/lib\libdragon.a(entrypoint.o)
                              (_start)
C:/LibDragon/bin/../lib/gcc/mips64-elf/14.2.0/../../../../mips64-elf/lib\libdragon.a(entropy.o)
                              C:/LibDragon/bin/../lib/gcc/mips64-elf/14.2.0/../../../../mips64-elf/lib\libdragon.a(entrypoint.o) (__entropy_state)
C:/LibDragon/bin/../lib/gcc/mips64-elf/14.2.0/../../../../mips64-elf/lib\libdragon.a(rand.o)
                              C:/LibDragon/bin/../lib/gcc/mips64-elf/14.2.0/../../../../mips64-elf/lib\libdragon.a(entropy.o) (__xorshift64)
C:/LibDragon/bin/../lib/gcc/mips64-elf/14.2.0/../../../../mips64-elf/lib\libdragon.a(debug.o)
                              build/main.o (debug_init_isviewer)
C:/LibDragon/bin/../lib/gcc/mips64-elf/14.2.0/../../../../mips64-elf/lib\libdragon.a(usb.o)
                              C:/LibDragon/bin/../lib/gcc/mips64-elf/14.2.0/../../../../mips64-elf/lib\libdragon.a(debug.o) (usb_write)
C:/LibDragon/bin/../lib/gcc/mips64-elf/14.2.0/../../../../mips64-elf/lib\libdragon.a(cart.o)
                              C:/LibDragon/bin/../lib/gcc/mips64-elf/14.2.0/../../../../mips64-elf/lib\libdragon.a(debug.o) (cart_init)
C:/LibDragon/bin/../lib/gcc/mips64-elf/14.2.0/../../../../mips64-elf/lib\libdragon.a(ff.o)
                              C:/LibDragon/bin/../lib/gcc/mips64-elf/14.2.0/../../../../mips64-elf/lib\libdragon.a(debug.o) (f_mount)
C:/LibDragon/bin/../lib/gcc/mips64-elf/14.2.0/../../../../mips64-elf/lib\libdragon.a(ffunicode.o)
                              C:/LibDragon/bin/../lib/gcc/mips64-elf/14.2.0/../../../../mips64-elf/lib\libdragon.a(ff.o) (ff_uni2oem)
C:/LibDragon/bin/../lib/gcc/mips64-elf/14.2.0/../../../../mips64-elf/lib\libdragon.a(fat.o)
                              C:/LibDragon/bin/../lib/gcc/mips64-elf/14.2.0/../../../../mips64-elf/lib\libdragon.a(ff.o) (disk_initialize)
C:/LibDragon/bin/../lib/gcc/mips64-elf/14.2.0/../../../../mips64-elf/lib\libdragon.a(dragonfs.o)
                              build/main.o (dfs_init)
C:/LibDragon/bin/../lib/gcc/mips64-elf/14.2.0/../../../../mips64-elf/lib\libdragon.a(display.o)
                              build/main.o (display_init)
C:/LibDragon/bin/../lib/gcc/mips64-elf/14.2.0/../../../../mips64-elf/lib\libdragon.a(surface.o)
                              C:/LibDragon/bin/../lib/gcc/mips64-elf/14.2.0/../../../../mips64-elf/lib\libdragon.a(display.o) (surface_alloc)
C:/LibDragon/bin/../lib/gcc/mips64-elf/14.2.0/../../../../mips64-elf/lib\libdragon.a(rsp.o)
                              C:/LibDragon/bin/../lib/gcc/mips64-elf/14.2.0/../../../../mips64-elf/lib\libdragon.a(display.o) (__rsp_crash)
C:/LibDragon/bin/../lib/gcc/mips64-elf/14.2.0/../../../../mips64-elf/lib\libdragon.a(rsp_crash.o)
                              C:/LibDragon/bin/../lib/gcc/mips64-elf/14.2.0/../../../../mips64-elf/lib\libdragon.a(rsp.o) (rsp_crash_data_start)
C:/LibDragon/bin/../lib/gcc/mips64-elf/14.2.0/../../../../mips64-elf/lib\libdragon.a(inspector.o)
                              C:/LibDragon/bin/../lib/gcc/mips64-elf/14.2.0/../../../../mips64-elf/lib\libdragon.a(debug.o) (__inspector_assertion)
C:/LibDragon/bin/../lib/gcc/mips64-elf/14.2.0/../../../../mips64-elf/lib\libdragon.a(sprite.o)
                              build/main.o (sprite_load)
C:/LibDragon/bin/../lib/gcc/mips64-elf/14.2.0/../../../../mips64-elf/lib\libdragon.a(dma.o)
                              C:/LibDragon/bin/../lib/gcc/mips64-elf/14.2.0/../../../../mips64-elf/lib\libdragon.a(debug.o) (io_accessible)
C:/LibDragon/bin/../lib/gcc/mips64-elf/14.2.0/../../../../mips64-elf/lib\libdragon.a(exception.o)
                              C:/LibDragon/bin/../lib/gcc/mips64-elf/14.2.0/../../../../mips64-elf/lib\libdragon.a(inspector.o) (__exception_dump_header)
C:/LibDragon/bin/../lib/gcc/mips64-elf/14.2.0/../../../../mips64-elf/lib\libdragon.a(do_ctors.o)
                              C:/LibDragon/bin/../lib/gcc/mips64-elf/14.2.0/../../../../mips64-elf/lib\libdragon.a(entrypoint.o) (__wrap___do_global_ctors)
C:/LibDragon/bin/../lib/gcc/mips64-elf/14.2.0/../../../../mips64-elf/lib\libdragon.a(dlfcn.o)
                              C:/LibDragon/bin/../lib/gcc/mips64-elf/14.2.0/../../../../mips64-elf/lib\libdragon.a(inspector.o) (__dl_list_head)
C:/LibDragon/bin/../lib/gcc/mips64-elf/14.2.0/../../../../mips64-elf/lib\libdragon.a(kernel.o)
                              C:/LibDragon/bin/../lib/gcc/mips64-elf/14.2.0/../../../../mips64-elf/lib\libdragon.a(inspector.o) (__kernel_all_threads)
C:/LibDragon/bin/../lib/gcc/mips64-elf/14.2.0/../../../../mips64-elf/lib\libdragon.a(kirq.o)
                              C:/LibDragon/bin/../lib/gcc/mips64-elf/14.2.0/../../../../mips64-elf/lib\libdragon.a(kernel.o) (__kirq_init)
C:/LibDragon/bin/../lib/gcc/mips64-elf/14.2.0/../../../../mips64-elf/lib\libdragon.a(joypad.o)
[...]
Memory Configuration

Name             Origin             Length             Attributes
*default*        0x00000000         0xffffffff

Linker script and memory map

LOAD C:/LibDragon/bin/../lib/gcc/mips64-elf/14.2.0/crti.o
LOAD C:/LibDragon/bin/../lib/gcc/mips64-elf/14.2.0/crtbegin.o
LOAD build/main.o
LOAD C:/LibDragon/bin/../lib/gcc/mips64-elf/14.2.0/../../../../mips64-elf/lib\libdragon.a
LOAD C:/LibDragon/bin/../lib/gcc/mips64-elf/14.2.0/../../../../mips64-elf/lib\libm.a
LOAD C:/LibDragon/bin/../lib/gcc/mips64-elf/14.2.0/../../../../mips64-elf/lib\libdragonsys.a

.intvectors     0x80000000      0x188
                0x80000000                        . = ALIGN (0x20)
 *(.intvectors)
 .intvectors    0x80000000      0x188 C:/LibDragon/bin/../lib/gcc/mips64-elf/14.2.0/../../../../mips64-elf/lib\libdragon.a(inthandler.o)
                0x80000188                        __intvectors_end = .

.text           0x80000400    0x2c390
                0x80000400                        __text_start = .
 *(.boot)
 .boot          0x80000400       0x74 C:/LibDragon/bin/../lib/gcc/mips64-elf/14.2.0/../../../../mips64-elf/lib\libdragon.a(entrypoint.o)
                0x80000400                _start
                0x80000480                        . = ALIGN (0x10)
 *fill*         0x80000474        0xc 
 *(.text)
 .text          0x80000480      0x400 C:/LibDragon/bin/../lib/gcc/mips64-elf/14.2.0/../../../../mips64-elf/lib\libdragon.a(inthandler.o)
                0x80000480                inthandler
                0x80000880                inthandler_end
 .text          0x80000880      0x1c0 C:/LibDragon/bin/../lib/gcc/mips64-elf/14.2.0/../../../../mips64-elf/lib\libm.a(libm_a-s_floor.o)
                0x80000880                floor
 .text          0x80000a40      0x110 C:/LibDragon/bin/../lib/gcc/mips64-elf/14.2.0/../../../../mips64-elf/lib\libm.a(libm_a-sf_floor.o)
                0x80000a40                floorf
 .text          0x80000b50       0x98 C:/LibDragon/bin/../lib/gcc/mips64-elf/14.2.0/../../../../mips64-elf/lib\libm.a(libm_a-sf_round.o)
                0x80000b50                roundf
 .text          0x80000be8       0x18 C:/LibDragon/bin/../lib/gcc/mips64-elf/14.2.0/../../../../mips64-elf/lib\libc.a(libc_a-abort.o)
                0x80000be8                abort
 .text          0x80000c00       0x18 C:/LibDragon/bin/../lib/gcc/mips64-elf/14.2.0/../../../../mips64-elf/lib\libc.a(libc_a-calloc.o)
                0x80000c00                calloc
 .text          0x80000c18      0x120 C:/LibDragon/bin/../lib/gcc/mips64-elf/14.2.0/../../../../mips64-elf/lib\libc.a(libc_a-callocr.o)
                0x80000c18                _calloc_r
 .text          0x80000d38       0x20 C:/LibDragon/bin/../lib/gcc/mips64-elf/14.2.0/../../../../mips64-elf/lib\libc.a(libc_a-malloc.o)
                0x80000d38                malloc
                0x80000d48                free
 .text          0x80000d58      0x8c8 C:/LibDragon/bin/../lib/gcc/mips64-elf/14.2.0/../../../../mips64-elf/lib\libc.a(libc_a-mallocr.o)
                0x80000d58                _malloc_r
 .text          0x80001620       0x20 C:/LibDragon/bin/../lib/gcc/mips64-elf/14.2.0/../../../../mips64-elf/lib\libc.a(libc_a-mlock.o)
                0x80001620                __malloc_lock
                0x80001630                __malloc_unlock
 .text          0x80001640       0x18 C:/LibDragon/bin/../lib/gcc/mips64-elf/14.2.0/../../../../mips64-elf/lib\libc.a(libc_a-malign.o)
                0x80001640                memalign
 .text          0x80001658      0x200 C:/LibDragon/bin/../lib/gcc/mips64-elf/14.2.0/../../../../mips64-elf/lib\libc.a(libc_a-malignr.o)
                0x80001658                _memalign_r
 .text          0x80001858     0x2a08 C:/LibDragon/bin/../lib/gcc/mips64-elf/14.2.0/../../../../mips64-elf/lib\libc.a(libc_a-vfprintf.o)
                0x80001858                _vfprintf_r
                0x80004148                vfprintf
 .text          0x80004260       0x40 C:/LibDragon/bin/../lib/gcc/mips64-elf/14.2.0/../../../../mips64-elf/lib\libc.a(libc_a-sprint_r.o)
                0x80004260                __sprint_r
 .text          0x800042a0      0x458 C:/LibDragon/bin/../lib/gcc/mips64-elf/14.2.0/../../../../mips64-elf/lib\libc.a(libc_a-fflush.o)
                0x800042a0                __sflush_r
                0x800044f8                _fflush_r
                0x80004600                fflush
 .text          0x800046f8      0x510 C:/LibDragon/bin/../lib/gcc/mips64-elf/14.2.0/../../../../mips64-elf/lib\libc.a(libc_a-findfp.o)
                0x80004990                __sfp
                0x80004b00                __sinit
                0x80004b78                __sfp_lock_acquire
                0x80004b88                __sfp_lock_release
                0x80004b98                __fp_lock_all
                0x80004bd0                __fp_unlock_all
 .text          0x80004c08       0x68 C:/LibDragon/bin/../lib/gcc/mips64-elf/14.2.0/../../../../mips64-elf/lib\libc.a(libc_a-fprintf.o)
                0x80004c08                _fprintf_r
                0x80004c30                fprintf
 .text          0x80004c70      0x190 C:/LibDragon/bin/../lib/gcc/mips64-elf/14.2.0/../../../../mips64-elf/lib\libc.a(libc_a-fputc.o)
                0x80004c70                _fputc_r
                0x80004d38                fputc
 .text          0x80004e00      0x508 C:/LibDragon/bin/../lib/gcc/mips64-elf/14.2.0/../../../../mips64-elf/lib\libc.a(libc_a-fvwrite.o)
                0x80004e00                __sfvwrite_r
 .text          0x80005308       0xc0 C:/LibDragon/bin/../lib/gcc/mips64-elf/14.2.0/../../../../mips64-elf/lib\libc.a(libc_a-fwalk.o)
                0x80005308                _fwalk_sglue
 .text          0x800053c8      0x250 C:/LibDragon/bin/../lib/gcc/mips64-elf/14.2.0/../../../../mips64-elf/lib\libc.a(libc_a-fwrite.o)
                0x800053c8                _fwrite_r
                0x800055e8                fwrite
 .text          0x80005618       0x78 C:/LibDragon/bin/../lib/gcc/mips64-elf/14.2.0/../../../../mips64-elf/lib\libc.a(libc_a-printf.o)
                0x80005618                _printf_r
                0x80005650                printf
 .text          0x80005690      0x240 C:/LibDragon/bin/../lib/gcc/mips64-elf/14.2.0/../../../../mips64-elf/lib\libc.a(libc_a-putc.o)
                0x80005690                _putc_r
                0x800057a0                putc
 .text          0x800058d0       0x20 C:/LibDragon/bin/../lib/gcc/mips64-elf/14.2.0/../../../../mips64-elf/lib\libc.a(libc_a-putchar.o)
                0x800058d0                _putchar_r
                0x800058d8                putchar
 .text          0x800058f0      0x1a8 C:/LibDragon/bin/../lib/gcc/mips64-elf/14.2.0/../../../../mips64-elf/lib\libc.a(libc_a-puts.o)
                0x800058f0                _puts_r
                0x80005a88                puts
 .text          0x80005a98      0x2f0 C:/LibDragon/bin/../lib/gcc/mips64-elf/14.2.0/../../../../mips64-elf/lib\libc.a(libc_a-setvbuf.o)
                0x80005a98                setvbuf
 .text          0x80005d88      0x1c8 C:/LibDragon/bin/../lib/gcc/mips64-elf/14.2.0/../../../../mips64-elf/lib\libc.a(libc_a-snprintf.o)
                0x80005d88                _snprintf_r
                0x80005e68                snprintf
 .text          0x80005f50       0xe0 C:/LibDragon/bin/../lib/gcc/mips64-elf/14.2.0/../../../../mips64-elf/lib\libc.a(libc_a-sprintf.o)
                0x80005f50                _sprintf_r
                0x80005fb8                sprintf
 .text          0x80006030      0x190 C:/LibDragon/bin/../lib/gcc/mips64-elf/14.2.0/../../../../mips64-elf/lib\libc.a(libc_a-stdio.o)
                0x80006030                __sread
                0x80006088                __seofread
                0x80006090                __swrite
                0x80006150                __sseek
                0x800061b8                __sclose
 .text          0x800061c0       0x30 C:/LibDragon/bin/../lib/gcc/mips64-elf/14.2.0/../../../../mips64-elf/lib\libc.a(libc_a-vprintf.o)
                0x800061c0                vprintf
                0x800061d8                _vprintf_r
 .text          0x800061f0      0x1d0 C:/LibDragon/bin/../lib/gcc/mips64-elf/14.2.0/../../../../mips64-elf/lib\libc.a(libc_a-wbuf.o)
                0x800061f0                __swbuf_r
                0x800063a8                __swbuf
 .text          0x800063c0      0x1e0 C:/LibDragon/bin/../lib/gcc/mips64-elf/14.2.0/../../../../mips64-elf/lib\libc.a(libc_a-wsetup.o)
                0x800063c0                __swsetup_r
 .text          0x800065a0       0xf0 C:/LibDragon/bin/../lib/gcc/mips64-elf/14.2.0/../../../../mips64-elf/lib\libc.a(libc_a-memchr.o)
                0x800065a0                memchr
 .text          0x80006690       0x80 C:/LibDragon/bin/../lib/gcc/mips64-elf/14.2.0/../../../../mips64-elf/lib\libc.a(libc_a-memcmp.o)
                0x80006690                memcmp
 .text          0x80006710      0x168 C:/LibDragon/bin/../lib/gcc/mips64-elf/14.2.0/../../../../mips64-elf/lib\libc.a(libc_a-memmove.o)
                0x80006710                memmove
 .text          0x80006878       0x98 C:/LibDragon/bin/../lib/gcc/mips64-elf/14.2.0/../../../../mips64-elf/lib\libc.a(libc_a-strcat.o)
                0x80006878                strcat
 .text          0x80006910      0x188 C:/LibDragon/bin/../lib/gcc/mips64-elf/14.2.0/../../../../mips64-elf/lib\libc.a(libc_a-strchr.o)
                0x80006910                strchr
 .text          0x80006a98       0xa8 C:/LibDragon/bin/../lib/gcc/mips64-elf/14.2.0/../../../../mips64-elf/lib\libc.a(libc_a-strcpy.o)
                0x80006a98                strcpy
 .text          0x80006b40      0x460 C:/LibDragon/bin/../lib/gcc/mips64-elf/14.2.0/../../../../mips64-elf/lib\libc.a(libc_a-strerror.o)
                0x80006b40                _strerror_r
                0x80006f70                strerror
                0x80006f88                strerror_l
 .text          0x80006fa0       0x70 C:/LibDragon/bin/../lib/gcc/mips64-elf/14.2.0/../../../../mips64-elf/lib\libc.a(libc_a-strrchr.o)
                0x80006fa0                strrchr
 .text          0x80007010      0xbb8 C:/LibDragon/bin/../lib/gcc/mips64-elf/14.2.0/../../../../mips64-elf/lib\libc.a(libc_a-strstr.o)
                0x800078c8                strstr
 .text          0x80007bc8        0x8 C:/LibDragon/bin/../lib/gcc/mips64-elf/14.2.0/../../../../mips64-elf/lib\libc.a(libc_a-u_strerr.o)
                0x80007bc8                _user_strerror
 .text          0x80007bd0       0x90 C:/LibDragon/bin/../lib/gcc/mips64-elf/14.2.0/../../../../mips64-elf/lib\libc.a(libc_a-stpcpy.o)
                0x80007bd0                stpcpy
 .text          0x80007c60      0x598 C:/LibDragon/bin/../lib/gcc/mips64-elf/14.2.0/../../../../mips64-elf/lib\libc.a(libc_a-signal.o)
                0x80007c60                _init_signal_r
                0x80007cc8                _signal_r
                0x80007d78                _raise_r
                0x80007e30                __sigtramp_r
                0x80007f20                raise
                0x80007fe8                signal
                0x800080a0                _init_signal
                0x80008110                __sigtramp
 .text          0x800081f8       0x28 C:/LibDragon/bin/../lib/gcc/mips64-elf/14.2.0/../../../../mips64-elf/lib\libc.a(libc_a-localeconv.o)
                0x800081f8                __localeconv_l
                0x80008200                _localeconv_r
                0x80008210                localeconv
 .text          0x80008220       0x50 C:/LibDragon/bin/../lib/gcc/mips64-elf/14.2.0/../../../../mips64-elf/lib\libc.a(libc_a-closer.o)
                0x80008220                _close_r
 .text          0x80008270       0x58 C:/LibDragon/bin/../lib/gcc/mips64-elf/14.2.0/../../../../mips64-elf/lib\libc.a(libc_a-fstatr.o)
                0x80008270                _fstat_r
 .text          0x800082c8       0x60 C:/LibDragon/bin/../lib/gcc/mips64-elf/14.2.0/../../../../mips64-elf/lib\libc.a(libc_a-lseekr.o)
                0x800082c8                _lseek_r
 .text          0x80008328       0x60 C:/LibDragon/bin/../lib/gcc/mips64-elf/14.2.0/../../../../mips64-elf/lib\libc.a(libc_a-readr.o)
                0x80008328                _read_r
 .text          0x80008388       0x60 C:/LibDragon/bin/../lib/gcc/mips64-elf/14.2.0/../../../../mips64-elf/lib\libc.a(libc_a-signalr.o)
                0x80008388                _kill_r
                0x800083e0                _getpid_r
 .text          0x800083e8       0x50 C:/LibDragon/bin/../lib/gcc/mips64-elf/14.2.0/../../../../mips64-elf/lib\libc.a(libc_a-sbrkr.o)
                0x800083e8                _sbrk_r
 .text          0x80008438       0x60 C:/LibDragon/bin/../lib/gcc/mips64-elf/14.2.0/../../../../mips64-elf/lib\libc.a(libc_a-writer.o)
                0x80008438                _write_r
 .text          0x80008498        0x8 C:/LibDragon/bin/../lib/gcc/mips64-elf/14.2.0/../../../../mips64-elf/lib\libc.a(libc_a-errno.o)
                0x80008498                __errno
 .text          0x800084a0       0x18 C:/LibDragon/bin/../lib/gcc/mips64-elf/14.2.0/../../../../mips64-elf/lib\libc.a(libc_a-strlen.o)
                0x800084a0                strlen
 .text          0x800084b8      0x240 C:/LibDragon/bin/../lib/gcc/mips64-elf/14.2.0/../../../../mips64-elf/lib\libc.a(libc_a-strcmp.o)
                0x800084b8                strcmp
 .text          0x800086f8      0x11c C:/LibDragon/bin/../lib/gcc/mips64-elf/14.2.0/../../../../mips64-elf/lib\libc.a(libc_a-memset.o)
                0x800086f8                memset
 .text          0x80008814      0x370 C:/LibDragon/bin/../lib/gcc/mips64-elf/14.2.0/../../../../mips64-elf/lib\libc.a(libc_a-memcpy.o)
                0x80008814                memcpy
 *fill*         0x80008b84        0x4 
 .text          0x80008b88     0x1810 C:/LibDragon/bin/../lib/gcc/mips64-elf/14.2.0/../../../../mips64-elf/lib\libc.a(libc_a-dtoa.o)
                0x80008dd8                _dtoa_r
 .text          0x8000a398      0x470 C:/LibDragon/bin/../lib/gcc/mips64-elf/14.2.0/../../../../mips64-elf/lib\libc.a(libc_a-freer.o)
                0x8000a398                _malloc_trim_r
                0x8000a4d8                _free_r
 .text          0x8000a808     0x1480 C:/LibDragon/bin/../lib/gcc/mips64-elf/14.2.0/../../../../mips64-elf/lib\libc.a(libc_a-mprec.o)
                0x8000a808                _Balloc
                0x8000a8b8                _Bfree
                0x8000a8e8                __multadd
                0x8000aa40                __s2b
                0x8000abc0                __hi0bits
                0x8000ac68                __lo0bits
                0x8000ad80                __i2b
                0x8000ae58                __multiply
                0x8000b0e0                __pow5mult
                0x8000b248                __lshift
                0x8000b400                __mcmp
                0x8000b468                __mdiff
                0x8000b6e0                __ulp
                0x8000b790                __b2d
                0x8000b928                __d2b
                0x8000ba80                __ratio
                0x8000bb40                _mprec_log10
                0x8000bb80                __copybits
                0x8000bc08                __any_on
 .text          0x8000bc88      0x600 C:/LibDragon/bin/../lib/gcc/mips64-elf/14.2.0/../../../../mips64-elf/lib\libc.a(libc_a-reallocr.o)
                0x8000bc88                _realloc_r
 .text          0x8000c288     0x2718 C:/LibDragon/bin/../lib/gcc/mips64-elf/14.2.0/../../../../mips64-elf/lib\libc.a(libc_a-svfprintf.o)
                0x8000c288                _svfprintf_r
 .text          0x8000e9a0       0xc8 C:/LibDragon/bin/../lib/gcc/mips64-elf/14.2.0/../../../../mips64-elf/lib\libc.a(libc_a-ssprint_r.o)
                0x8000e9a0                __ssprint_r
 .text          0x8000ea68      0x1b0 C:/LibDragon/bin/../lib/gcc/mips64-elf/14.2.0/../../../../mips64-elf/lib\libc.a(libc_a-fclose.o)
                0x8000ea68                _fclose_r
                0x8000ec08                fclose
 .text          0x8000ec18      0x230 C:/LibDragon/bin/../lib/gcc/mips64-elf/14.2.0/../../../../mips64-elf/lib\libc.a(libc_a-makebuf.o)
                0x8000ec18                __smakebuf_r
                0x8000ed98                __swhatbuf_r
 .text          0x8000ee48       0x40 C:/LibDragon/bin/../lib/gcc/mips64-elf/14.2.0/../../../../mips64-elf/lib\libc.a(libc_a-strnlen.o)
                0x8000ee48                strnlen
 .text          0x8000ee88       0x50 C:/LibDragon/bin/../lib/gcc/mips64-elf/14.2.0/../../../../mips64-elf/lib\libc.a(libc_a-isattyr.o)
                0x8000ee88                _isatty_r
 .text          0x8000eed8       0x70 C:/LibDragon/bin/../lib/gcc/mips64-elf/14.2.0/../../../../mips64-elf/lib\libc.a(libc_a-mbtowc_r.o)
                0x8000eed8                _mbtowc_r
                0x8000eee8                __ascii_mbtowc
 .text          0x8000ef48       0x48 C:/LibDragon/bin/../lib/gcc/mips64-elf/14.2.0/../../../../mips64-elf/lib\libc.a(libc_a-wctomb_r.o)
                0x8000ef48                _wctomb_r
                0x8000ef58                __ascii_wctomb
 .text          0x8000ef90      0x188 C:/LibDragon/bin/../lib/gcc/mips64-elf/14.2.0/../../../../mips64-elf/lib\libc.a(libc_a-ssputs_r.o)
                0x8000ef90                __ssputs_r
 .text          0x8000f118     0x1de8 C:/LibDragon/bin/../lib/gcc/mips64-elf/14.2.0\libgcc.a(unwind-dw2-fde.o)
                0x80010a38                __register_frame_info_bases
                0x80010a80                __register_frame_info
                0x80010ac8                __register_frame
                0x80010b38                __register_frame_info_table_bases
                0x80010b68                __register_frame_info_table
                0x80010b98                __register_frame_table
                0x80010bf0                __deregister_frame_info_bases
                0x80010cd8                __deregister_frame_info
                0x80010ce0                __deregister_frame
                0x80010d18                _Unwind_Find_FDE
 *(.text.*)
 .text.startup.main
                0x80010f00      0x420 build/main.o
                0x80010f00                main
 .text.__entropy_add
                0x80011320       0x80 C:/LibDragon/bin/../lib/gcc/mips64-elf/14.2.0/../../../../mips64-elf/lib\libdragon.a(entropy.o)
                0x80011320                __entropy_add
 .text.reseed_from_entropy
                0x800113a0      0x100 C:/LibDragon/bin/../lib/gcc/mips64-elf/14.2.0/../../../../mips64-elf/lib\libdragon.a(entropy.o)
 .text.getentropy
                0x800114a0       0x60 C:/LibDragon/bin/../lib/gcc/mips64-elf/14.2.0/../../../../mips64-elf/lib\libdragon.a(entropy.o)
                0x800114a0                getentropy
 .text.__xorshift64
                0x80011500       0x60 C:/LibDragon/bin/../lib/gcc/mips64-elf/14.2.0/../../../../mips64-elf/lib\libdragon.a(rand.o)
                0x80011500                __xorshift64
 .text.__xorshift64_buffer
                0x80011560       0xa0 C:/LibDragon/bin/../lib/gcc/mips64-elf/14.2.0/../../../../mips64-elf/lib\libdragon.a(rand.o)
                0x80011560                __xorshift64_buffer
 .text.__rand64
                0x80011600       0x20 C:/LibDragon/bin/../lib/gcc/mips64-elf/14.2.0/../../../../mips64-elf/lib\libdragon.a(rand.o)
                0x80011600                __rand64
 .text.__rand   0x80011620       0x20 C:/LibDragon/bin/../lib/gcc/mips64-elf/14.2.0/../../../../mips64-elf/lib\libdragon.a(rand.o)
                0x80011620                __rand
 .text.startup.__rand_init
                0x80011640       0x40 C:/LibDragon/bin/../lib/gcc/mips64-elf/14.2.0/../../../../mips64-elf/lib\libdragon.a(rand.o)
                0x80011640                __rand_init
 .text.__stderr_write
                0x80011680       0x80 C:/LibDragon/bin/../lib/gcc/mips64-elf/14.2.0/../../../../mips64-elf/lib\libdragon.a(debug.o)
 .text.isviewer_write
                0x80011700       0xe0 C:/LibDragon/bin/../lib/gcc/mips64-elf/14.2.0/../../../../mips64-elf/lib\libdragon.a(debug.o)
 .text.cb.0     0x800117e0       0xa0 C:/LibDragon/bin/../lib/gcc/mips64-elf/14.2.0/../../../../mips64-elf/lib\libdragon.a(debug.o)
 .text.debug_init_isviewer
                0x80011880       0xe0 C:/LibDragon/bin/../lib/gcc/mips64-elf/14.2.0/../../../../mips64-elf/lib\libdragon.a(debug.o)
                0x80011880                debug_init_isviewer
 .text.debug_assert_func_f
                0x80011960       0xe0 C:/LibDragon/bin/../lib/gcc/mips64-elf/14.2.0/../../../../mips64-elf/lib\libdragon.a(debug.o)
                0x80011960                debug_assert_func_f
 .text.debug_assert_func
                0x80011a40       0x20 C:/LibDragon/bin/../lib/gcc/mips64-elf/14.2.0/../../../../mips64-elf/lib\libdragon.a(debug.o)
                0x80011a40                debug_assert_func
 .text.debug_hexdump
                0x80011a60      0x280 C:/LibDragon/bin/../lib/gcc/mips64-elf/14.2.0/../../../../mips64-elf/lib\libdragon.a(debug.o)
                0x80011a60                debug_hexdump
 .text.__debug_backtrace
                0x80011ce0      0x120 C:/LibDragon/bin/../lib/gcc/mips64-elf/14.2.0/../../../../mips64-elf/lib\libdragon.a(debug.o)
                0x80011ce0                __debug_backtrace
 .text.debug_backtrace
                0x80011e00       0x20 C:/LibDragon/bin/../lib/gcc/mips64-elf/14.2.0/../../../../mips64-elf/lib\libdragon.a(debug.o)
                0x80011e00                debug_backtrace
 .text.get_next_token
                0x80011e20       0xc0 C:/LibDragon/bin/../lib/gcc/mips64-elf/14.2.0/../../../../mips64-elf/lib\libdragon.a(dragonfs.o)
 .text.__fstat  0x80011ee0       0x40 C:/LibDragon/bin/../lib/gcc/mips64-elf/14.2.0/../../../../mips64-elf/lib\libdragon.a(dragonfs.o)
 .text.lookup_file
                0x80011f20      0x260 C:/LibDragon/bin/../lib/gcc/mips64-elf/14.2.0/../../../../mips64-elf/lib\libdragon.a(dragonfs.o)
 .text.__close  0x80012180       0x40 C:/LibDragon/bin/../lib/gcc/mips64-elf/14.2.0/../../../../mips64-elf/lib\libdragon.a(dragonfs.o)
 .text.__ioctl  0x800121c0       0x60 C:/LibDragon/bin/../lib/gcc/mips64-elf/14.2.0/../../../../mips64-elf/lib\libdragon.a(dragonfs.o)
 .text.recurse_path
                0x80012220      0x3e0 C:/LibDragon/bin/../lib/gcc/mips64-elf/14.2.0/../../../../mips64-elf/lib\libdragon.a(dragonfs.o)
 .text.__findnext
                0x80012600      0x100 C:/LibDragon/bin/../lib/gcc/mips64-elf/14.2.0/../../../../mips64-elf/lib\libdragon.a(dragonfs.o)
 .text.__dfs_findfirst
                0x80012700       0xe0 C:/LibDragon/bin/../lib/gcc/mips64-elf/14.2.0/../../../../mips64-elf/lib\libdragon.a(dragonfs.o)
 .text.__findfirst
                0x800127e0       0x60 C:/LibDragon/bin/../lib/gcc/mips64-elf/14.2.0/../../../../mips64-elf/lib\libdragon.a(dragonfs.o)
 .text.__lseek  0x80012840       0xa0 C:/LibDragon/bin/../lib/gcc/mips64-elf/14.2.0/../../../../mips64-elf/lib\libdragon.a(dragonfs.o)
 .text.dfs_open
                0x800128e0      0x1a0 C:/LibDragon/bin/../lib/gcc/mips64-elf/14.2.0/../../../../mips64-elf/lib\libdragon.a(dragonfs.o)
                0x800128e0                dfs_open
 .text.__open   0x80012a80       0xc0 C:/LibDragon/bin/../lib/gcc/mips64-elf/14.2.0/../../../../mips64-elf/lib\libdragon.a(dragonfs.o)
 .text.dfs_read
                0x80012b40      0x1a0 C:/LibDragon/bin/../lib/gcc/mips64-elf/14.2.0/../../../../mips64-elf/lib\libdragon.a(dragonfs.o)
                0x80012b40                dfs_read
 .text.__read   0x80012ce0       0x20 C:/LibDragon/bin/../lib/gcc/mips64-elf/14.2.0/../../../../mips64-elf/lib\libdragon.a(dragonfs.o)
 .text.dfs_init
                0x80012d00      0x220 C:/LibDragon/bin/../lib/gcc/mips64-elf/14.2.0/../../../../mips64-elf/lib\libdragon.a(dragonfs.o)
                0x80012d00                dfs_init
 .text.__display_callback
                0x80012f20      0x2e0 C:/LibDragon/bin/../lib/gcc/mips64-elf/14.2.0/../../../../mips64-elf/lib\libdragon.a(display.o)
 .text.display_init
                0x80013200      0x700 C:/LibDragon/bin/../lib/gcc/mips64-elf/14.2.0/../../../../mips64-elf/lib\libdragon.a(display.o)
                0x80013200                display_init
 .text.display_close
                0x80013900      0x120 C:/LibDragon/bin/../lib/gcc/mips64-elf/14.2.0/../../../../mips64-elf/lib\libdragon.a(display.o)
                0x80013900                display_close
 .text.display_try_get
                0x80013a20       0xc0 C:/LibDragon/bin/../lib/gcc/mips64-elf/14.2.0/../../../../mips64-elf/lib\libdragon.a(display.o)
                0x80013a20                display_try_get
 .text.display_get
                0x80013ae0      0x140 C:/LibDragon/bin/../lib/gcc/mips64-elf/14.2.0/../../../../mips64-elf/lib\libdragon.a(display.o)
                0x80013ae0                display_get
 .text.display_show
                0x80013c20      0x160 C:/LibDragon/bin/../lib/gcc/mips64-elf/14.2.0/../../../../mips64-elf/lib\libdragon.a(display.o)
                0x80013c20                display_show
 .text.display_get_width
                0x80013d80       0x20 C:/LibDragon/bin/../lib/gcc/mips64-elf/14.2.0/../../../../mips64-elf/lib\libdragon.a(display.o)
                0x80013d80                display_get_width
 .text.display_get_height
                0x80013da0       0x20 C:/LibDragon/bin/../lib/gcc/mips64-elf/14.2.0/../../../../mips64-elf/lib\libdragon.a(display.o)
                0x80013da0                display_get_height
 .text.display_get_bitdepth
                0x80013dc0       0x20 C:/LibDragon/bin/../lib/gcc/mips64-elf/14.2.0/../../../../mips64-elf/lib\libdragon.a(display.o)
                0x80013dc0                display_get_bitdepth
 .text.tex_format_name
                0x80013de0       0x40 C:/LibDragon/bin/../lib/gcc/mips64-elf/14.2.0/../../../../mips64-elf/lib\libdragon.a(surface.o)
                0x80013de0                tex_format_name
 .text.surface_alloc
                0x80013e20       0xe0 C:/LibDragon/bin/../lib/gcc/mips64-elf/14.2.0/../../../../mips64-elf/lib\libdragon.a(surface.o)
                0x80013e20                surface_alloc
 .text.surface_free
                0x80013f00       0x80 C:/LibDragon/bin/../lib/gcc/mips64-elf/14.2.0/../../../../mips64-elf/lib\libdragon.a(surface.o)
                0x80013f00                surface_free
 .text.rsp_load_code
                0x80013f80      0x100 C:/LibDragon/bin/../lib/gcc/mips64-elf/14.2.0/../../../../mips64-elf/lib\libdragon.a(rsp.o)
                0x80013f80                rsp_load_code
 .text.rsp_load_data
                0x80014080       0xe0 C:/LibDragon/bin/../lib/gcc/mips64-elf/14.2.0/../../../../mips64-elf/lib\libdragon.a(rsp.o)
                0x80014080                rsp_load_data
 .text.rsp_load
                0x80014160       0x60 C:/LibDragon/bin/../lib/gcc/mips64-elf/14.2.0/../../../../mips64-elf/lib\libdragon.a(rsp.o)
                0x80014160                rsp_load
 .text.rsp_read_code
                0x800141c0       0xe0 C:/LibDragon/bin/../lib/gcc/mips64-elf/14.2.0/../../../../mips64-elf/lib\libdragon.a(rsp.o)
                0x800141c0                rsp_read_code
 .text.rsp_read_data
                0x800142a0       0xe0 C:/LibDragon/bin/../lib/gcc/mips64-elf/14.2.0/../../../../mips64-elf/lib\libdragon.a(rsp.o)
                0x800142a0                rsp_read_data
 .text.__rsp_run_async
                0x80014380       0x40 C:/LibDragon/bin/../lib/gcc/mips64-elf/14.2.0/../../../../mips64-elf/lib\libdragon.a(rsp.o)
                0x80014380                __rsp_run_async
 .text.__rsp_crash
                0x800143c0      0xc40 C:/LibDragon/bin/../lib/gcc/mips64-elf/14.2.0/../../../../mips64-elf/lib\libdragon.a(rsp.o)
                0x800143c0                __rsp_crash
 .text.__rsp_check_assert
                0x80015000       0x80 C:/LibDragon/bin/../lib/gcc/mips64-elf/14.2.0/../../../../mips64-elf/lib\libdragon.a(rsp.o)
                0x80015000                __rsp_check_assert
 .text.rsp_wait
                0x80015080      0x100 C:/LibDragon/bin/../lib/gcc/mips64-elf/14.2.0/../../../../mips64-elf/lib\libdragon.a(rsp.o)
                0x80015080                rsp_wait
 .text.rsp_run  0x80015180       0x60 C:/LibDragon/bin/../lib/gcc/mips64-elf/14.2.0/../../../../mips64-elf/lib\libdragon.a(rsp.o)
                0x80015180                rsp_run
 .text.cb.2     0x800151e0       0x60 C:/LibDragon/bin/../lib/gcc/mips64-elf/14.2.0/../../../../mips64-elf/lib\libdragon.a(inspector.o)
 .text.cb.1     0x80015240       0x60 C:/LibDragon/bin/../lib/gcc/mips64-elf/14.2.0/../../../../mips64-elf/lib\libdragon.a(inspector.o)
 .text.inspector_print_backtrace
                0x800152a0      0x180 C:/LibDragon/bin/../lib/gcc/mips64-elf/14.2.0/../../../../mips64-elf/lib\libdragon.a(inspector.o)
 .text.cb.0     0x80015420      0x120 C:/LibDragon/bin/../lib/gcc/mips64-elf/14.2.0/../../../../mips64-elf/lib\libdragon.a(inspector.o)
 .text.cb.3     0x80015540      0x120 C:/LibDragon/bin/../lib/gcc/mips64-elf/14.2.0/../../../../mips64-elf/lib\libdragon.a(inspector.o)
 .text.inspector_stdout
                0x80015660      0x300 C:/LibDragon/bin/../lib/gcc/mips64-elf/14.2.0/../../../../mips64-elf/lib\libdragon.a(inspector.o)
 .text.title    0x80015960       0xa0 C:/LibDragon/bin/../lib/gcc/mips64-elf/14.2.0/../../../../mips64-elf/lib\libdragon.a(inspector.o)
 .text.mips_disasm
                0x80015a00      0x6e0 C:/LibDragon/bin/../lib/gcc/mips64-elf/14.2.0/../../../../mips64-elf/lib\libdragon.a(inspector.o)
 .text.inspector
                0x800160e0     0x10a0 C:/LibDragon/bin/../lib/gcc/mips64-elf/14.2.0/../../../../mips64-elf/lib\libdragon.a(inspector.o)
 .text.handler.4
                0x80017180       0x40 C:/LibDragon/bin/../lib/gcc/mips64-elf/14.2.0/../../../../mips64-elf/lib\libdragon.a(inspector.o)
 .text.__inspector_exception
                0x800171c0       0x20 C:/LibDragon/bin/../lib/gcc/mips64-elf/14.2.0/../../../../mips64-elf/lib\libdragon.a(inspector.o)
                0x800171c0                __inspector_exception
 .text.__inspector_assertion
                0x800171e0       0x20 C:/LibDragon/bin/../lib/gcc/mips64-elf/14.2.0/../../../../mips64-elf/lib\libdragon.a(inspector.o)
                0x800171e0                __inspector_assertion
 .text.startup.__inspector_init
                0x80017200       0x20 C:/LibDragon/bin/../lib/gcc/mips64-elf/14.2.0/../../../../mips64-elf/lib\libdragon.a(inspector.o)
                0x80017200                __inspector_init
 .text.__sprite_upgrade.part.0
                0x80017220       0x40 C:/LibDragon/bin/../lib/gcc/mips64-elf/14.2.0/../../../../mips64-elf/lib\libdragon.a(sprite.o)
 .text.sprite_load_buf.part.0
                0x80017260       0x40 C:/LibDragon/bin/../lib/gcc/mips64-elf/14.2.0/../../../../mips64-elf/lib\libdragon.a(sprite.o)
 .text.__sprite_ext
                0x800172a0       0xa0 C:/LibDragon/bin/../lib/gcc/mips64-elf/14.2.0/../../../../mips64-elf/lib\libdragon.a(sprite.o)
                0x800172a0                __sprite_ext
 .text.sprite_load
                0x80017340       0xe0 C:/LibDragon/bin/../lib/gcc/mips64-elf/14.2.0/../../../../mips64-elf/lib\libdragon.a(sprite.o)
                0x80017340                sprite_load
 .text.sprite_get_pixels
                0x80017420       0x60 C:/LibDragon/bin/../lib/gcc/mips64-elf/14.2.0/../../../../mips64-elf/lib\libdragon.a(sprite.o)
                0x80017420                sprite_get_pixels
 .text.sprite_get_palette
                0x80017480       0x60 C:/LibDragon/bin/../lib/gcc/mips64-elf/14.2.0/../../../../mips64-elf/lib\libdragon.a(sprite.o)
                0x80017480                sprite_get_palette
 .text.sprite_is_shq
                0x800174e0       0x40 C:/LibDragon/bin/../lib/gcc/mips64-elf/14.2.0/../../../../mips64-elf/lib\libdragon.a(sprite.o)
                0x800174e0                sprite_is_shq
 .text.dma_read_async
                0x80017520      0x4e0 C:/LibDragon/bin/../lib/gcc/mips64-elf/14.2.0/../../../../mips64-elf/lib\libdragon.a(dma.o)
                0x80017520                dma_read_async
 .text.dma_read
                0x80017a00       0x40 C:/LibDragon/bin/../lib/gcc/mips64-elf/14.2.0/../../../../mips64-elf/lib\libdragon.a(dma.o)
                0x80017a00                dma_read
 .text.io_read  0x80017a40       0x60 C:/LibDragon/bin/../lib/gcc/mips64-elf/14.2.0/../../../../mips64-elf/lib\libdragon.a(dma.o)
                0x80017a40                io_read
 .text.io_write
                0x80017aa0       0x60 C:/LibDragon/bin/../lib/gcc/mips64-elf/14.2.0/../../../../mips64-elf/lib\libdragon.a(dma.o)
                0x80017aa0                io_write
 .text.cb.0     0x80017b00       0x40 C:/LibDragon/bin/../lib/gcc/mips64-elf/14.2.0/../../../../mips64-elf/lib\libdragon.a(exception.o)
 .text.cb.1     0x80017b40       0x80 C:/LibDragon/bin/../lib/gcc/mips64-elf/14.2.0/../../../../mips64-elf/lib\libdragon.a(exception.o)
 .text.is_unmapped_kx64
                0x80017bc0      0x1e0 C:/LibDragon/bin/../lib/gcc/mips64-elf/14.2.0/../../../../mips64-elf/lib\libdragon.a(exception.o)
 .text.__get_exception_name.isra.0
                0x80017da0      0x5c0 C:/LibDragon/bin/../lib/gcc/mips64-elf/14.2.0/../../../../mips64-elf/lib\libdragon.a(exception.o)
 .text.__exception_dump_header
                0x80018360      0x340 C:/LibDragon/bin/../lib/gcc/mips64-elf/14.2.0/../../../../mips64-elf/lib\libdragon.a(exception.o)
                0x80018360                __exception_dump_header
 .text.__exception_dump_gpr
                0x800186a0      0x180 C:/LibDragon/bin/../lib/gcc/mips64-elf/14.2.0/../../../../mips64-elf/lib\libdragon.a(exception.o)
                0x800186a0                __exception_dump_gpr
 .text.__exception_dump_fpr
                0x80018820      0x2e0 C:/LibDragon/bin/../lib/gcc/mips64-elf/14.2.0/../../../../mips64-elf/lib\libdragon.a(exception.o)
                0x80018820                __exception_dump_fpr
 .text.exception_default_handler
                0x80018b00      0x1a0 C:/LibDragon/bin/../lib/gcc/mips64-elf/14.2.0/../../../../mips64-elf/lib\libdragon.a(exception.o)
                0x80018b00                exception_default_handler
 .text.__onCriticalException
                0x80018ca0       0x80 C:/LibDragon/bin/../lib/gcc/mips64-elf/14.2.0/../../../../mips64-elf/lib\libdragon.a(exception.o)
                0x80018ca0                __onCriticalException
 .text.register_syscall_handler
                0x80018d20      0x1a0 C:/LibDragon/bin/../lib/gcc/mips64-elf/14.2.0/../../../../mips64-elf/lib\libdragon.a(exception.o)
                0x80018d20                register_syscall_handler
 .text.__onSyscallException
                0x80018ec0      0x1a0 C:/LibDragon/bin/../lib/gcc/mips64-elf/14.2.0/../../../../mips64-elf/lib\libdragon.a(exception.o)
                0x80018ec0                __onSyscallException
 .text.__wrap___do_global_ctors
                0x80019060       0xe0 C:/LibDragon/bin/../lib/gcc/mips64-elf/14.2.0/../../../../mips64-elf/lib\libdragon.a(do_ctors.o)
                0x80019060                __wrap___do_global_ctors
 .text.kthread_free
                0x80019140       0x60 C:/LibDragon/bin/../lib/gcc/mips64-elf/14.2.0/../../../../mips64-elf/lib\libdragon.a(kernel.o)
 .text.__thlist_add.part.0
                0x800191a0       0x40 C:/LibDragon/bin/../lib/gcc/mips64-elf/14.2.0/../../../../mips64-elf/lib\libdragon.a(kernel.o)
 .text.startup.__kernel_tls_init
                0x800191e0       0x40 C:/LibDragon/bin/../lib/gcc/mips64-elf/14.2.0/../../../../mips64-elf/lib\libdragon.a(kernel.o)
                0x800191e0                __kernel_tls_init
 .text.__kthread_check_overflow
                0x80019220       0xe0 C:/LibDragon/bin/../lib/gcc/mips64-elf/14.2.0/../../../../mips64-elf/lib\libdragon.a(kernel.o)
                0x80019220                __kthread_check_overflow
 .text.__thlist_splice_pri
                0x80019300      0x100 C:/LibDragon/bin/../lib/gcc/mips64-elf/14.2.0/../../../../mips64-elf/lib\libdragon.a(kernel.o)
                0x80019300                __thlist_splice_pri
 .text.kmutex_unlock_internal
                0x80019400       0xc0 C:/LibDragon/bin/../lib/gcc/mips64-elf/14.2.0/../../../../mips64-elf/lib\libdragon.a(kernel.o)
 .text.__kthread_syscall_schedule
                0x800194c0      0x320 C:/LibDragon/bin/../lib/gcc/mips64-elf/14.2.0/../../../../mips64-elf/lib\libdragon.a(kernel.o)
                0x800194c0                __kthread_syscall_schedule
 .text.kthread_current
                0x800197e0       0x20 C:/LibDragon/bin/../lib/gcc/mips64-elf/14.2.0/../../../../mips64-elf/lib\libdragon.a(kernel.o)
                0x800197e0                kthread_current
 .text.kthread_yield
                0x80019800      0x100 C:/LibDragon/bin/../lib/gcc/mips64-elf/14.2.0/../../../../mips64-elf/lib\libdragon.a(kernel.o)
                0x80019800                kthread_yield
 .text.kthread_suspend
                0x80019900       0x40 C:/LibDragon/bin/../lib/gcc/mips64-elf/14.2.0/../../../../mips64-elf/lib\libdragon.a(kernel.o)
                0x80019900                kthread_suspend
 .text.kthread_backtrace
                0x80019940       0x80 C:/LibDragon/bin/../lib/gcc/mips64-elf/14.2.0/../../../../mips64-elf/lib\libdragon.a(kernel.o)
                0x80019940                kthread_backtrace
 .text.kmutex_init
                0x800199c0       0x60 C:/LibDragon/bin/../lib/gcc/mips64-elf/14.2.0/../../../../mips64-elf/lib\libdragon.a(kernel.o)
                0x800199c0                kmutex_init
 .text.kmutex_destroy
                0x80019a20       0xc0 C:/LibDragon/bin/../lib/gcc/mips64-elf/14.2.0/../../../../mips64-elf/lib\libdragon.a(kernel.o)
                0x80019a20                kmutex_destroy
 .text.kmutex_lock
                0x80019ae0      0x200 C:/LibDragon/bin/../lib/gcc/mips64-elf/14.2.0/../../../../mips64-elf/lib\libdragon.a(kernel.o)
                0x80019ae0                kmutex_lock
 .text.kmutex_unlock
                0x80019ce0      0x100 C:/LibDragon/bin/../lib/gcc/mips64-elf/14.2.0/../../../../mips64-elf/lib\libdragon.a(kernel.o)
                0x80019ce0                kmutex_unlock
 .text.__kcond_broadcast_isr
                0x80019de0       0x40 C:/LibDragon/bin/../lib/gcc/mips64-elf/14.2.0/../../../../mips64-elf/lib\libdragon.a(kernel.o)
                0x80019de0                __kcond_broadcast_isr
 .text.kcond_wait
                0x80019e20      0x180 C:/LibDragon/bin/../lib/gcc/mips64-elf/14.2.0/../../../../mips64-elf/lib\libdragon.a(kernel.o)
                0x80019e20                kcond_wait
 .text.kirq_begin_wait_si
                0x80019fa0       0x20 C:/LibDragon/bin/../lib/gcc/mips64-elf/14.2.0/../../../../mips64-elf/lib\libdragon.a(kirq.o)
                0x80019fa0                kirq_begin_wait_si
 .text.kirq_begin_wait_vi
                0x80019fc0       0x20 C:/LibDragon/bin/../lib/gcc/mips64-elf/14.2.0/../../../../mips64-elf/lib\libdragon.a(kirq.o)
                0x80019fc0                kirq_begin_wait_vi
 .text.kirq_wait
                0x80019fe0       0x80 C:/LibDragon/bin/../lib/gcc/mips64-elf/14.2.0/../../../../mips64-elf/lib\libdragon.a(kirq.o)
                0x80019fe0                kirq_wait
 .text.joypad_inputs_from_n64_controller_read
                0x8001a060       0xc0 C:/LibDragon/bin/../lib/gcc/mips64-elf/14.2.0/../../../../mips64-elf/lib\libdragon.a(joypad.o)
 .text.joypad_gcn_origin_callback
                0x8001a120       0xe0 C:/LibDragon/bin/../lib/gcc/mips64-elf/14.2.0/../../../../mips64-elf/lib\libdragon.a(joypad.o)
 .text.joybus_input_read_n64_controllers
                0x8001a200       0xe0 C:/LibDragon/bin/../lib/gcc/mips64-elf/14.2.0/../../../../mips64-elf/lib\libdragon.a(joypad.o)
 .text.joypad_read_callback
                0x8001a2e0       0x60 C:/LibDragon/bin/../lib/gcc/mips64-elf/14.2.0/../../../../mips64-elf/lib\libdragon.a(joypad.o)
 .text.joypad_device_changed
                0x8001a340       0x80 C:/LibDragon/bin/../lib/gcc/mips64-elf/14.2.0/../../../../mips64-elf/lib\libdragon.a(joypad.o)
 .text.joypad_identify_callback
                0x8001a3c0      0x2a0 C:/LibDragon/bin/../lib/gcc/mips64-elf/14.2.0/../../../../mips64-elf/lib\libdragon.a(joypad.o)
 .text.joypad_read_async.part.0
                0x8001a660      0x220 C:/LibDragon/bin/../lib/gcc/mips64-elf/14.2.0/../../../../mips64-elf/lib\libdragon.a(joypad.o)
 .text.joypad_identify_async.part.0
                0x8001a880      0x140 C:/LibDragon/bin/../lib/gcc/mips64-elf/14.2.0/../../../../mips64-elf/lib\libdragon.a(joypad.o)
 .text.joypad_poll.part.0
                0x8001a9c0      0x520 C:/LibDragon/bin/../lib/gcc/mips64-elf/14.2.0/../../../../mips64-elf/lib\libdragon.a(joypad.o)
 .text.joypad_vi_interrupt_callback
                0x8001aee0       0xa0 C:/LibDragon/bin/../lib/gcc/mips64-elf/14.2.0/../../../../mips64-elf/lib\libdragon.a(joypad.o)
 .text.joypad_reset_interrupt_callback
                0x8001af80      0x2c0 C:/LibDragon/bin/../lib/gcc/mips64-elf/14.2.0/../../../../mips64-elf/lib\libdragon.a(joypad.o)
 .text.joypad_read_n64_inputs
                0x8001b240      0x1e0 C:/LibDragon/bin/../lib/gcc/mips64-elf/14.2.0/../../../../mips64-elf/lib\libdragon.a(joypad.o)
                0x8001b240                joypad_read_n64_inputs
 .text.joypad_init
                0x8001b420      0x1e0 C:/LibDragon/bin/../lib/gcc/mips64-elf/14.2.0/../../../../mips64-elf/lib\libdragon.a(joypad.o)
                0x8001b420                joypad_init
 .text.joypad_poll
                0x8001b600       0x60 C:/LibDragon/bin/../lib/gcc/mips64-elf/14.2.0/../../../../mips64-elf/lib\libdragon.a(joypad.o)
                0x8001b600                joypad_poll
 .text.joypad_get_buttons_pressed
                0x8001b660       0xa0 C:/LibDragon/bin/../lib/gcc/mips64-elf/14.2.0/../../../../mips64-elf/lib\libdragon.a(joypad.o)
                0x8001b660                joypad_get_buttons_pressed
 .text.rspq_switch_context
                0x8001b700       0x60 C:/LibDragon/bin/../lib/gcc/mips64-elf/14.2.0/../../../../mips64-elf/lib\libdragon.a(rspq.o)
 .text.rspq_flush_internal
                0x8001b760       0x40 C:/LibDragon/bin/../lib/gcc/mips64-elf/14.2.0/../../../../mips64-elf/lib\libdragon.a(rspq.o)
 .text.rspq_sp_interrupt
                0x8001b7a0       0xa0 C:/LibDragon/bin/../lib/gcc/mips64-elf/14.2.0/../../../../mips64-elf/lib\libdragon.a(rspq.o)
 .text.rspq_init_context
                0x8001b840       0xa0 C:/LibDragon/bin/../lib/gcc/mips64-elf/14.2.0/../../../../mips64-elf/lib\libdragon.a(rspq.o)
 .text.rspq_switch_buffer.part.0
                0x8001b8e0       0x40 C:/LibDragon/bin/../lib/gcc/mips64-elf/14.2.0/../../../../mips64-elf/lib\libdragon.a(rspq.o)
 .text.rspq_crash_handler
                0x8001b920      0x320 C:/LibDragon/bin/../lib/gcc/mips64-elf/14.2.0/../../../../mips64-elf/lib\libdragon.a(rspq.o)
 .text.rspq_assert_handler
                0x8001bc40      0x100 C:/LibDragon/bin/../lib/gcc/mips64-elf/14.2.0/../../../../mips64-elf/lib\libdragon.a(rspq.o)
 .text.rspq_init
                0x8001bd40      0x3c0 C:/LibDragon/bin/../lib/gcc/mips64-elf/14.2.0/../../../../mips64-elf/lib\libdragon.a(rspq.o)
                0x8001bd40                rspq_init
 .text.rspq_flush
                0x8001c100       0x40 C:/LibDragon/bin/../lib/gcc/mips64-elf/14.2.0/../../../../mips64-elf/lib\libdragon.a(rspq.o)
                0x8001c100                rspq_flush
 .text.rspq_highpri_begin
                0x8001c140      0x120 C:/LibDragon/bin/../lib/gcc/mips64-elf/14.2.0/../../../../mips64-elf/lib\libdragon.a(rspq.o)
                0x8001c140                rspq_highpri_begin
 .text.rspq_highpri_end
                0x8001c260       0xa0 C:/LibDragon/bin/../lib/gcc/mips64-elf/14.2.0/../../../../mips64-elf/lib\libdragon.a(rspq.o)
                0x8001c260                rspq_highpri_end
 .text.rspq_block_begin
                0x8001c300      0x100 C:/LibDragon/bin/../lib/gcc/mips64-elf/14.2.0/../../../../mips64-elf/lib\libdragon.a(rspq.o)
                0x8001c300                rspq_block_begin
 .text.rspq_block_end
                0x8001c400       0xa0 C:/LibDragon/bin/../lib/gcc/mips64-elf/14.2.0/../../../../mips64-elf/lib\libdragon.a(rspq.o)
                0x8001c400                rspq_block_end
 .text.__rspq_deferred_poll
                0x8001c4a0       0xe0 C:/LibDragon/bin/../lib/gcc/mips64-elf/14.2.0/../../../../mips64-elf/lib\libdragon.a(rspq.o)
                0x8001c4a0                __rspq_deferred_poll
 .text.rspq_next_buffer
                0x8001c580      0x2e0 C:/LibDragon/bin/../lib/gcc/mips64-elf/14.2.0/../../../../mips64-elf/lib\libdragon.a(rspq.o)
                0x8001c580                rspq_next_buffer
 .text.rspq_block_run
                0x8001c860      0x100 C:/LibDragon/bin/../lib/gcc/mips64-elf/14.2.0/../../../../mips64-elf/lib\libdragon.a(rspq.o)
                0x8001c860                rspq_block_run
 .text.rspq_syncpoint_new
                0x8001c960       0xe0 C:/LibDragon/bin/../lib/gcc/mips64-elf/14.2.0/../../../../mips64-elf/lib\libdragon.a(rspq.o)
                0x8001c960                rspq_syncpoint_new
 .text.rspq_overlay_register_internal
                0x8001ca40      0x540 C:/LibDragon/bin/../lib/gcc/mips64-elf/14.2.0/../../../../mips64-elf/lib\libdragon.a(rspq.o)
 .text.rspq_overlay_register_static
                0x8001cf80       0x60 C:/LibDragon/bin/../lib/gcc/mips64-elf/14.2.0/../../../../mips64-elf/lib\libdragon.a(rspq.o)
                0x8001cf80                rspq_overlay_register_static
 .text.rspq_syncpoint_wait
                0x8001cfe0      0x160 C:/LibDragon/bin/../lib/gcc/mips64-elf/14.2.0/../../../../mips64-elf/lib\libdragon.a(rspq.o)
                0x8001cfe0                rspq_syncpoint_wait
 .text.rspq_wait
                0x8001d140      0x240 C:/LibDragon/bin/../lib/gcc/mips64-elf/14.2.0/../../../../mips64-elf/lib\libdragon.a(rspq.o)
                0x8001d140                rspq_wait
 .text.rspq_overlay_get_state
                0x8001d380      0x160 C:/LibDragon/bin/../lib/gcc/mips64-elf/14.2.0/../../../../mips64-elf/lib\libdragon.a(rspq.o)
                0x8001d380                rspq_overlay_get_state
 .text.__rdpq_interrupt
                0x8001d4e0       0xc0 C:/LibDragon/bin/../lib/gcc/mips64-elf/14.2.0/../../../../mips64-elf/lib\libdragon.a(rdpq.o)
 .text.rdpq_assert_handler
                0x8001d5a0       0xc0 C:/LibDragon/bin/../lib/gcc/mips64-elf/14.2.0/../../../../mips64-elf/lib\libdragon.a(rdpq.o)
 .text.rdpq_set_tile
                0x8001d660      0x2a0 C:/LibDragon/bin/../lib/gcc/mips64-elf/14.2.0/../../../../mips64-elf/lib\libdragon.a(rdpq.o)
                0x8001d660                rdpq_set_tile
 .text.__rdpq_block_begin
                0x8001d900       0x40 C:/LibDragon/bin/../lib/gcc/mips64-elf/14.2.0/../../../../mips64-elf/lib\libdragon.a(rdpq.o)
                0x8001d900                __rdpq_block_begin
 .text.__rdpq_block_next_buffer
                0x8001d940      0x1e0 C:/LibDragon/bin/../lib/gcc/mips64-elf/14.2.0/../../../../mips64-elf/lib\libdragon.a(rdpq.o)
                0x8001d940                __rdpq_block_next_buffer
 .text.rdpq_fence
                0x8001db20      0x140 C:/LibDragon/bin/../lib/gcc/mips64-elf/14.2.0/../../../../mips64-elf/lib\libdragon.a(rdpq.o)
                0x8001db20                rdpq_fence
 .text.__rdpq_block_end
                0x8001dc60       0x40 C:/LibDragon/bin/../lib/gcc/mips64-elf/14.2.0/../../../../mips64-elf/lib\libdragon.a(rdpq.o)
                0x8001dc60                __rdpq_block_end
 .text.__rdpq_block_run
                0x8001dca0       0xa0 C:/LibDragon/bin/../lib/gcc/mips64-elf/14.2.0/../../../../mips64-elf/lib\libdragon.a(rdpq.o)
                0x8001dca0                __rdpq_block_run
 .text.__rdpq_block_reserve
                0x8001dd40      0x120 C:/LibDragon/bin/../lib/gcc/mips64-elf/14.2.0/../../../../mips64-elf/lib\libdragon.a(rdpq.o)
                0x8001dd40                __rdpq_block_reserve
 .text.__rdpq_block_update
                0x8001de60      0x120 C:/LibDragon/bin/../lib/gcc/mips64-elf/14.2.0/../../../../mips64-elf/lib\libdragon.a(rdpq.o)
                0x8001de60                __rdpq_block_update
 .text.__rdpq_write8
                0x8001df80       0xe0 C:/LibDragon/bin/../lib/gcc/mips64-elf/14.2.0/../../../../mips64-elf/lib\libdragon.a(rdpq.o)
                0x8001df80                __rdpq_write8
 .text.__rdpq_autosync_change
                0x8001e060      0x140 C:/LibDragon/bin/../lib/gcc/mips64-elf/14.2.0/../../../../mips64-elf/lib\libdragon.a(rdpq.o)
                0x8001e060                __rdpq_autosync_change
 .text.__rdpq_write8_syncchange
                0x8001e1a0       0x60 C:/LibDragon/bin/../lib/gcc/mips64-elf/14.2.0/../../../../mips64-elf/lib\libdragon.a(rdpq.o)
                0x8001e1a0                __rdpq_write8_syncchange
 .text.__rdpq_fixup_write8_syncchange
                0x8001e200      0x140 C:/LibDragon/bin/../lib/gcc/mips64-elf/14.2.0/../../../../mips64-elf/lib\libdragon.a(rdpq.o)
                0x8001e200                __rdpq_fixup_write8_syncchange
 .text.__rdpq_write8_syncchangeuse
                0x8001e340       0x80 C:/LibDragon/bin/../lib/gcc/mips64-elf/14.2.0/../../../../mips64-elf/lib\libdragon.a(rdpq.o)
                0x8001e340                __rdpq_write8_syncchangeuse
 .text.__rdpq_set_scissor
                0x8001e3c0      0x100 C:/LibDragon/bin/../lib/gcc/mips64-elf/14.2.0/../../../../mips64-elf/lib\libdragon.a(rdpq.o)
                0x8001e3c0                __rdpq_set_scissor
 .text.__rdpq_set_fill_color
                0x8001e4c0      0x100 C:/LibDragon/bin/../lib/gcc/mips64-elf/14.2.0/../../../../mips64-elf/lib\libdragon.a(rdpq.o)
                0x8001e4c0                __rdpq_set_fill_color
 .text.__rdpq_set_color_image
                0x8001e5c0      0x140 C:/LibDragon/bin/../lib/gcc/mips64-elf/14.2.0/../../../../mips64-elf/lib\libdragon.a(rdpq.o)
                0x8001e5c0                __rdpq_set_color_image
 .text.rdpq_set_color_image
                0x8001e700      0x200 C:/LibDragon/bin/../lib/gcc/mips64-elf/14.2.0/../../../../mips64-elf/lib\libdragon.a(rdpq.o)
                0x8001e700                rdpq_set_color_image
 .text.rdpq_set_z_image
                0x8001e900       0xc0 C:/LibDragon/bin/../lib/gcc/mips64-elf/14.2.0/../../../../mips64-elf/lib\libdragon.a(rdpq.o)
                0x8001e900                rdpq_set_z_image
 .text.rdpq_set_texture_image
                0x8001e9c0      0x160 C:/LibDragon/bin/../lib/gcc/mips64-elf/14.2.0/../../../../mips64-elf/lib\libdragon.a(rdpq.o)
                0x8001e9c0                rdpq_set_texture_image
 .text.__rdpq_set_other_modes
                0x8001eb20      0x140 C:/LibDragon/bin/../lib/gcc/mips64-elf/14.2.0/../../../../mips64-elf/lib\libdragon.a(rdpq.o)
                0x8001eb20                __rdpq_set_other_modes
 .text.rdpq_init
                0x8001ec60      0x1c0 C:/LibDragon/bin/../lib/gcc/mips64-elf/14.2.0/../../../../mips64-elf/lib\libdragon.a(rdpq.o)
                0x8001ec60                rdpq_init
 .text.rdpq_sync_full
                0x8001ee20      0x120 C:/LibDragon/bin/../lib/gcc/mips64-elf/14.2.0/../../../../mips64-elf/lib\libdragon.a(rdpq.o)
                0x8001ee20                rdpq_sync_full
 .text.__rdpq_fill_rectangle
                0x8001ef40      0x120 C:/LibDragon/bin/../lib/gcc/mips64-elf/14.2.0/../../../../mips64-elf/lib\libdragon.a(rdpq_rect.o)
                0x8001ef40                __rdpq_fill_rectangle
 .text.__rdpq_fill_rectangle_offline
                0x8001f060       0x80 C:/LibDragon/bin/../lib/gcc/mips64-elf/14.2.0/../../../../mips64-elf/lib\libdragon.a(rdpq_rect.o)
                0x8001f060                __rdpq_fill_rectangle_offline
 .text.__rdpq_texture_rectangle
                0x8001f0e0      0x1a0 C:/LibDragon/bin/../lib/gcc/mips64-elf/14.2.0/../../../../mips64-elf/lib\libdragon.a(rdpq_rect.o)
                0x8001f0e0                __rdpq_texture_rectangle
 .text.__rdpq_texture_rectangle_offline
                0x8001f280      0x240 C:/LibDragon/bin/../lib/gcc/mips64-elf/14.2.0/../../../../mips64-elf/lib\libdragon.a(rdpq_rect.o)
                0x8001f280                __rdpq_texture_rectangle_offline
 .text.__rdpq_texture_rectangle_scaled_offline
                0x8001f4c0      0x280 C:/LibDragon/bin/../lib/gcc/mips64-elf/14.2.0/../../../../mips64-elf/lib\libdragon.a(rdpq_rect.o)
                0x8001f4c0                __rdpq_texture_rectangle_scaled_offline
 .text.__rdpq_fixup_mode
                0x8001f740       0xc0 C:/LibDragon/bin/../lib/gcc/mips64-elf/14.2.0/../../../../mips64-elf/lib\libdragon.a(rdpq_mode.o)
                0x8001f740                __rdpq_fixup_mode
 .text.__rdpq_fixup_mode3
                0x8001f800       0xe0 C:/LibDragon/bin/../lib/gcc/mips64-elf/14.2.0/../../../../mips64-elf/lib\libdragon.a(rdpq_mode.o)
                0x8001f800                __rdpq_fixup_mode3
 .text.__rdpq_fixup_mode4
                0x8001f8e0       0xe0 C:/LibDragon/bin/../lib/gcc/mips64-elf/14.2.0/../../../../mips64-elf/lib\libdragon.a(rdpq_mode.o)
                0x8001f8e0                __rdpq_fixup_mode4
 .text.__rdpq_reset_render_mode
                0x8001f9c0      0x100 C:/LibDragon/bin/../lib/gcc/mips64-elf/14.2.0/../../../../mips64-elf/lib\libdragon.a(rdpq_mode.o)
                0x8001f9c0                __rdpq_reset_render_mode
 .text.rdpq_mode_push
                0x8001fac0       0x40 C:/LibDragon/bin/../lib/gcc/mips64-elf/14.2.0/../../../../mips64-elf/lib\libdragon.a(rdpq_mode.o)
                0x8001fac0                rdpq_mode_push
 .text.rdpq_mode_pop
                0x8001fb00       0xc0 C:/LibDragon/bin/../lib/gcc/mips64-elf/14.2.0/../../../../mips64-elf/lib\libdragon.a(rdpq_mode.o)
                0x8001fb00                rdpq_mode_pop
 .text.__rdpq_set_mode_fill
                0x8001fbc0       0x80 C:/LibDragon/bin/../lib/gcc/mips64-elf/14.2.0/../../../../mips64-elf/lib\libdragon.a(rdpq_mode.o)
                0x8001fbc0                __rdpq_set_mode_fill
 .text.rdpq_set_mode_copy
                0x8001fc40       0x80 C:/LibDragon/bin/../lib/gcc/mips64-elf/14.2.0/../../../../mips64-elf/lib\libdragon.a(rdpq_mode.o)
                0x8001fc40                rdpq_set_mode_copy
 .text.rdpq_set_mode_standard
                0x8001fcc0       0xc0 C:/LibDragon/bin/../lib/gcc/mips64-elf/14.2.0/../../../../mips64-elf/lib\libdragon.a(rdpq_mode.o)
                0x8001fcc0                rdpq_set_mode_standard
 .text.sprite_upload_palette
                0x8001fd80       0xe0 C:/LibDragon/bin/../lib/gcc/mips64-elf/14.2.0/../../../../mips64-elf/lib\libdragon.a(rdpq_sprite.o)
 .text.rdpq_sprite_blit
                0x8001fe60       0xc0 C:/LibDragon/bin/../lib/gcc/mips64-elf/14.2.0/../../../../mips64-elf/lib\libdragon.a(rdpq_sprite.o)
                0x8001fe60                rdpq_sprite_blit
 .text.texload_recalc_tileparms
                0x8001ff20      0x400 C:/LibDragon/bin/../lib/gcc/mips64-elf/14.2.0/../../../../mips64-elf/lib\libdragon.a(rdpq_tex.o)
 .text.texload_set_rect
                0x80020320      0x240 C:/LibDragon/bin/../lib/gcc/mips64-elf/14.2.0/../../../../mips64-elf/lib\libdragon.a(rdpq_tex.o)
 .text.tex_xblit_norotate_noscale
                0x80020560      0x1a0 C:/LibDragon/bin/../lib/gcc/mips64-elf/14.2.0/../../../../mips64-elf/lib\libdragon.a(rdpq_tex.o)
 .text.tex_xblit_norotate
                0x80020700      0x1c0 C:/LibDragon/bin/../lib/gcc/mips64-elf/14.2.0/../../../../mips64-elf/lib\libdragon.a(rdpq_tex.o)
 .text.draw_cb.0
                0x800208c0      0x100 C:/LibDragon/bin/../lib/gcc/mips64-elf/14.2.0/../../../../mips64-elf/lib\libdragon.a(rdpq_tex.o)
 .text.draw_cb.1
                0x800209c0      0x160 C:/LibDragon/bin/../lib/gcc/mips64-elf/14.2.0/../../../../mips64-elf/lib\libdragon.a(rdpq_tex.o)
 .text.tex_xblit
                0x80020b20      0x3a0 C:/LibDragon/bin/../lib/gcc/mips64-elf/14.2.0/../../../../mips64-elf/lib\libdragon.a(rdpq_tex.o)
 .text.draw_cb_multi_rot.2
                0x80020ec0      0x320 C:/LibDragon/bin/../lib/gcc/mips64-elf/14.2.0/../../../../mips64-elf/lib\libdragon.a(rdpq_tex.o)
 .text.draw_cb.3
                0x800211e0      0x1c0 C:/LibDragon/bin/../lib/gcc/mips64-elf/14.2.0/../../../../mips64-elf/lib\libdragon.a(rdpq_tex.o)
 .text.rdpq_load_block.part.0
                0x800213a0       0x40 C:/LibDragon/bin/../lib/gcc/mips64-elf/14.2.0/../../../../mips64-elf/lib\libdragon.a(rdpq_tex.o)
 .text.texload_tile
                0x800213e0      0x260 C:/LibDragon/bin/../lib/gcc/mips64-elf/14.2.0/../../../../mips64-elf/lib\libdragon.a(rdpq_tex.o)
 .text.texload_tile_4bpp
                0x80021640      0x380 C:/LibDragon/bin/../lib/gcc/mips64-elf/14.2.0/../../../../mips64-elf/lib\libdragon.a(rdpq_tex.o)
 .text.texload_block_4bpp
                0x800219c0      0x460 C:/LibDragon/bin/../lib/gcc/mips64-elf/14.2.0/../../../../mips64-elf/lib\libdragon.a(rdpq_tex.o)
 .text.texload_block_8bpp
                0x80021e20      0x400 C:/LibDragon/bin/../lib/gcc/mips64-elf/14.2.0/../../../../mips64-elf/lib\libdragon.a(rdpq_tex.o)
 .text.texload_block
                0x80022220      0x400 C:/LibDragon/bin/../lib/gcc/mips64-elf/14.2.0/../../../../mips64-elf/lib\libdragon.a(rdpq_tex.o)
 .text.tex_loader_load
                0x80022620      0x120 C:/LibDragon/bin/../lib/gcc/mips64-elf/14.2.0/../../../../mips64-elf/lib\libdragon.a(rdpq_tex.o)
                0x80022620                tex_loader_load
 .text.ltd_texloader
                0x80022740      0x220 C:/LibDragon/bin/../lib/gcc/mips64-elf/14.2.0/../../../../mips64-elf/lib\libdragon.a(rdpq_tex.o)
 .text.__rdpq_tex_blit
                0x80022960       0xc0 C:/LibDragon/bin/../lib/gcc/mips64-elf/14.2.0/../../../../mips64-elf/lib\libdragon.a(rdpq_tex.o)
                0x80022960                __rdpq_tex_blit
 .text.rdpq_tex_blit
                0x80022a20       0x40 C:/LibDragon/bin/../lib/gcc/mips64-elf/14.2.0/../../../../mips64-elf/lib\libdragon.a(rdpq_tex.o)
                0x80022a20                rdpq_tex_blit
 .text.rdpq_tex_upload_tlut
                0x80022a60      0x140 C:/LibDragon/bin/../lib/gcc/mips64-elf/14.2.0/../../../../mips64-elf/lib\libdragon.a(rdpq_tex.o)
                0x80022a60                rdpq_tex_upload_tlut
 .text.__rdpq_clear_z_with_rsp
                0x80022ba0      0x140 C:/LibDragon/bin/../lib/gcc/mips64-elf/14.2.0/../../../../mips64-elf/lib\libdragon.a(rdpq_attach.o)
 .text.attach   0x80022ce0      0x220 C:/LibDragon/bin/../lib/gcc/mips64-elf/14.2.0/../../../../mips64-elf/lib\libdragon.a(rdpq_attach.o)
 .text.rdpq_attach_clear
                0x80022f00       0x20 C:/LibDragon/bin/../lib/gcc/mips64-elf/14.2.0/../../../../mips64-elf/lib\libdragon.a(rdpq_attach.o)
                0x80022f00                rdpq_attach_clear
 .text.rdpq_detach_cb
                0x80022f20       0xc0 C:/LibDragon/bin/../lib/gcc/mips64-elf/14.2.0/../../../../mips64-elf/lib\libdragon.a(rdpq_attach.o)
                0x80022f20                rdpq_detach_cb
 .text.rdpq_detach_show
                0x80022fe0       0x80 C:/LibDragon/bin/../lib/gcc/mips64-elf/14.2.0/../../../../mips64-elf/lib\libdragon.a(rdpq_attach.o)
                0x80022fe0                rdpq_detach_show
 .text.sinf_approx
                0x80023060      0x120 C:/LibDragon/bin/../lib/gcc/mips64-elf/14.2.0/../../../../mips64-elf/lib\libdragon.a(fmath.o)
 .text.fm_sincosf
                0x80023180       0xc0 C:/LibDragon/bin/../lib/gcc/mips64-elf/14.2.0/../../../../mips64-elf/lib\libdragon.a(fmath.o)
                0x80023180                fm_sincosf
 .text.data_cache_hit_writeback
                0x80023240       0x60 C:/LibDragon/bin/../lib/gcc/mips64-elf/14.2.0/../../../../mips64-elf/lib\libdragon.a(n64sys.o)
                0x80023240                data_cache_hit_writeback
 .text.data_cache_hit_invalidate
                0x800232a0       0x80 C:/LibDragon/bin/../lib/gcc/mips64-elf/14.2.0/../../../../mips64-elf/lib\libdragon.a(n64sys.o)
                0x800232a0                data_cache_hit_invalidate
 .text.data_cache_hit_writeback_invalidate
                0x80023320       0x60 C:/LibDragon/bin/../lib/gcc/mips64-elf/14.2.0/../../../../mips64-elf/lib\libdragon.a(n64sys.o)
                0x80023320                data_cache_hit_writeback_invalidate
 .text.inst_cache_hit_invalidate
                0x80023380       0x60 C:/LibDragon/bin/../lib/gcc/mips64-elf/14.2.0/../../../../mips64-elf/lib\libdragon.a(n64sys.o)
                0x80023380                inst_cache_hit_invalidate
 .text.malloc_uncached
                0x800233e0       0x60 C:/LibDragon/bin/../lib/gcc/mips64-elf/14.2.0/../../../../mips64-elf/lib\libdragon.a(n64sys.o)
                0x800233e0                malloc_uncached
 .text.malloc_uncached_aligned
                0x80023440       0x80 C:/LibDragon/bin/../lib/gcc/mips64-elf/14.2.0/../../../../mips64-elf/lib\libdragon.a(n64sys.o)
                0x80023440                malloc_uncached_aligned
 .text.free_uncached
                0x800234c0       0x20 C:/LibDragon/bin/../lib/gcc/mips64-elf/14.2.0/../../../../mips64-elf/lib\libdragon.a(n64sys.o)
                0x800234c0                free_uncached
 .text.get_ticks
                0x800234e0       0x40 C:/LibDragon/bin/../lib/gcc/mips64-elf/14.2.0/../../../../mips64-elf/lib\libdragon.a(n64sys.o)
                0x800234e0                get_ticks
 .text.wait_ms  0x80023520       0x40 C:/LibDragon/bin/../lib/gcc/mips64-elf/14.2.0/../../../../mips64-elf/lib\libdragon.a(n64sys.o)
                0x80023520                wait_ms
 .text.die      0x80023560       0x60 C:/LibDragon/bin/../lib/gcc/mips64-elf/14.2.0/../../../../mips64-elf/lib\libdragon.a(n64sys.o)
                0x80023560                die
 .text.startup.__init_cop1
                0x800235c0       0x40 C:/LibDragon/bin/../lib/gcc/mips64-elf/14.2.0/../../../../mips64-elf/lib\libdragon.a(n64sys.o)
                0x800235c0                __init_cop1
 .text.__MI_handler
                0x80023600      0x380 C:/LibDragon/bin/../lib/gcc/mips64-elf/14.2.0/../../../../mips64-elf/lib\libdragon.a(interrupt.o)
                0x80023600                __MI_handler
 .text.__MI_BB_handler
                0x80023980      0x300 C:/LibDragon/bin/../lib/gcc/mips64-elf/14.2.0/../../../../mips64-elf/lib\libdragon.a(interrupt.o)
                0x80023980                __MI_BB_handler
 .text.__TI_handler
                0x80023c80       0x80 C:/LibDragon/bin/../lib/gcc/mips64-elf/14.2.0/../../../../mips64-elf/lib\libdragon.a(interrupt.o)
                0x80023c80                __TI_handler
 .text.__CART_handler
                0x80023d00      0x100 C:/LibDragon/bin/../lib/gcc/mips64-elf/14.2.0/../../../../mips64-elf/lib\libdragon.a(interrupt.o)
                0x80023d00                __CART_handler
 .text.__RESET_handler
                0x80023e00       0x60 C:/LibDragon/bin/../lib/gcc/mips64-elf/14.2.0/../../../../mips64-elf/lib\libdragon.a(interrupt.o)
                0x80023e00                __RESET_handler
 .text.register_VI_handler
                0x80023e60       0x60 C:/LibDragon/bin/../lib/gcc/mips64-elf/14.2.0/../../../../mips64-elf/lib\libdragon.a(interrupt.o)
                0x80023e60                register_VI_handler
 .text.register_DP_handler
                0x80023ec0       0x60 C:/LibDragon/bin/../lib/gcc/mips64-elf/14.2.0/../../../../mips64-elf/lib\libdragon.a(interrupt.o)
                0x80023ec0                register_DP_handler
 .text.register_SI_handler
                0x80023f20       0x60 C:/LibDragon/bin/../lib/gcc/mips64-elf/14.2.0/../../../../mips64-elf/lib\libdragon.a(interrupt.o)
                0x80023f20                register_SI_handler
 .text.register_SP_handler
                0x80023f80       0x60 C:/LibDragon/bin/../lib/gcc/mips64-elf/14.2.0/../../../../mips64-elf/lib\libdragon.a(interrupt.o)
                0x80023f80                register_SP_handler
 .text.register_TI_handler
                0x80023fe0       0x60 C:/LibDragon/bin/../lib/gcc/mips64-elf/14.2.0/../../../../mips64-elf/lib\libdragon.a(interrupt.o)
                0x80023fe0                register_TI_handler
 .text.register_RESET_handler
                0x80024040       0x80 C:/LibDragon/bin/../lib/gcc/mips64-elf/14.2.0/../../../../mips64-elf/lib\libdragon.a(interrupt.o)
                0x80024040                register_RESET_handler
 .text.set_VI_interrupt
                0x800240c0       0x40 C:/LibDragon/bin/../lib/gcc/mips64-elf/14.2.0/../../../../mips64-elf/lib\libdragon.a(interrupt.o)
                0x800240c0                set_VI_interrupt
 .text.set_DP_interrupt
                0x80024100       0x20 C:/LibDragon/bin/../lib/gcc/mips64-elf/14.2.0/../../../../mips64-elf/lib\libdragon.a(interrupt.o)
                0x80024100                set_DP_interrupt
 .text.set_SI_interrupt
                0x80024120       0x20 C:/LibDragon/bin/../lib/gcc/mips64-elf/14.2.0/../../../../mips64-elf/lib\libdragon.a(interrupt.o)
                0x80024120                set_SI_interrupt
 .text.set_SP_interrupt
                0x80024140       0x20 C:/LibDragon/bin/../lib/gcc/mips64-elf/14.2.0/../../../../mips64-elf/lib\libdragon.a(interrupt.o)
                0x80024140                set_SP_interrupt
 .text.set_TI_interrupt
                0x80024160       0x40 C:/LibDragon/bin/../lib/gcc/mips64-elf/14.2.0/../../../../mips64-elf/lib\libdragon.a(interrupt.o)
                0x80024160                set_TI_interrupt
 .text.startup.__init_interrupts
                0x800241a0       0x60 C:/LibDragon/bin/../lib/gcc/mips64-elf/14.2.0/../../../../mips64-elf/lib\libdragon.a(interrupt.o)
                0x800241a0                __init_interrupts
 .text.disable_interrupts
                0x80024200       0x40 C:/LibDragon/bin/../lib/gcc/mips64-elf/14.2.0/../../../../mips64-elf/lib\libdragon.a(interrupt.o)
                0x80024200                disable_interrupts
 .text.enable_interrupts
                0x80024240       0x80 C:/LibDragon/bin/../lib/gcc/mips64-elf/14.2.0/../../../../mips64-elf/lib\libdragon.a(interrupt.o)
                0x80024240                enable_interrupts
 .text.get_interrupts_state
                0x800242c0       0x20 C:/LibDragon/bin/../lib/gcc/mips64-elf/14.2.0/../../../../mips64-elf/lib\libdragon.a(interrupt.o)
                0x800242c0                get_interrupts_state
 .text.exception_reset_time
                0x800242e0       0x20 C:/LibDragon/bin/../lib/gcc/mips64-elf/14.2.0/../../../../mips64-elf/lib\libdragon.a(interrupt.o)
                0x800242e0                exception_reset_time
 .text.cb.0     0x80024300       0x40 C:/LibDragon/bin/../lib/gcc/mips64-elf/14.2.0/../../../../mips64-elf/lib\libdragon.a(backtrace.o)
 .text.cb.1     0x80024340       0x40 C:/LibDragon/bin/../lib/gcc/mips64-elf/14.2.0/../../../../mips64-elf/lib\libdragon.a(backtrace.o)
 .text.symt_open
                0x80024380      0x200 C:/LibDragon/bin/../lib/gcc/mips64-elf/14.2.0/../../../../mips64-elf/lib\libdragon.a(backtrace.o)
 .text.symt_addrtab_entry.isra.0
                0x80024580       0x60 C:/LibDragon/bin/../lib/gcc/mips64-elf/14.2.0/../../../../mips64-elf/lib\libdragon.a(backtrace.o)
 .text.format_entry
                0x800245e0      0x2a0 C:/LibDragon/bin/../lib/gcc/mips64-elf/14.2.0/../../../../mips64-elf/lib\libdragon.a(backtrace.o)
 .text.symt_addrtab_search
                0x80024880      0x160 C:/LibDragon/bin/../lib/gcc/mips64-elf/14.2.0/../../../../mips64-elf/lib\libdragon.a(backtrace.o)
 .text.__symbolize
                0x800249e0      0x280 C:/LibDragon/bin/../lib/gcc/mips64-elf/14.2.0/../../../../mips64-elf/lib\libdragon.a(backtrace.o)
                0x800249e0                __symbolize
 .text.__bt_analyze_func
                0x80024c60      0x1c0 C:/LibDragon/bin/../lib/gcc/mips64-elf/14.2.0/../../../../mips64-elf/lib\libdragon.a(backtrace.o)
                0x80024c60                __bt_analyze_func
 .text.backtrace_foreach.constprop.0
                0x80024e20      0x360 C:/LibDragon/bin/../lib/gcc/mips64-elf/14.2.0/../../../../mips64-elf/lib\libdragon.a(backtrace.o)
 .text.backtrace
                0x80025180       0xe0 C:/LibDragon/bin/../lib/gcc/mips64-elf/14.2.0/../../../../mips64-elf/lib\libdragon.a(backtrace.o)
                0x80025180                backtrace
 .text.__backtrace_from
                0x80025260      0x100 C:/LibDragon/bin/../lib/gcc/mips64-elf/14.2.0/../../../../mips64-elf/lib\libdragon.a(backtrace.o)
                0x80025260                __backtrace_from
 .text.backtrace_symbols_cb
                0x80025360      0x320 C:/LibDragon/bin/../lib/gcc/mips64-elf/14.2.0/../../../../mips64-elf/lib\libdragon.a(backtrace.o)
                0x80025360                backtrace_symbols_cb
 .text.backtrace_frame_print
                0x80025680       0xa0 C:/LibDragon/bin/../lib/gcc/mips64-elf/14.2.0/../../../../mips64-elf/lib\libdragon.a(backtrace.o)
                0x80025680                backtrace_frame_print
 .text.backtrace_frame_print_compact
                0x80025720      0x140 C:/LibDragon/bin/../lib/gcc/mips64-elf/14.2.0/../../../../mips64-elf/lib\libdragon.a(backtrace.o)
                0x80025720                backtrace_frame_print_compact
 .text.rompak_search_ext
                0x80025860      0x220 C:/LibDragon/bin/../lib/gcc/mips64-elf/14.2.0/../../../../mips64-elf/lib\libdragon.a(rompak.o)
                0x80025860                rompak_search_ext
 .text.__vi_interrupt
                0x80025a80       0xa0 C:/LibDragon/bin/../lib/gcc/mips64-elf/14.2.0/../../../../mips64-elf/lib\libdragon.a(vi.o)
                0x80025a80                __vi_interrupt
 .text.__vblank_interrupt
                0x80025b20      0x200 C:/LibDragon/bin/../lib/gcc/mips64-elf/14.2.0/../../../../mips64-elf/lib\libdragon.a(vi.o)
 .text.__vi_validate_config
                0x80025d20      0x2c0 C:/LibDragon/bin/../lib/gcc/mips64-elf/14.2.0/../../../../mips64-elf/lib\libdragon.a(vi.o)
 .text.vi_write_idx_masked
                0x80025fe0      0x140 C:/LibDragon/bin/../lib/gcc/mips64-elf/14.2.0/../../../../mips64-elf/lib\libdragon.a(vi.o)
 .text.vi_write_begin
                0x80026120       0x20 C:/LibDragon/bin/../lib/gcc/mips64-elf/14.2.0/../../../../mips64-elf/lib\libdragon.a(vi.o)
                0x80026120                vi_write_begin
 .text.vi_write_end
                0x80026140       0xa0 C:/LibDragon/bin/../lib/gcc/mips64-elf/14.2.0/../../../../mips64-elf/lib\libdragon.a(vi.o)
                0x80026140                vi_write_end
 .text.__set_output
                0x800261e0       0x80 C:/LibDragon/bin/../lib/gcc/mips64-elf/14.2.0/../../../../mips64-elf/lib\libdragon.a(vi.o)
 .text.vi_write_end_forced
                0x80026260       0x80 C:/LibDragon/bin/../lib/gcc/mips64-elf/14.2.0/../../../../mips64-elf/lib\libdragon.a(vi.o)
                0x80026260                vi_write_end_forced
 .text.vi_write_masked
                0x800262e0       0x20 C:/LibDragon/bin/../lib/gcc/mips64-elf/14.2.0/../../../../mips64-elf/lib\libdragon.a(vi.o)
                0x800262e0                vi_write_masked
 .text.vi_set_origin
                0x80026300      0x140 C:/LibDragon/bin/../lib/gcc/mips64-elf/14.2.0/../../../../mips64-elf/lib\libdragon.a(vi.o)
                0x80026300                vi_set_origin
 .text.vi_show  0x80026440      0x280 C:/LibDragon/bin/../lib/gcc/mips64-elf/14.2.0/../../../../mips64-elf/lib\libdragon.a(vi.o)
                0x80026440                vi_show
 .text.vi_set_interlaced
                0x800266c0       0x60 C:/LibDragon/bin/../lib/gcc/mips64-elf/14.2.0/../../../../mips64-elf/lib\libdragon.a(vi.o)
                0x800266c0                vi_set_interlaced
 .text.vi_set_aa_mode
                0x80026720       0x20 C:/LibDragon/bin/../lib/gcc/mips64-elf/14.2.0/../../../../mips64-elf/lib\libdragon.a(vi.o)
                0x80026720                vi_set_aa_mode
 .text.vi_set_divot
                0x80026740       0x20 C:/LibDragon/bin/../lib/gcc/mips64-elf/14.2.0/../../../../mips64-elf/lib\libdragon.a(vi.o)
                0x80026740                vi_set_divot
 .text.vi_set_dedither
                0x80026760       0x20 C:/LibDragon/bin/../lib/gcc/mips64-elf/14.2.0/../../../../mips64-elf/lib\libdragon.a(vi.o)
                0x80026760                vi_set_dedither
 .text.vi_set_gamma
                0x80026780       0x20 C:/LibDragon/bin/../lib/gcc/mips64-elf/14.2.0/../../../../mips64-elf/lib\libdragon.a(vi.o)
                0x80026780                vi_set_gamma
 .text.vi_set_output
                0x800267a0      0x100 C:/LibDragon/bin/../lib/gcc/mips64-elf/14.2.0/../../../../mips64-elf/lib\libdragon.a(vi.o)
                0x800267a0                vi_set_output
 .text.vi_set_borders
                0x800268a0       0x60 C:/LibDragon/bin/../lib/gcc/mips64-elf/14.2.0/../../../../mips64-elf/lib\libdragon.a(vi.o)
                0x800268a0                vi_set_borders
 .text.vi_calc_borders
                0x80026900      0x120 C:/LibDragon/bin/../lib/gcc/mips64-elf/14.2.0/../../../../mips64-elf/lib\libdragon.a(vi.o)
                0x80026900                vi_calc_borders
 .text.vi_wait_vblank
                0x80026a20       0xc0 C:/LibDragon/bin/../lib/gcc/mips64-elf/14.2.0/../../../../mips64-elf/lib\libdragon.a(vi.o)
                0x80026a20                vi_wait_vblank
 .text.vi_install_vblank_handler
                0x80026ae0       0x80 C:/LibDragon/bin/../lib/gcc/mips64-elf/14.2.0/../../../../mips64-elf/lib\libdragon.a(vi.o)
                0x80026ae0                vi_install_vblank_handler
 .text.vi_uninstall_vblank_handler
                0x80026b60       0xa0 C:/LibDragon/bin/../lib/gcc/mips64-elf/14.2.0/../../../../mips64-elf/lib\libdragon.a(vi.o)
                0x80026b60                vi_uninstall_vblank_handler
 .text.vi_reset
                0x80026c00       0xe0 C:/LibDragon/bin/../lib/gcc/mips64-elf/14.2.0/../../../../mips64-elf/lib\libdragon.a(vi.o)
                0x80026c00                vi_reset
 .text.vi_init  0x80026ce0      0x100 C:/LibDragon/bin/../lib/gcc/mips64-elf/14.2.0/../../../../mips64-elf/lib\libdragon.a(vi.o)
                0x80026ce0                vi_init
 .text.__console_render.part.0
                0x80026de0      0x100 C:/LibDragon/bin/../lib/gcc/mips64-elf/14.2.0/../../../../mips64-elf/lib\libdragon.a(console.o)
 .text.__console_write
                0x80026ee0      0x320 C:/LibDragon/bin/../lib/gcc/mips64-elf/14.2.0/../../../../mips64-elf/lib\libdragon.a(console.o)
 .text.console_set_render_mode
                0x80027200       0x20 C:/LibDragon/bin/../lib/gcc/mips64-elf/14.2.0/../../../../mips64-elf/lib\libdragon.a(console.o)
                0x80027200                console_set_render_mode
 .text.console_init
                0x80027220       0xe0 C:/LibDragon/bin/../lib/gcc/mips64-elf/14.2.0/../../../../mips64-elf/lib\libdragon.a(console.o)
                0x80027220                console_init
 .text.console_render
                0x80027300       0x40 C:/LibDragon/bin/../lib/gcc/mips64-elf/14.2.0/../../../../mips64-elf/lib\libdragon.a(console.o)
                0x80027300                console_render
 .text.console_set_debug
                0x80027340       0x20 C:/LibDragon/bin/../lib/gcc/mips64-elf/14.2.0/../../../../mips64-elf/lib\libdragon.a(console.o)
                0x80027340                console_set_debug
 .text.must_open.part.0
                0x80027360      0x100 C:/LibDragon/bin/../lib/gcc/mips64-elf/14.2.0/../../../../mips64-elf/lib\libdragon.a(asset.o)
 .text.asset_read
                0x80027460      0x3c0 C:/LibDragon/bin/../lib/gcc/mips64-elf/14.2.0/../../../../mips64-elf/lib\libdragon.a(asset.o)
 .text.asset_read_header
                0x80027820      0x1e0 C:/LibDragon/bin/../lib/gcc/mips64-elf/14.2.0/../../../../mips64-elf/lib\libdragon.a(asset.o)
 .text.asset_load
                0x80027a00      0x160 C:/LibDragon/bin/../lib/gcc/mips64-elf/14.2.0/../../../../mips64-elf/lib\libdragon.a(asset.o)
                0x80027a00                asset_load
 .text.graphics_draw_character.part.0
                0x80027b60      0x4e0 C:/LibDragon/bin/../lib/gcc/mips64-elf/14.2.0/../../../../mips64-elf/lib\libdragon.a(graphics.o)
 .text.graphics_set_color
                0x80028040       0x20 C:/LibDragon/bin/../lib/gcc/mips64-elf/14.2.0/../../../../mips64-elf/lib\libdragon.a(graphics.o)
                0x80028040                graphics_set_color
 .text.graphics_draw_box
                0x80028060      0x120 C:/LibDragon/bin/../lib/gcc/mips64-elf/14.2.0/../../../../mips64-elf/lib\libdragon.a(graphics.o)
                0x80028060                graphics_draw_box
 .text.graphics_fill_screen
                0x80028180       0x80 C:/LibDragon/bin/../lib/gcc/mips64-elf/14.2.0/../../../../mips64-elf/lib\libdragon.a(graphics.o)
                0x80028180                graphics_fill_screen
 .text.graphics_set_default_font
                0x80028200       0x20 C:/LibDragon/bin/../lib/gcc/mips64-elf/14.2.0/../../../../mips64-elf/lib\libdragon.a(graphics.o)
                0x80028200                graphics_set_default_font
 .text.graphics_draw_character
                0x80028220       0x20 C:/LibDragon/bin/../lib/gcc/mips64-elf/14.2.0/../../../../mips64-elf/lib\libdragon.a(graphics.o)
                0x80028220                graphics_draw_character
 .text.graphics_draw_text
                0x80028240      0x120 C:/LibDragon/bin/../lib/gcc/mips64-elf/14.2.0/../../../../mips64-elf/lib\libdragon.a(graphics.o)
                0x80028240                graphics_draw_text
 .text.timer_update_compare
                0x80028360       0x40 C:/LibDragon/bin/../lib/gcc/mips64-elf/14.2.0/../../../../mips64-elf/lib\libdragon.a(timer.o)
 .text.timer_poll
                0x800283a0      0x1a0 C:/LibDragon/bin/../lib/gcc/mips64-elf/14.2.0/../../../../mips64-elf/lib\libdragon.a(timer.o)
 .text.timer_init
                0x80028540       0x60 C:/LibDragon/bin/../lib/gcc/mips64-elf/14.2.0/../../../../mips64-elf/lib\libdragon.a(timer.o)
                0x80028540                timer_init
 .text.new_timer_context
                0x800285a0      0x100 C:/LibDragon/bin/../lib/gcc/mips64-elf/14.2.0/../../../../mips64-elf/lib\libdragon.a(timer.o)
                0x800285a0                new_timer_context
 .text.restart_timer
                0x800286a0       0x80 C:/LibDragon/bin/../lib/gcc/mips64-elf/14.2.0/../../../../mips64-elf/lib\libdragon.a(timer.o)
                0x800286a0                restart_timer
 .text.stop_timer
                0x80028720       0xe0 C:/LibDragon/bin/../lib/gcc/mips64-elf/14.2.0/../../../../mips64-elf/lib\libdragon.a(timer.o)
                0x80028720                stop_timer
 .text.joybus_accessory_calculate_addr_checksum
                0x80028800       0x60 C:/LibDragon/bin/../lib/gcc/mips64-elf/14.2.0/../../../../mips64-elf/lib\libdragon.a(joybus_accessory.o)
                0x80028800                joybus_accessory_calculate_addr_checksum
 .text.joybus_accessory_calculate_data_crc
                0x80028860       0xa0 C:/LibDragon/bin/../lib/gcc/mips64-elf/14.2.0/../../../../mips64-elf/lib\libdragon.a(joybus_accessory.o)
                0x80028860                joybus_accessory_calculate_data_crc
 .text.joybus_accessory_compare_data_crc
                0x80028900       0x60 C:/LibDragon/bin/../lib/gcc/mips64-elf/14.2.0/../../../../mips64-elf/lib\libdragon.a(joybus_accessory.o)
                0x80028900                joybus_accessory_compare_data_crc
 .text.joybus_accessory_read_async
                0x80028960       0xe0 C:/LibDragon/bin/../lib/gcc/mips64-elf/14.2.0/../../../../mips64-elf/lib\libdragon.a(joybus_accessory.o)
                0x80028960                joybus_accessory_read_async
 .text.joybus_accessory_write_async
                0x80028a40      0x120 C:/LibDragon/bin/../lib/gcc/mips64-elf/14.2.0/../../../../mips64-elf/lib\libdragon.a(joybus_accessory.o)
                0x80028a40                joybus_accessory_write_async
 .text.callback.0
                0x80028b60       0x80 C:/LibDragon/bin/../lib/gcc/mips64-elf/14.2.0/../../../../mips64-elf/lib\libdragon.a(joybus.o)
 .text.joybus_msg_send
                0x80028be0       0x80 C:/LibDragon/bin/../lib/gcc/mips64-elf/14.2.0/../../../../mips64-elf/lib\libdragon.a(joybus.o)
 .text.si_interrupt
                0x80028c60      0x1a0 C:/LibDragon/bin/../lib/gcc/mips64-elf/14.2.0/../../../../mips64-elf/lib\libdragon.a(joybus.o)
 .text.startup.__joybus_init
                0x80028e00       0x60 C:/LibDragon/bin/../lib/gcc/mips64-elf/14.2.0/../../../../mips64-elf/lib\libdragon.a(joybus.o)
                0x80028e00                __joybus_init
 .text.joybus_exec_async
                0x80028e60      0x1a0 C:/LibDragon/bin/../lib/gcc/mips64-elf/14.2.0/../../../../mips64-elf/lib\libdragon.a(joybus.o)
                0x80028e60                joybus_exec_async
 .text.joybus_exec
                0x80029000      0x160 C:/LibDragon/bin/../lib/gcc/mips64-elf/14.2.0/../../../../mips64-elf/lib\libdragon.a(joybus.o)
                0x80029000                joybus_exec
 .text.joypad_accessory_check_read_crc_error
                0x80029160      0x1a0 C:/LibDragon/bin/../lib/gcc/mips64-elf/14.2.0/../../../../mips64-elf/lib\libdragon.a(joypad_accessory.o)
 .text.joypad_transfer_pak_enable_read_callback
                0x80029300       0xc0 C:/LibDragon/bin/../lib/gcc/mips64-elf/14.2.0/../../../../mips64-elf/lib\libdragon.a(joypad_accessory.o)
 .text.joypad_accessory_check_write_crc_error
                0x800293c0      0x1c0 C:/LibDragon/bin/../lib/gcc/mips64-elf/14.2.0/../../../../mips64-elf/lib\libdragon.a(joypad_accessory.o)
 .text.joypad_transfer_pak_enable_write_callback
                0x80029580      0x180 C:/LibDragon/bin/../lib/gcc/mips64-elf/14.2.0/../../../../mips64-elf/lib\libdragon.a(joypad_accessory.o)
 .text.joypad_accessory_detect_state_machine.isra.0
                0x80029700      0x6c0 C:/LibDragon/bin/../lib/gcc/mips64-elf/14.2.0/../../../../mips64-elf/lib\libdragon.a(joypad_accessory.o)
 .text.joypad_accessory_detect_write_callback
                0x80029dc0       0x60 C:/LibDragon/bin/../lib/gcc/mips64-elf/14.2.0/../../../../mips64-elf/lib\libdragon.a(joypad_accessory.o)
 .text.joypad_accessory_detect_read_callback
                0x80029e20       0x80 C:/LibDragon/bin/../lib/gcc/mips64-elf/14.2.0/../../../../mips64-elf/lib\libdragon.a(joypad_accessory.o)
 .text.joypad_transfer_pak_wait_timer_callback
                0x80029ea0      0x160 C:/LibDragon/bin/../lib/gcc/mips64-elf/14.2.0/../../../../mips64-elf/lib\libdragon.a(joypad_accessory.o)
 .text.joypad_accessory_reset
                0x8002a000      0x140 C:/LibDragon/bin/../lib/gcc/mips64-elf/14.2.0/../../../../mips64-elf/lib\libdragon.a(joypad_accessory.o)
                0x8002a000                joypad_accessory_reset
 .text.joypad_transfer_pak_wait_timer_init
                0x8002a140       0xe0 C:/LibDragon/bin/../lib/gcc/mips64-elf/14.2.0/../../../../mips64-elf/lib\libdragon.a(joypad_accessory.o)
                0x8002a140                joypad_transfer_pak_wait_timer_init
 .text.joypad_accessory_detect_async
                0x8002a220      0x140 C:/LibDragon/bin/../lib/gcc/mips64-elf/14.2.0/../../../../mips64-elf/lib\libdragon.a(joypad_accessory.o)
                0x8002a220                joypad_accessory_detect_async
 .text.rdpq_triangle_rsp
                0x8002a360      0x580 C:/LibDragon/bin/../lib/gcc/mips64-elf/14.2.0/../../../../mips64-elf/lib\libdragon.a(rdpq_tri.o)
                0x8002a360                rdpq_triangle_rsp
 .text.rdpq_triangle
                0x8002a8e0       0x20 C:/LibDragon/bin/../lib/gcc/mips64-elf/14.2.0/../../../../mips64-elf/lib\libdragon.a(rdpq_tri.o)
                0x8002a8e0                rdpq_triangle
 .text.decompress_lz4_full_inplace
                0x8002a900       0x20 C:/LibDragon/bin/../lib/gcc/mips64-elf/14.2.0/../../../../mips64-elf/lib\libdragon.a(lz4_dec.o)
                0x8002a900                decompress_lz4_full_inplace
 .text.decompress_lz4_init
                0x8002a920       0x60 C:/LibDragon/bin/../lib/gcc/mips64-elf/14.2.0/../../../../mips64-elf/lib\libdragon.a(lz4_dec.o)
                0x8002a920                decompress_lz4_init
 .text.decompress_lz4_reset
                0x8002a980       0x40 C:/LibDragon/bin/../lib/gcc/mips64-elf/14.2.0/../../../../mips64-elf/lib\libdragon.a(lz4_dec.o)
                0x8002a980                decompress_lz4_reset
 .text.decompress_lz4_read
                0x8002a9c0      0x400 C:/LibDragon/bin/../lib/gcc/mips64-elf/14.2.0/../../../../mips64-elf/lib\libdragon.a(lz4_dec.o)
                0x8002a9c0                decompress_lz4_read
 .text.decompress_lz4_full_fast
                0x8002adc0      0x1c0 C:/LibDragon/bin/../lib/gcc/mips64-elf/14.2.0/../../../../mips64-elf/lib\libdragon.a(lz4_dec_fast.o)
                0x8002adc0                decompress_lz4_full_fast
 .text.__ringbuf_init
                0x8002af80       0x80 C:/LibDragon/bin/../lib/gcc/mips64-elf/14.2.0/../../../../mips64-elf/lib\libdragon.a(ringbuf.o)
                0x8002af80                __ringbuf_init
 .text.__ringbuf_write
                0x8002b000       0xc0 C:/LibDragon/bin/../lib/gcc/mips64-elf/14.2.0/../../../../mips64-elf/lib\libdragon.a(ringbuf.o)
                0x8002b000                __ringbuf_write
 .text.__ringbuf_copy
                0x8002b0c0      0x1a0 C:/LibDragon/bin/../lib/gcc/mips64-elf/14.2.0/../../../../mips64-elf/lib\libdragon.a(ringbuf.o)
                0x8002b0c0                __ringbuf_copy
 .text.__get_fs_link_by_name
                0x8002b260       0xe0 C:/LibDragon/bin/../lib/gcc/mips64-elf/14.2.0/../../../../mips64-elf/lib\libdragonsys.a(system.o)
 .text.attach_filesystem
                0x8002b340      0x220 C:/LibDragon/bin/../lib/gcc/mips64-elf/14.2.0/../../../../mips64-elf/lib\libdragonsys.a(system.o)
                0x8002b340                attach_filesystem
 .text.close    0x8002b560      0x200 C:/LibDragon/bin/../lib/gcc/mips64-elf/14.2.0/../../../../mips64-elf/lib\libdragonsys.a(system.o)
                0x8002b560                close
 .text._exit    0x8002b760       0x20 C:/LibDragon/bin/../lib/gcc/mips64-elf/14.2.0/../../../../mips64-elf/lib\libdragonsys.a(system.o)
                0x8002b760                _exit
 .text.fstat    0x8002b780      0x1a0 C:/LibDragon/bin/../lib/gcc/mips64-elf/14.2.0/../../../../mips64-elf/lib\libdragonsys.a(system.o)
                0x8002b780                fstat
 .text.getpid   0x8002b920       0x40 C:/LibDragon/bin/../lib/gcc/mips64-elf/14.2.0/../../../../mips64-elf/lib\libdragonsys.a(system.o)
                0x8002b920                getpid
 .text.isatty   0x8002b960       0x40 C:/LibDragon/bin/../lib/gcc/mips64-elf/14.2.0/../../../../mips64-elf/lib\libdragonsys.a(system.o)
                0x8002b960                isatty
 .text.kill     0x8002b9a0       0x40 C:/LibDragon/bin/../lib/gcc/mips64-elf/14.2.0/../../../../mips64-elf/lib\libdragonsys.a(system.o)
                0x8002b9a0                kill
 .text.lseek    0x8002b9e0      0x180 C:/LibDragon/bin/../lib/gcc/mips64-elf/14.2.0/../../../../mips64-elf/lib\libdragonsys.a(system.o)
                0x8002b9e0                lseek
 .text.open     0x8002bb60      0x340 C:/LibDragon/bin/../lib/gcc/mips64-elf/14.2.0/../../../../mips64-elf/lib\libdragonsys.a(system.o)
                0x8002bb60                open
 .text.read     0x8002bea0      0x1c0 C:/LibDragon/bin/../lib/gcc/mips64-elf/14.2.0/../../../../mips64-elf/lib\libdragonsys.a(system.o)
                0x8002bea0                read
 .text.sbrk     0x8002c060      0x120 C:/LibDragon/bin/../lib/gcc/mips64-elf/14.2.0/../../../../mips64-elf/lib\libdragonsys.a(system.o)
                0x8002c060                sbrk
 .text.sbrk_top
                0x8002c180       0x80 C:/LibDragon/bin/../lib/gcc/mips64-elf/14.2.0/../../../../mips64-elf/lib\libdragonsys.a(system.o)
                0x8002c180                sbrk_top
 .text.ioctl    0x8002c200      0x180 C:/LibDragon/bin/../lib/gcc/mips64-elf/14.2.0/../../../../mips64-elf/lib\libdragonsys.a(system.o)
                0x8002c200                ioctl
 .text.write    0x8002c380      0x1e0 C:/LibDragon/bin/../lib/gcc/mips64-elf/14.2.0/../../../../mips64-elf/lib\libdragonsys.a(system.o)
                0x8002c380                write
 .text.hook_stdio_calls
                0x8002c560       0x60 C:/LibDragon/bin/../lib/gcc/mips64-elf/14.2.0/../../../../mips64-elf/lib\libdragonsys.a(system.o)
                0x8002c560                hook_stdio_calls
 .text._flush_cache
                0x8002c5c0       0x40 C:/LibDragon/bin/../lib/gcc/mips64-elf/14.2.0/../../../../mips64-elf/lib\libdragonsys.a(system.o)
                0x8002c5c0                _flush_cache
 .text.__assert_func
                0x8002c600       0x20 C:/LibDragon/bin/../lib/gcc/mips64-elf/14.2.0/../../../../mips64-elf/lib\libdragonsys.a(system.o)
                0x8002c600                __assert_func
 .text.__retarget_lock_init_recursive
                0x8002c620       0xa0 C:/LibDragon/bin/../lib/gcc/mips64-elf/14.2.0/../../../../mips64-elf/lib\libdragonsys.a(system.o)
                0x8002c620                __retarget_lock_init_recursive
 .text.__retarget_lock_close_recursive
                0x8002c6c0       0x60 C:/LibDragon/bin/../lib/gcc/mips64-elf/14.2.0/../../../../mips64-elf/lib\libdragonsys.a(system.o)
                0x8002c6c0                __retarget_lock_close_recursive
 .text.__retarget_lock_acquire_recursive
                0x8002c720       0x40 C:/LibDragon/bin/../lib/gcc/mips64-elf/14.2.0/../../../../mips64-elf/lib\libdragonsys.a(system.o)
                0x8002c720                __retarget_lock_acquire_recursive
 .text.__retarget_lock_release_recursive
                0x8002c760       0x20 C:/LibDragon/bin/../lib/gcc/mips64-elf/14.2.0/../../../../mips64-elf/lib\libdragonsys.a(system.o)
                0x8002c760                __retarget_lock_release_recursive
 *(keep.text.*)
 *(.init)
 .init          0x8002c780        0x8 C:/LibDragon/bin/../lib/gcc/mips64-elf/14.2.0/crti.o
                0x8002c780                _init
 *(.fini)
 .fini          0x8002c788        0x8 C:/LibDragon/bin/../lib/gcc/mips64-elf/14.2.0/crti.o
                0x8002c788                _fini
 *(.gnu.linkonce.t.*)
                0x8002c790                        . = ALIGN (0x10)
                0x8002c790                        __text_end = .

.eh_frame_hdr
 *(.eh_frame_hdr)

.eh_frame       0x8002c790      0x428
                0x8002c790                        __EH_FRAME_BEGIN__ = .
 *(.eh_frame)
 .eh_frame      0x8002c790        0x0 C:/LibDragon/bin/../lib/gcc/mips64-elf/14.2.0/crtbegin.o
 .eh_frame      0x8002c790      0x424 C:/LibDragon/bin/../lib/gcc/mips64-elf/14.2.0\libgcc.a(unwind-dw2-fde.o)
 .eh_frame      0x8002cbb4        0x4 C:/LibDragon/bin/../lib/gcc/mips64-elf/14.2.0/crtend.o

.gcc_except_table
 *(.gcc_except_table*)

.jcr
 *(.jcr)

.rodata         0x8002cbb8     0x88b0
 *(.rdata)
 *(.rodata)
 .rodata        0x8002cbb8      0x188 C:/LibDragon/bin/../lib/gcc/mips64-elf/14.2.0/../../../../mips64-elf/lib\libc.a(libc_a-vfprintf.o)
 .rodata        0x8002cd40      0x23c C:/LibDragon/bin/../lib/gcc/mips64-elf/14.2.0/../../../../mips64-elf/lib\libc.a(libc_a-strerror.o)
 *fill*         0x8002cf7c        0x4 
 .rodata        0x8002cf80      0x128 C:/LibDragon/bin/../lib/gcc/mips64-elf/14.2.0/../../../../mips64-elf/lib\libc.a(libc_a-mprec.o)
                0x8002cf90                __mprec_tinytens
                0x8002cfb8                __mprec_bigtens
                0x8002cfe0                __mprec_tens
 .rodata        0x8002d0a8      0x288 C:/LibDragon/bin/../lib/gcc/mips64-elf/14.2.0/../../../../mips64-elf/lib\libc.a(libc_a-ctype_.o)
                0x8002d0a8                _ctype_
                0x8002d1b0                _ctype_b
 .rodata        0x8002d330      0x188 C:/LibDragon/bin/../lib/gcc/mips64-elf/14.2.0/../../../../mips64-elf/lib\libc.a(libc_a-svfprintf.o)
 .rodata        0x8002d4b8       0x40 C:/LibDragon/bin/../lib/gcc/mips64-elf/14.2.0\libgcc.a(unwind-dw2-fde.o)
 *(.rodata.*)
 .rodata.main.str1.8
                0x8002d4f8     0x65ae build/main.o
                                 0x62 (size before relaxing)
 *fill*         0x80033aa6        0x2 
 .rodata.RESOLUTION_640x480
                0x80033aa8       0x18 build/main.o
 .rodata.cb.0.str1.8
                0x80033ac0       0x1d C:/LibDragon/bin/../lib/gcc/mips64-elf/14.2.0/../../../../mips64-elf/lib\libdragon.a(debug.o)
 .rodata.debug_assert_func_f.str1.8
                0x80033ac0       0x45 C:/LibDragon/bin/../lib/gcc/mips64-elf/14.2.0/../../../../mips64-elf/lib\libdragon.a(debug.o)
 .rodata.debug_hexdump.str1.8
                0x80033ac0       0x33 C:/LibDragon/bin/../lib/gcc/mips64-elf/14.2.0/../../../../mips64-elf/lib\libdragon.a(debug.o)
 .rodata.__debug_backtrace.str1.8
                0x80033ac0        0xc C:/LibDragon/bin/../lib/gcc/mips64-elf/14.2.0/../../../../mips64-elf/lib\libdragon.a(debug.o)