Archive member included to satisfy reference by file (symbol)

C:/LibDragon/bin/../lib/gcc/mips64-elf/14.2.0/../../../../mips64-elf/lib\libdragon.a(entrypoint.o)
                              (_start)
C:/LibDragon/bin/../lib/gcc/mips64-elf/14.2.0/../../../../mips64-elf/lib\libdragon.a(entropy.o)
                              C:/LibDragon/bin/../lib/gcc/mips64-elf/14.2.0/../../../../mips64-elf/lib\libdragon.a(entrypoint.o) (__entropy_state)
C:/LibDragon/bin/../lib/gcc/mips64-elf/14.2.0/../../../../mips64-elf/lib\libdragon.a(rand.o)
                              C:/LibDragon/bin/../lib/gcc/mips64-elf/14.2.0/../../../../mips64-elf/lib\libdragon.a(entropy.o) (__xorshift64)
C:/LibDragon/bin/../lib/gcc/mips64-elf/14.2.0/../../../../mips64-elf/lib\libdragon.a(debug.o)
                              C:/LibDragon/bin/../lib/gcc/mips64-elf/14.2.0/../../../../mips64-elf/lib\libdragon.a(entrypoint.o) (debug_assert_func)
C:/LibDragon/bin/../lib/gcc/mips64-elf/14.2.0/../../../../mips64-elf/lib\libdragon.a(usb.o)
                              C:/LibDragon/bin/../lib/gcc/mips64-elf/14.2.0/../../../../mips64-elf/lib\libdragon.a(debug.o) (usb_write)
C:/LibDragon/bin/../lib/gcc/mips64-elf/14.2.0/../../../../mips64-elf/lib\libdragon.a(cart.o)
                              C:/LibDragon/bin/../lib/gcc/mips64-elf/14.2.0/../../../../mips64-elf/lib\libdragon.a(debug.o) (cart_init)
C:/LibDragon/bin/../lib/gcc/mips64-elf/14.2.0/../../../../mips64-elf/lib\libdragon.a(ff.o)
                              C:/LibDragon/bin/../lib/gcc/mips64-elf/14.2.0/../../../../mips64-elf/lib\libdragon.a(debug.o) (f_mount)
C:/LibDragon/bin/../lib/gcc/mips64-elf/14.2.0/../../../../mips64-elf/lib\libdragon.a(ffunicode.o)
                              C:/LibDragon/bin/../lib/gcc/mips64-elf/14.2.0/../../../../mips64-elf/lib\libdragon.a(ff.o) (ff_uni2oem)
C:/LibDragon/bin/../lib/gcc/mips64-elf/14.2.0/../../../../mips64-elf/lib\libdragon.a(fat.o)
                              C:/LibDragon/bin/../lib/gcc/mips64-elf/14.2.0/../../../../mips64-elf/lib\libdragon.a(ff.o) (disk_initialize)
C:/LibDragon/bin/../lib/gcc/mips64-elf/14.2.0/../../../../mips64-elf/lib\libdragon.a(dragonfs.o)
                              build/test.o (dfs_init)
C:/LibDragon/bin/../lib/gcc/mips64-elf/14.2.0/../../../../mips64-elf/lib\libdragon.a(display.o)
                              build/test.o (display_init)
C:/LibDragon/bin/../lib/gcc/mips64-elf/14.2.0/../../../../mips64-elf/lib\libdragon.a(surface.o)
                              C:/LibDragon/bin/../lib/gcc/mips64-elf/14.2.0/../../../../mips64-elf/lib\libdragon.a(display.o) (surface_alloc)
C:/LibDragon/bin/../lib/gcc/mips64-elf/14.2.0/../../../../mips64-elf/lib\libdragon.a(graphics.o)
                              build/test.o (graphics_make_color)
C:/LibDragon/bin/../lib/gcc/mips64-elf/14.2.0/../../../../mips64-elf/lib\libdragon.a(rsp.o)
                              C:/LibDragon/bin/../lib/gcc/mips64-elf/14.2.0/../../../../mips64-elf/lib\libdragon.a(display.o) (__rsp_crash)
C:/LibDragon/bin/../lib/gcc/mips64-elf/14.2.0/../../../../mips64-elf/lib\libdragon.a(rsp_crash.o)
                              C:/LibDragon/bin/../lib/gcc/mips64-elf/14.2.0/../../../../mips64-elf/lib\libdragon.a(rsp.o) (rsp_crash_data_start)
C:/LibDragon/bin/../lib/gcc/mips64-elf/14.2.0/../../../../mips64-elf/lib\libdragon.a(inspector.o)
                              C:/LibDragon/bin/../lib/gcc/mips64-elf/14.2.0/../../../../mips64-elf/lib\libdragon.a(debug.o) (__inspector_assertion)
C:/LibDragon/bin/../lib/gcc/mips64-elf/14.2.0/../../../../mips64-elf/lib\libdragon.a(sprite.o)
                              C:/LibDragon/bin/../lib/gcc/mips64-elf/14.2.0/../../../../mips64-elf/lib\libdragon.a(graphics.o) (__sprite_upgrade)
C:/LibDragon/bin/../lib/gcc/mips64-elf/14.2.0/../../../../mips64-elf/lib\libdragon.a(dma.o)
                              C:/LibDragon/bin/../lib/gcc/mips64-elf/14.2.0/../../../../mips64-elf/lib\libdragon.a(debug.o) (io_accessible)
C:/LibDragon/bin/../lib/gcc/mips64-elf/14.2.0/../../../../mips64-elf/lib\libdragon.a(exception.o)
                              C:/LibDragon/bin/../lib/gcc/mips64-elf/14.2.0/../../../../mips64-elf/lib\libdragon.a(inspector.o) (__exception_dump_header)
C:/LibDragon/bin/../lib/gcc/mips64-elf/14.2.0/../../../../mips64-elf/lib\libdragon.a(do_ctors.o)
                              C:/LibDragon/bin/../lib/gcc/mips64-elf/14.2.0/../../../../mips64-elf/lib\libdragon.a(entrypoint.o) (__wrap___do_global_ctors)
C:/LibDragon/bin/../lib/gcc/mips64-elf/14.2.0/../../../../mips64-elf/lib\libdragon.a(dlfcn.o)
                              C:/LibDragon/bin/../lib/gcc/mips64-elf/14.2.0/../../../../mips64-elf/lib\libdragon.a(inspector.o) (__dl_list_head)
C:/LibDragon/bin/../lib/gcc/mips64-elf/14.2.0/../../../../mips64-elf/lib\libdragon.a(kernel.o)
[...]
Memory Configuration

Name             Origin             Length             Attributes
*default*        0x00000000         0xffffffff

Linker script and memory map

LOAD C:/LibDragon/bin/../lib/gcc/mips64-elf/14.2.0/crti.o
LOAD C:/LibDragon/bin/../lib/gcc/mips64-elf/14.2.0/crtbegin.o
LOAD build/test.o
LOAD C:/LibDragon/bin/../lib/gcc/mips64-elf/14.2.0/../../../../mips64-elf/lib\libdragon.a
LOAD C:/LibDragon/bin/../lib/gcc/mips64-elf/14.2.0/../../../../mips64-elf/lib\libm.a
LOAD C:/LibDragon/bin/../lib/gcc/mips64-elf/14.2.0/../../../../mips64-elf/lib\libdragonsys.a

.intvectors     0x80000000      0x188
                0x80000000                        . = ALIGN (0x20)
 *(.intvectors)
 .intvectors    0x80000000      0x188 C:/LibDragon/bin/../lib/gcc/mips64-elf/14.2.0/../../../../mips64-elf/lib\libdragon.a(inthandler.o)
                0x80000188                        __intvectors_end = .

.text           0x80000400    0x23810
                0x80000400                        __text_start = .
 *(.boot)
 .boot          0x80000400       0x74 C:/LibDragon/bin/../lib/gcc/mips64-elf/14.2.0/../../../../mips64-elf/lib\libdragon.a(entrypoint.o)
                0x80000400                _start
                0x80000480                        . = ALIGN (0x10)
 *fill*         0x80000474        0xc 
 *(.text)
 .text          0x80000480      0x400 C:/LibDragon/bin/../lib/gcc/mips64-elf/14.2.0/../../../../mips64-elf/lib\libdragon.a(inthandler.o)
                0x80000480                inthandler
                0x80000880                inthandler_end
 .text          0x80000880       0x98 C:/LibDragon/bin/../lib/gcc/mips64-elf/14.2.0/../../../../mips64-elf/lib\libm.a(libm_a-sf_round.o)
                0x80000880                roundf
 .text          0x80000918       0x18 C:/LibDragon/bin/../lib/gcc/mips64-elf/14.2.0/../../../../mips64-elf/lib\libc.a(libc_a-abort.o)
                0x80000918                abort
 .text          0x80000930       0x18 C:/LibDragon/bin/../lib/gcc/mips64-elf/14.2.0/../../../../mips64-elf/lib\libc.a(libc_a-calloc.o)
                0x80000930                calloc
 .text          0x80000948      0x120 C:/LibDragon/bin/../lib/gcc/mips64-elf/14.2.0/../../../../mips64-elf/lib\libc.a(libc_a-callocr.o)
                0x80000948                _calloc_r
 .text          0x80000a68       0x20 C:/LibDragon/bin/../lib/gcc/mips64-elf/14.2.0/../../../../mips64-elf/lib\libc.a(libc_a-malloc.o)
                0x80000a68                malloc
                0x80000a78                free
 .text          0x80000a88      0x8c8 C:/LibDragon/bin/../lib/gcc/mips64-elf/14.2.0/../../../../mips64-elf/lib\libc.a(libc_a-mallocr.o)
                0x80000a88                _malloc_r
 .text          0x80001350       0x20 C:/LibDragon/bin/../lib/gcc/mips64-elf/14.2.0/../../../../mips64-elf/lib\libc.a(libc_a-mlock.o)
                0x80001350                __malloc_lock
                0x80001360                __malloc_unlock
 .text          0x80001370       0x18 C:/LibDragon/bin/../lib/gcc/mips64-elf/14.2.0/../../../../mips64-elf/lib\libc.a(libc_a-malign.o)
                0x80001370                memalign
 .text          0x80001388      0x200 C:/LibDragon/bin/../lib/gcc/mips64-elf/14.2.0/../../../../mips64-elf/lib\libc.a(libc_a-malignr.o)
                0x80001388                _memalign_r
 .text          0x80001588     0x2a08 C:/LibDragon/bin/../lib/gcc/mips64-elf/14.2.0/../../../../mips64-elf/lib\libc.a(libc_a-vfprintf.o)
                0x80001588                _vfprintf_r
                0x80003e78                vfprintf
 .text          0x80003f90       0x40 C:/LibDragon/bin/../lib/gcc/mips64-elf/14.2.0/../../../../mips64-elf/lib\libc.a(libc_a-sprint_r.o)
                0x80003f90                __sprint_r
 .text          0x80003fd0      0x458 C:/LibDragon/bin/../lib/gcc/mips64-elf/14.2.0/../../../../mips64-elf/lib\libc.a(libc_a-fflush.o)
                0x80003fd0                __sflush_r
                0x80004228                _fflush_r
                0x80004330                fflush
 .text          0x80004428      0x510 C:/LibDragon/bin/../lib/gcc/mips64-elf/14.2.0/../../../../mips64-elf/lib\libc.a(libc_a-findfp.o)
                0x800046c0                __sfp
                0x80004830                __sinit
                0x800048a8                __sfp_lock_acquire
                0x800048b8                __sfp_lock_release
                0x800048c8                __fp_lock_all
                0x80004900                __fp_unlock_all
 .text          0x80004938       0x68 C:/LibDragon/bin/../lib/gcc/mips64-elf/14.2.0/../../../../mips64-elf/lib\libc.a(libc_a-fprintf.o)
                0x80004938                _fprintf_r
                0x80004960                fprintf
 .text          0x800049a0      0x190 C:/LibDragon/bin/../lib/gcc/mips64-elf/14.2.0/../../../../mips64-elf/lib\libc.a(libc_a-fputc.o)
                0x800049a0                _fputc_r
                0x80004a68                fputc
 .text          0x80004b30      0x508 C:/LibDragon/bin/../lib/gcc/mips64-elf/14.2.0/../../../../mips64-elf/lib\libc.a(libc_a-fvwrite.o)
                0x80004b30                __sfvwrite_r
 .text          0x80005038       0xc0 C:/LibDragon/bin/../lib/gcc/mips64-elf/14.2.0/../../../../mips64-elf/lib\libc.a(libc_a-fwalk.o)
                0x80005038                _fwalk_sglue
 .text          0x800050f8      0x250 C:/LibDragon/bin/../lib/gcc/mips64-elf/14.2.0/../../../../mips64-elf/lib\libc.a(libc_a-fwrite.o)
                0x800050f8                _fwrite_r
                0x80005318                fwrite
 .text          0x80005348       0x78 C:/LibDragon/bin/../lib/gcc/mips64-elf/14.2.0/../../../../mips64-elf/lib\libc.a(libc_a-printf.o)
                0x80005348                _printf_r
                0x80005380                printf
 .text          0x800053c0      0x240 C:/LibDragon/bin/../lib/gcc/mips64-elf/14.2.0/../../../../mips64-elf/lib\libc.a(libc_a-putc.o)
                0x800053c0                _putc_r
                0x800054d0                putc
 .text          0x80005600       0x20 C:/LibDragon/bin/../lib/gcc/mips64-elf/14.2.0/../../../../mips64-elf/lib\libc.a(libc_a-putchar.o)
                0x80005600                _putchar_r
                0x80005608                putchar
 .text          0x80005620      0x1a8 C:/LibDragon/bin/../lib/gcc/mips64-elf/14.2.0/../../../../mips64-elf/lib\libc.a(libc_a-puts.o)
                0x80005620                _puts_r
                0x800057b8                puts
 .text          0x800057c8      0x1c8 C:/LibDragon/bin/../lib/gcc/mips64-elf/14.2.0/../../../../mips64-elf/lib\libc.a(libc_a-snprintf.o)
                0x800057c8                _snprintf_r
                0x800058a8                snprintf
 .text          0x80005990       0xe0 C:/LibDragon/bin/../lib/gcc/mips64-elf/14.2.0/../../../../mips64-elf/lib\libc.a(libc_a-sprintf.o)
                0x80005990                _sprintf_r
                0x800059f8                sprintf
 .text          0x80005a70      0x190 C:/LibDragon/bin/../lib/gcc/mips64-elf/14.2.0/../../../../mips64-elf/lib\libc.a(libc_a-stdio.o)
                0x80005a70                __sread
                0x80005ac8                __seofread
                0x80005ad0                __swrite
                0x80005b90                __sseek
                0x80005bf8                __sclose
 .text          0x80005c00       0x30 C:/LibDragon/bin/../lib/gcc/mips64-elf/14.2.0/../../../../mips64-elf/lib\libc.a(libc_a-vprintf.o)
                0x80005c00                vprintf
                0x80005c18                _vprintf_r
 .text          0x80005c30      0x1d0 C:/LibDragon/bin/../lib/gcc/mips64-elf/14.2.0/../../../../mips64-elf/lib\libc.a(libc_a-wbuf.o)
                0x80005c30                __swbuf_r
                0x80005de8                __swbuf
 .text          0x80005e00      0x1e0 C:/LibDragon/bin/../lib/gcc/mips64-elf/14.2.0/../../../../mips64-elf/lib\libc.a(libc_a-wsetup.o)
                0x80005e00                __swsetup_r
 .text          0x80005fe0       0xf0 C:/LibDragon/bin/../lib/gcc/mips64-elf/14.2.0/../../../../mips64-elf/lib\libc.a(libc_a-memchr.o)
                0x80005fe0                memchr
 .text          0x800060d0       0x80 C:/LibDragon/bin/../lib/gcc/mips64-elf/14.2.0/../../../../mips64-elf/lib\libc.a(libc_a-memcmp.o)
                0x800060d0                memcmp
 .text          0x80006150      0x168 C:/LibDragon/bin/../lib/gcc/mips64-elf/14.2.0/../../../../mips64-elf/lib\libc.a(libc_a-memmove.o)
                0x80006150                memmove
 .text          0x800062b8       0x98 C:/LibDragon/bin/../lib/gcc/mips64-elf/14.2.0/../../../../mips64-elf/lib\libc.a(libc_a-strcat.o)
                0x800062b8                strcat
 .text          0x80006350      0x188 C:/LibDragon/bin/../lib/gcc/mips64-elf/14.2.0/../../../../mips64-elf/lib\libc.a(libc_a-strchr.o)
                0x80006350                strchr
 .text          0x800064d8       0xa8 C:/LibDragon/bin/../lib/gcc/mips64-elf/14.2.0/../../../../mips64-elf/lib\libc.a(libc_a-strcpy.o)
                0x800064d8                strcpy
 .text          0x80006580      0x460 C:/LibDragon/bin/../lib/gcc/mips64-elf/14.2.0/../../../../mips64-elf/lib\libc.a(libc_a-strerror.o)
                0x80006580                _strerror_r
                0x800069b0                strerror
                0x800069c8                strerror_l
 .text          0x800069e0       0x70 C:/LibDragon/bin/../lib/gcc/mips64-elf/14.2.0/../../../../mips64-elf/lib\libc.a(libc_a-strrchr.o)
                0x800069e0                strrchr
 .text          0x80006a50      0xbb8 C:/LibDragon/bin/../lib/gcc/mips64-elf/14.2.0/../../../../mips64-elf/lib\libc.a(libc_a-strstr.o)
                0x80007308                strstr
 .text          0x80007608        0x8 C:/LibDragon/bin/../lib/gcc/mips64-elf/14.2.0/../../../../mips64-elf/lib\libc.a(libc_a-u_strerr.o)
                0x80007608                _user_strerror
 .text          0x80007610       0x90 C:/LibDragon/bin/../lib/gcc/mips64-elf/14.2.0/../../../../mips64-elf/lib\libc.a(libc_a-stpcpy.o)
                0x80007610                stpcpy
 .text          0x800076a0      0x598 C:/LibDragon/bin/../lib/gcc/mips64-elf/14.2.0/../../../../mips64-elf/lib\libc.a(libc_a-signal.o)
                0x800076a0                _init_signal_r
                0x80007708                _signal_r
                0x800077b8                _raise_r
                0x80007870                __sigtramp_r
                0x80007960                raise
                0x80007a28                signal
                0x80007ae0                _init_signal
                0x80007b50                __sigtramp
 .text          0x80007c38       0x28 C:/LibDragon/bin/../lib/gcc/mips64-elf/14.2.0/../../../../mips64-elf/lib\libc.a(libc_a-localeconv.o)
                0x80007c38                __localeconv_l
                0x80007c40                _localeconv_r
                0x80007c50                localeconv
 .text          0x80007c60       0x50 C:/LibDragon/bin/../lib/gcc/mips64-elf/14.2.0/../../../../mips64-elf/lib\libc.a(libc_a-closer.o)
                0x80007c60                _close_r
 .text          0x80007cb0       0x58 C:/LibDragon/bin/../lib/gcc/mips64-elf/14.2.0/../../../../mips64-elf/lib\libc.a(libc_a-fstatr.o)
                0x80007cb0                _fstat_r
 .text          0x80007d08       0x60 C:/LibDragon/bin/../lib/gcc/mips64-elf/14.2.0/../../../../mips64-elf/lib\libc.a(libc_a-lseekr.o)
                0x80007d08                _lseek_r
 .text          0x80007d68       0x60 C:/LibDragon/bin/../lib/gcc/mips64-elf/14.2.0/../../../../mips64-elf/lib\libc.a(libc_a-readr.o)
                0x80007d68                _read_r
 .text          0x80007dc8       0x60 C:/LibDragon/bin/../lib/gcc/mips64-elf/14.2.0/../../../../mips64-elf/lib\libc.a(libc_a-signalr.o)
                0x80007dc8                _kill_r
                0x80007e20                _getpid_r
 .text          0x80007e28       0x50 C:/LibDragon/bin/../lib/gcc/mips64-elf/14.2.0/../../../../mips64-elf/lib\libc.a(libc_a-sbrkr.o)
                0x80007e28                _sbrk_r
 .text          0x80007e78       0x60 C:/LibDragon/bin/../lib/gcc/mips64-elf/14.2.0/../../../../mips64-elf/lib\libc.a(libc_a-writer.o)
                0x80007e78                _write_r
 .text          0x80007ed8        0x8 C:/LibDragon/bin/../lib/gcc/mips64-elf/14.2.0/../../../../mips64-elf/lib\libc.a(libc_a-errno.o)
                0x80007ed8                __errno
 .text          0x80007ee0       0x18 C:/LibDragon/bin/../lib/gcc/mips64-elf/14.2.0/../../../../mips64-elf/lib\libc.a(libc_a-strlen.o)
                0x80007ee0                strlen
 .text          0x80007ef8      0x240 C:/LibDragon/bin/../lib/gcc/mips64-elf/14.2.0/../../../../mips64-elf/lib\libc.a(libc_a-strcmp.o)
                0x80007ef8                strcmp
 .text          0x80008138      0x11c C:/LibDragon/bin/../lib/gcc/mips64-elf/14.2.0/../../../../mips64-elf/lib\libc.a(libc_a-memset.o)
                0x80008138                memset
 .text          0x80008254      0x370 C:/LibDragon/bin/../lib/gcc/mips64-elf/14.2.0/../../../../mips64-elf/lib\libc.a(libc_a-memcpy.o)
                0x80008254                memcpy
 *fill*         0x800085c4        0x4 
 .text          0x800085c8     0x1810 C:/LibDragon/bin/../lib/gcc/mips64-elf/14.2.0/../../../../mips64-elf/lib\libc.a(libc_a-dtoa.o)
                0x80008818                _dtoa_r
 .text          0x80009dd8      0x470 C:/LibDragon/bin/../lib/gcc/mips64-elf/14.2.0/../../../../mips64-elf/lib\libc.a(libc_a-freer.o)
                0x80009dd8                _malloc_trim_r
                0x80009f18                _free_r
 .text          0x8000a248     0x1480 C:/LibDragon/bin/../lib/gcc/mips64-elf/14.2.0/../../../../mips64-elf/lib\libc.a(libc_a-mprec.o)
                0x8000a248                _Balloc
                0x8000a2f8                _Bfree
                0x8000a328                __multadd
                0x8000a480                __s2b
                0x8000a600                __hi0bits
                0x8000a6a8                __lo0bits
                0x8000a7c0                __i2b
                0x8000a898                __multiply
                0x8000ab20                __pow5mult
                0x8000ac88                __lshift
                0x8000ae40                __mcmp
                0x8000aea8                __mdiff
                0x8000b120                __ulp
                0x8000b1d0                __b2d
                0x8000b368                __d2b
                0x8000b4c0                __ratio
                0x8000b580                _mprec_log10
                0x8000b5c0                __copybits
                0x8000b648                __any_on
 .text          0x8000b6c8      0x600 C:/LibDragon/bin/../lib/gcc/mips64-elf/14.2.0/../../../../mips64-elf/lib\libc.a(libc_a-reallocr.o)
                0x8000b6c8                _realloc_r
 .text          0x8000bcc8     0x2718 C:/LibDragon/bin/../lib/gcc/mips64-elf/14.2.0/../../../../mips64-elf/lib\libc.a(libc_a-svfprintf.o)
                0x8000bcc8                _svfprintf_r
 .text          0x8000e3e0       0xc8 C:/LibDragon/bin/../lib/gcc/mips64-elf/14.2.0/../../../../mips64-elf/lib\libc.a(libc_a-ssprint_r.o)
                0x8000e3e0                __ssprint_r
 .text          0x8000e4a8      0x1b0 C:/LibDragon/bin/../lib/gcc/mips64-elf/14.2.0/../../../../mips64-elf/lib\libc.a(libc_a-fclose.o)
                0x8000e4a8                _fclose_r
                0x8000e648                fclose
 .text          0x8000e658      0x230 C:/LibDragon/bin/../lib/gcc/mips64-elf/14.2.0/../../../../mips64-elf/lib\libc.a(libc_a-makebuf.o)
                0x8000e658                __smakebuf_r
                0x8000e7d8                __swhatbuf_r
 .text          0x8000e888       0x40 C:/LibDragon/bin/../lib/gcc/mips64-elf/14.2.0/../../../../mips64-elf/lib\libc.a(libc_a-strnlen.o)
                0x8000e888                strnlen
 .text          0x8000e8c8       0x50 C:/LibDragon/bin/../lib/gcc/mips64-elf/14.2.0/../../../../mips64-elf/lib\libc.a(libc_a-isattyr.o)
                0x8000e8c8                _isatty_r
 .text          0x8000e918       0x70 C:/LibDragon/bin/../lib/gcc/mips64-elf/14.2.0/../../../../mips64-elf/lib\libc.a(libc_a-mbtowc_r.o)
                0x8000e918                _mbtowc_r
                0x8000e928                __ascii_mbtowc
 .text          0x8000e988       0x48 C:/LibDragon/bin/../lib/gcc/mips64-elf/14.2.0/../../../../mips64-elf/lib\libc.a(libc_a-wctomb_r.o)
                0x8000e988                _wctomb_r
                0x8000e998                __ascii_wctomb
 .text          0x8000e9d0      0x188 C:/LibDragon/bin/../lib/gcc/mips64-elf/14.2.0/../../../../mips64-elf/lib\libc.a(libc_a-ssputs_r.o)
                0x8000e9d0                __ssputs_r
 .text          0x8000eb58     0x1de8 C:/LibDragon/bin/../lib/gcc/mips64-elf/14.2.0\libgcc.a(unwind-dw2-fde.o)
                0x80010478                __register_frame_info_bases
                0x800104c0                __register_frame_info
                0x80010508                __register_frame
                0x80010578                __register_frame_info_table_bases
                0x800105a8                __register_frame_info_table
                0x800105d8                __register_frame_table
                0x80010630                __deregister_frame_info_bases
                0x80010718                __deregister_frame_info
                0x80010720                __deregister_frame
                0x80010758                _Unwind_Find_FDE
 *(.text.*)
 .text.startup.main
                0x80010940      0x140 build/test.o
                0x80010940                main
 .text.__entropy_add
                0x80010a80       0x80 C:/LibDragon/bin/../lib/gcc/mips64-elf/14.2.0/../../../../mips64-elf/lib\libdragon.a(entropy.o)
                0x80010a80                __entropy_add
 .text.reseed_from_entropy
                0x80010b00      0x100 C:/LibDragon/bin/../lib/gcc/mips64-elf/14.2.0/../../../../mips64-elf/lib\libdragon.a(entropy.o)
 .text.getentropy
                0x80010c00       0x60 C:/LibDragon/bin/../lib/gcc/mips64-elf/14.2.0/../../../../mips64-elf/lib\libdragon.a(entropy.o)
                0x80010c00                getentropy
 .text.__xorshift64
                0x80010c60       0x60 C:/LibDragon/bin/../lib/gcc/mips64-elf/14.2.0/../../../../mips64-elf/lib\libdragon.a(rand.o)
                0x80010c60                __xorshift64
 .text.__xorshift64_buffer
                0x80010cc0       0xa0 C:/LibDragon/bin/../lib/gcc/mips64-elf/14.2.0/../../../../mips64-elf/lib\libdragon.a(rand.o)
                0x80010cc0                __xorshift64_buffer
 .text.__rand64
                0x80010d60       0x20 C:/LibDragon/bin/../lib/gcc/mips64-elf/14.2.0/../../../../mips64-elf/lib\libdragon.a(rand.o)
                0x80010d60                __rand64
 .text.__rand   0x80010d80       0x20 C:/LibDragon/bin/../lib/gcc/mips64-elf/14.2.0/../../../../mips64-elf/lib\libdragon.a(rand.o)
                0x80010d80                __rand
 .text.startup.__rand_init
                0x80010da0       0x40 C:/LibDragon/bin/../lib/gcc/mips64-elf/14.2.0/../../../../mips64-elf/lib\libdragon.a(rand.o)
                0x80010da0                __rand_init
 .text.cb.0     0x80010de0       0xa0 C:/LibDragon/bin/../lib/gcc/mips64-elf/14.2.0/../../../../mips64-elf/lib\libdragon.a(debug.o)
 .text.debug_assert_func_f
                0x80010e80       0xe0 C:/LibDragon/bin/../lib/gcc/mips64-elf/14.2.0/../../../../mips64-elf/lib\libdragon.a(debug.o)
                0x80010e80                debug_assert_func_f
 .text.debug_assert_func
                0x80010f60       0x20 C:/LibDragon/bin/../lib/gcc/mips64-elf/14.2.0/../../../../mips64-elf/lib\libdragon.a(debug.o)
                0x80010f60                debug_assert_func
 .text.debug_hexdump
                0x80010f80      0x280 C:/LibDragon/bin/../lib/gcc/mips64-elf/14.2.0/../../../../mips64-elf/lib\libdragon.a(debug.o)
                0x80010f80                debug_hexdump
 .text.__debug_backtrace
                0x80011200      0x120 C:/LibDragon/bin/../lib/gcc/mips64-elf/14.2.0/../../../../mips64-elf/lib\libdragon.a(debug.o)
                0x80011200                __debug_backtrace
 .text.debug_backtrace
                0x80011320       0x20 C:/LibDragon/bin/../lib/gcc/mips64-elf/14.2.0/../../../../mips64-elf/lib\libdragon.a(debug.o)
                0x80011320                debug_backtrace
 .text.get_next_token
                0x80011340       0xc0 C:/LibDragon/bin/../lib/gcc/mips64-elf/14.2.0/../../../../mips64-elf/lib\libdragon.a(dragonfs.o)
 .text.__fstat  0x80011400       0x40 C:/LibDragon/bin/../lib/gcc/mips64-elf/14.2.0/../../../../mips64-elf/lib\libdragon.a(dragonfs.o)
 .text.lookup_file
                0x80011440      0x260 C:/LibDragon/bin/../lib/gcc/mips64-elf/14.2.0/../../../../mips64-elf/lib\libdragon.a(dragonfs.o)
 .text.__close  0x800116a0       0x40 C:/LibDragon/bin/../lib/gcc/mips64-elf/14.2.0/../../../../mips64-elf/lib\libdragon.a(dragonfs.o)
 .text.__ioctl  0x800116e0       0x60 C:/LibDragon/bin/../lib/gcc/mips64-elf/14.2.0/../../../../mips64-elf/lib\libdragon.a(dragonfs.o)
 .text.recurse_path
                0x80011740      0x3e0 C:/LibDragon/bin/../lib/gcc/mips64-elf/14.2.0/../../../../mips64-elf/lib\libdragon.a(dragonfs.o)
 .text.__findnext
                0x80011b20      0x100 C:/LibDragon/bin/../lib/gcc/mips64-elf/14.2.0/../../../../mips64-elf/lib\libdragon.a(dragonfs.o)
 .text.__dfs_findfirst
                0x80011c20       0xe0 C:/LibDragon/bin/../lib/gcc/mips64-elf/14.2.0/../../../../mips64-elf/lib\libdragon.a(dragonfs.o)
 .text.__findfirst
                0x80011d00       0x60 C:/LibDragon/bin/../lib/gcc/mips64-elf/14.2.0/../../../../mips64-elf/lib\libdragon.a(dragonfs.o)
 .text.__lseek  0x80011d60       0xa0 C:/LibDragon/bin/../lib/gcc/mips64-elf/14.2.0/../../../../mips64-elf/lib\libdragon.a(dragonfs.o)
 .text.dfs_open
                0x80011e00      0x1a0 C:/LibDragon/bin/../lib/gcc/mips64-elf/14.2.0/../../../../mips64-elf/lib\libdragon.a(dragonfs.o)
                0x80011e00                dfs_open
 .text.__open   0x80011fa0       0xc0 C:/LibDragon/bin/../lib/gcc/mips64-elf/14.2.0/../../../../mips64-elf/lib\libdragon.a(dragonfs.o)
 .text.dfs_read
                0x80012060      0x1a0 C:/LibDragon/bin/../lib/gcc/mips64-elf/14.2.0/../../../../mips64-elf/lib\libdragon.a(dragonfs.o)
                0x80012060                dfs_read
 .text.__read   0x80012200       0x20 C:/LibDragon/bin/../lib/gcc/mips64-elf/14.2.0/../../../../mips64-elf/lib\libdragon.a(dragonfs.o)
 .text.dfs_init
                0x80012220      0x220 C:/LibDragon/bin/../lib/gcc/mips64-elf/14.2.0/../../../../mips64-elf/lib\libdragon.a(dragonfs.o)
                0x80012220                dfs_init
 .text.__display_callback
                0x80012440      0x2e0 C:/LibDragon/bin/../lib/gcc/mips64-elf/14.2.0/../../../../mips64-elf/lib\libdragon.a(display.o)
 .text.display_init
                0x80012720      0x700 C:/LibDragon/bin/../lib/gcc/mips64-elf/14.2.0/../../../../mips64-elf/lib\libdragon.a(display.o)
                0x80012720                display_init
 .text.display_close
                0x80012e20      0x120 C:/LibDragon/bin/../lib/gcc/mips64-elf/14.2.0/../../../../mips64-elf/lib\libdragon.a(display.o)
                0x80012e20                display_close
 .text.display_try_get
                0x80012f40       0xc0 C:/LibDragon/bin/../lib/gcc/mips64-elf/14.2.0/../../../../mips64-elf/lib\libdragon.a(display.o)
                0x80012f40                display_try_get
 .text.display_get
                0x80013000      0x140 C:/LibDragon/bin/../lib/gcc/mips64-elf/14.2.0/../../../../mips64-elf/lib\libdragon.a(display.o)
                0x80013000                display_get
 .text.display_show
                0x80013140      0x160 C:/LibDragon/bin/../lib/gcc/mips64-elf/14.2.0/../../../../mips64-elf/lib\libdragon.a(display.o)
                0x80013140                display_show
 .text.display_get_bitdepth
                0x800132a0       0x20 C:/LibDragon/bin/../lib/gcc/mips64-elf/14.2.0/../../../../mips64-elf/lib\libdragon.a(display.o)
                0x800132a0                display_get_bitdepth
 .text.surface_alloc
                0x800132c0       0xe0 C:/LibDragon/bin/../lib/gcc/mips64-elf/14.2.0/../../../../mips64-elf/lib\libdragon.a(surface.o)
                0x800132c0                surface_alloc
 .text.surface_free
                0x800133a0       0x80 C:/LibDragon/bin/../lib/gcc/mips64-elf/14.2.0/../../../../mips64-elf/lib\libdragon.a(surface.o)
                0x800133a0                surface_free
 .text.graphics_draw_character.part.0
                0x80013420      0x4e0 C:/LibDragon/bin/../lib/gcc/mips64-elf/14.2.0/../../../../mips64-elf/lib\libdragon.a(graphics.o)
 .text.graphics_draw_sprite_stride.part.0
                0x80013900      0x2c0 C:/LibDragon/bin/../lib/gcc/mips64-elf/14.2.0/../../../../mips64-elf/lib\libdragon.a(graphics.o)
 .text.graphics_make_color
                0x80013bc0       0xc0 C:/LibDragon/bin/../lib/gcc/mips64-elf/14.2.0/../../../../mips64-elf/lib\libdragon.a(graphics.o)
                0x80013bc0                graphics_make_color
 .text.graphics_set_color
                0x80013c80       0x20 C:/LibDragon/bin/../lib/gcc/mips64-elf/14.2.0/../../../../mips64-elf/lib\libdragon.a(graphics.o)
                0x80013c80                graphics_set_color
 .text.graphics_draw_box
                0x80013ca0      0x120 C:/LibDragon/bin/../lib/gcc/mips64-elf/14.2.0/../../../../mips64-elf/lib\libdragon.a(graphics.o)
                0x80013ca0                graphics_draw_box
 .text.graphics_fill_screen
                0x80013dc0       0x80 C:/LibDragon/bin/../lib/gcc/mips64-elf/14.2.0/../../../../mips64-elf/lib\libdragon.a(graphics.o)
                0x80013dc0                graphics_fill_screen
 .text.graphics_set_default_font
                0x80013e40       0x20 C:/LibDragon/bin/../lib/gcc/mips64-elf/14.2.0/../../../../mips64-elf/lib\libdragon.a(graphics.o)
                0x80013e40                graphics_set_default_font
 .text.graphics_draw_character
                0x80013e60       0x20 C:/LibDragon/bin/../lib/gcc/mips64-elf/14.2.0/../../../../mips64-elf/lib\libdragon.a(graphics.o)
                0x80013e60                graphics_draw_character
 .text.graphics_draw_text
                0x80013e80      0x120 C:/LibDragon/bin/../lib/gcc/mips64-elf/14.2.0/../../../../mips64-elf/lib\libdragon.a(graphics.o)
                0x80013e80                graphics_draw_text
 .text.graphics_draw_sprite
                0x80013fa0       0x40 C:/LibDragon/bin/../lib/gcc/mips64-elf/14.2.0/../../../../mips64-elf/lib\libdragon.a(graphics.o)
                0x80013fa0                graphics_draw_sprite
 .text.rsp_load_code
                0x80013fe0      0x100 C:/LibDragon/bin/../lib/gcc/mips64-elf/14.2.0/../../../../mips64-elf/lib\libdragon.a(rsp.o)
                0x80013fe0                rsp_load_code
 .text.rsp_load_data
                0x800140e0       0xe0 C:/LibDragon/bin/../lib/gcc/mips64-elf/14.2.0/../../../../mips64-elf/lib\libdragon.a(rsp.o)
                0x800140e0                rsp_load_data
 .text.rsp_read_code
                0x800141c0       0xe0 C:/LibDragon/bin/../lib/gcc/mips64-elf/14.2.0/../../../../mips64-elf/lib\libdragon.a(rsp.o)
                0x800141c0                rsp_read_code
 .text.rsp_read_data
                0x800142a0       0xe0 C:/LibDragon/bin/../lib/gcc/mips64-elf/14.2.0/../../../../mips64-elf/lib\libdragon.a(rsp.o)
                0x800142a0                rsp_read_data
 .text.__rsp_crash
                0x80014380      0xc40 C:/LibDragon/bin/../lib/gcc/mips64-elf/14.2.0/../../../../mips64-elf/lib\libdragon.a(rsp.o)
                0x80014380                __rsp_crash
 .text.__rsp_check_assert
                0x80014fc0       0x80 C:/LibDragon/bin/../lib/gcc/mips64-elf/14.2.0/../../../../mips64-elf/lib\libdragon.a(rsp.o)
                0x80014fc0                __rsp_check_assert
 .text.rsp_wait
                0x80015040      0x100 C:/LibDragon/bin/../lib/gcc/mips64-elf/14.2.0/../../../../mips64-elf/lib\libdragon.a(rsp.o)
                0x80015040                rsp_wait
 .text.rsp_run  0x80015140       0x60 C:/LibDragon/bin/../lib/gcc/mips64-elf/14.2.0/../../../../mips64-elf/lib\libdragon.a(rsp.o)
                0x80015140                rsp_run
 .text.cb.2     0x800151a0       0x60 C:/LibDragon/bin/../lib/gcc/mips64-elf/14.2.0/../../../../mips64-elf/lib\libdragon.a(inspector.o)
 .text.cb.1     0x80015200       0x60 C:/LibDragon/bin/../lib/gcc/mips64-elf/14.2.0/../../../../mips64-elf/lib\libdragon.a(inspector.o)
 .text.inspector_print_backtrace
                0x80015260      0x180 C:/LibDragon/bin/../lib/gcc/mips64-elf/14.2.0/../../../../mips64-elf/lib\libdragon.a(inspector.o)
 .text.cb.0     0x800153e0      0x120 C:/LibDragon/bin/../lib/gcc/mips64-elf/14.2.0/../../../../mips64-elf/lib\libdragon.a(inspector.o)
 .text.cb.3     0x80015500      0x120 C:/LibDragon/bin/../lib/gcc/mips64-elf/14.2.0/../../../../mips64-elf/lib\libdragon.a(inspector.o)
 .text.inspector_stdout
                0x80015620      0x300 C:/LibDragon/bin/../lib/gcc/mips64-elf/14.2.0/../../../../mips64-elf/lib\libdragon.a(inspector.o)
 .text.title    0x80015920       0xa0 C:/LibDragon/bin/../lib/gcc/mips64-elf/14.2.0/../../../../mips64-elf/lib\libdragon.a(inspector.o)
 .text.mips_disasm
                0x800159c0      0x6e0 C:/LibDragon/bin/../lib/gcc/mips64-elf/14.2.0/../../../../mips64-elf/lib\libdragon.a(inspector.o)
 .text.inspector
                0x800160a0     0x10a0 C:/LibDragon/bin/../lib/gcc/mips64-elf/14.2.0/../../../../mips64-elf/lib\libdragon.a(inspector.o)
 .text.handler.4
                0x80017140       0x40 C:/LibDragon/bin/../lib/gcc/mips64-elf/14.2.0/../../../../mips64-elf/lib\libdragon.a(inspector.o)
 .text.__inspector_exception
                0x80017180       0x20 C:/LibDragon/bin/../lib/gcc/mips64-elf/14.2.0/../../../../mips64-elf/lib\libdragon.a(inspector.o)
                0x80017180                __inspector_exception
 .text.__inspector_assertion
                0x800171a0       0x20 C:/LibDragon/bin/../lib/gcc/mips64-elf/14.2.0/../../../../mips64-elf/lib\libdragon.a(inspector.o)
                0x800171a0                __inspector_assertion
 .text.startup.__inspector_init
                0x800171c0       0x20 C:/LibDragon/bin/../lib/gcc/mips64-elf/14.2.0/../../../../mips64-elf/lib\libdragon.a(inspector.o)
                0x800171c0                __inspector_init
 .text.__sprite_upgrade.part.0
                0x800171e0       0x40 C:/LibDragon/bin/../lib/gcc/mips64-elf/14.2.0/../../../../mips64-elf/lib\libdragon.a(sprite.o)
 .text.sprite_load_buf.part.0
                0x80017220       0x40 C:/LibDragon/bin/../lib/gcc/mips64-elf/14.2.0/../../../../mips64-elf/lib\libdragon.a(sprite.o)
 .text.__sprite_ext
                0x80017260       0xa0 C:/LibDragon/bin/../lib/gcc/mips64-elf/14.2.0/../../../../mips64-elf/lib\libdragon.a(sprite.o)
                0x80017260                __sprite_ext
 .text.__sprite_upgrade
                0x80017300       0x80 C:/LibDragon/bin/../lib/gcc/mips64-elf/14.2.0/../../../../mips64-elf/lib\libdragon.a(sprite.o)
                0x80017300                __sprite_upgrade
 .text.sprite_load
                0x80017380       0xe0 C:/LibDragon/bin/../lib/gcc/mips64-elf/14.2.0/../../../../mips64-elf/lib\libdragon.a(sprite.o)
                0x80017380                sprite_load
 .text.dma_read_async
                0x80017460      0x4e0 C:/LibDragon/bin/../lib/gcc/mips64-elf/14.2.0/../../../../mips64-elf/lib\libdragon.a(dma.o)
                0x80017460                dma_read_async
 .text.dma_read
                0x80017940       0x40 C:/LibDragon/bin/../lib/gcc/mips64-elf/14.2.0/../../../../mips64-elf/lib\libdragon.a(dma.o)
                0x80017940                dma_read
 .text.io_read  0x80017980       0x60 C:/LibDragon/bin/../lib/gcc/mips64-elf/14.2.0/../../../../mips64-elf/lib\libdragon.a(dma.o)
                0x80017980                io_read
 .text.cb.0     0x800179e0       0x40 C:/LibDragon/bin/../lib/gcc/mips64-elf/14.2.0/../../../../mips64-elf/lib\libdragon.a(exception.o)
 .text.cb.1     0x80017a20       0x80 C:/LibDragon/bin/../lib/gcc/mips64-elf/14.2.0/../../../../mips64-elf/lib\libdragon.a(exception.o)
 .text.is_unmapped_kx64
                0x80017aa0      0x1e0 C:/LibDragon/bin/../lib/gcc/mips64-elf/14.2.0/../../../../mips64-elf/lib\libdragon.a(exception.o)
 .text.__get_exception_name.isra.0
                0x80017c80      0x5c0 C:/LibDragon/bin/../lib/gcc/mips64-elf/14.2.0/../../../../mips64-elf/lib\libdragon.a(exception.o)
 .text.__exception_dump_header
                0x80018240      0x340 C:/LibDragon/bin/../lib/gcc/mips64-elf/14.2.0/../../../../mips64-elf/lib\libdragon.a(exception.o)
                0x80018240                __exception_dump_header
 .text.__exception_dump_gpr
                0x80018580      0x180 C:/LibDragon/bin/../lib/gcc/mips64-elf/14.2.0/../../../../mips64-elf/lib\libdragon.a(exception.o)
                0x80018580                __exception_dump_gpr
 .text.__exception_dump_fpr
                0x80018700      0x2e0 C:/LibDragon/bin/../lib/gcc/mips64-elf/14.2.0/../../../../mips64-elf/lib\libdragon.a(exception.o)
                0x80018700                __exception_dump_fpr
 .text.exception_default_handler
                0x800189e0      0x1a0 C:/LibDragon/bin/../lib/gcc/mips64-elf/14.2.0/../../../../mips64-elf/lib\libdragon.a(exception.o)
                0x800189e0                exception_default_handler
 .text.__onCriticalException
                0x80018b80       0x80 C:/LibDragon/bin/../lib/gcc/mips64-elf/14.2.0/../../../../mips64-elf/lib\libdragon.a(exception.o)
                0x80018b80                __onCriticalException
 .text.register_syscall_handler
                0x80018c00      0x1a0 C:/LibDragon/bin/../lib/gcc/mips64-elf/14.2.0/../../../../mips64-elf/lib\libdragon.a(exception.o)
                0x80018c00                register_syscall_handler
 .text.__onSyscallException
                0x80018da0      0x1a0 C:/LibDragon/bin/../lib/gcc/mips64-elf/14.2.0/../../../../mips64-elf/lib\libdragon.a(exception.o)
                0x80018da0                __onSyscallException
 .text.__wrap___do_global_ctors
                0x80018f40       0xe0 C:/LibDragon/bin/../lib/gcc/mips64-elf/14.2.0/../../../../mips64-elf/lib\libdragon.a(do_ctors.o)
                0x80018f40                __wrap___do_global_ctors
 .text.kthread_free
                0x80019020       0x60 C:/LibDragon/bin/../lib/gcc/mips64-elf/14.2.0/../../../../mips64-elf/lib\libdragon.a(kernel.o)
 .text.__thlist_add.part.0
                0x80019080       0x40 C:/LibDragon/bin/../lib/gcc/mips64-elf/14.2.0/../../../../mips64-elf/lib\libdragon.a(kernel.o)
 .text.startup.__kernel_tls_init
                0x800190c0       0x40 C:/LibDragon/bin/../lib/gcc/mips64-elf/14.2.0/../../../../mips64-elf/lib\libdragon.a(kernel.o)
                0x800190c0                __kernel_tls_init
 .text.__kthread_check_overflow
                0x80019100       0xe0 C:/LibDragon/bin/../lib/gcc/mips64-elf/14.2.0/../../../../mips64-elf/lib\libdragon.a(kernel.o)
                0x80019100                __kthread_check_overflow
 .text.__thlist_splice_pri
                0x800191e0      0x100 C:/LibDragon/bin/../lib/gcc/mips64-elf/14.2.0/../../../../mips64-elf/lib\libdragon.a(kernel.o)
                0x800191e0                __thlist_splice_pri
 .text.kmutex_unlock_internal
                0x800192e0       0xc0 C:/LibDragon/bin/../lib/gcc/mips64-elf/14.2.0/../../../../mips64-elf/lib\libdragon.a(kernel.o)
 .text.__kthread_syscall_schedule
                0x800193a0      0x320 C:/LibDragon/bin/../lib/gcc/mips64-elf/14.2.0/../../../../mips64-elf/lib\libdragon.a(kernel.o)
                0x800193a0                __kthread_syscall_schedule
 .text.kthread_current
                0x800196c0       0x20 C:/LibDragon/bin/../lib/gcc/mips64-elf/14.2.0/../../../../mips64-elf/lib\libdragon.a(kernel.o)
                0x800196c0                kthread_current
 .text.kthread_yield
                0x800196e0      0x100 C:/LibDragon/bin/../lib/gcc/mips64-elf/14.2.0/../../../../mips64-elf/lib\libdragon.a(kernel.o)
                0x800196e0                kthread_yield
 .text.kthread_suspend
                0x800197e0       0x40 C:/LibDragon/bin/../lib/gcc/mips64-elf/14.2.0/../../../../mips64-elf/lib\libdragon.a(kernel.o)
                0x800197e0                kthread_suspend
 .text.kthread_backtrace
                0x80019820       0x80 C:/LibDragon/bin/../lib/gcc/mips64-elf/14.2.0/../../../../mips64-elf/lib\libdragon.a(kernel.o)
                0x80019820                kthread_backtrace
 .text.kmutex_init
                0x800198a0       0x60 C:/LibDragon/bin/../lib/gcc/mips64-elf/14.2.0/../../../../mips64-elf/lib\libdragon.a(kernel.o)
                0x800198a0                kmutex_init
 .text.kmutex_destroy
                0x80019900       0xc0 C:/LibDragon/bin/../lib/gcc/mips64-elf/14.2.0/../../../../mips64-elf/lib\libdragon.a(kernel.o)
                0x80019900                kmutex_destroy
 .text.kmutex_lock
                0x800199c0      0x200 C:/LibDragon/bin/../lib/gcc/mips64-elf/14.2.0/../../../../mips64-elf/lib\libdragon.a(kernel.o)
                0x800199c0                kmutex_lock
 .text.kmutex_unlock
                0x80019bc0      0x100 C:/LibDragon/bin/../lib/gcc/mips64-elf/14.2.0/../../../../mips64-elf/lib\libdragon.a(kernel.o)
                0x80019bc0                kmutex_unlock
 .text.__kcond_broadcast_isr
                0x80019cc0       0x40 C:/LibDragon/bin/../lib/gcc/mips64-elf/14.2.0/../../../../mips64-elf/lib\libdragon.a(kernel.o)
                0x80019cc0                __kcond_broadcast_isr
 .text.kcond_wait
                0x80019d00      0x180 C:/LibDragon/bin/../lib/gcc/mips64-elf/14.2.0/../../../../mips64-elf/lib\libdragon.a(kernel.o)
                0x80019d00                kcond_wait
 .text.kirq_begin_wait_si
                0x80019e80       0x20 C:/LibDragon/bin/../lib/gcc/mips64-elf/14.2.0/../../../../mips64-elf/lib\libdragon.a(kirq.o)
                0x80019e80                kirq_begin_wait_si
 .text.kirq_begin_wait_vi
                0x80019ea0       0x20 C:/LibDragon/bin/../lib/gcc/mips64-elf/14.2.0/../../../../mips64-elf/lib\libdragon.a(kirq.o)
                0x80019ea0                kirq_begin_wait_vi
 .text.kirq_wait
                0x80019ec0       0x80 C:/LibDragon/bin/../lib/gcc/mips64-elf/14.2.0/../../../../mips64-elf/lib\libdragon.a(kirq.o)
                0x80019ec0                kirq_wait
 .text.joypad_inputs_from_n64_controller_read
                0x80019f40       0xc0 C:/LibDragon/bin/../lib/gcc/mips64-elf/14.2.0/../../../../mips64-elf/lib\libdragon.a(joypad.o)
 .text.joypad_gcn_origin_callback
                0x8001a000       0xe0 C:/LibDragon/bin/../lib/gcc/mips64-elf/14.2.0/../../../../mips64-elf/lib\libdragon.a(joypad.o)
 .text.joybus_input_read_n64_controllers
                0x8001a0e0       0xe0 C:/LibDragon/bin/../lib/gcc/mips64-elf/14.2.0/../../../../mips64-elf/lib\libdragon.a(joypad.o)
 .text.joypad_read_callback
                0x8001a1c0       0x60 C:/LibDragon/bin/../lib/gcc/mips64-elf/14.2.0/../../../../mips64-elf/lib\libdragon.a(joypad.o)
 .text.joypad_device_changed
                0x8001a220       0x80 C:/LibDragon/bin/../lib/gcc/mips64-elf/14.2.0/../../../../mips64-elf/lib\libdragon.a(joypad.o)
 .text.joypad_identify_callback
                0x8001a2a0      0x2a0 C:/LibDragon/bin/../lib/gcc/mips64-elf/14.2.0/../../../../mips64-elf/lib\libdragon.a(joypad.o)
 .text.joypad_read_async.part.0
                0x8001a540      0x220 C:/LibDragon/bin/../lib/gcc/mips64-elf/14.2.0/../../../../mips64-elf/lib\libdragon.a(joypad.o)
 .text.joypad_identify_async.part.0
                0x8001a760      0x140 C:/LibDragon/bin/../lib/gcc/mips64-elf/14.2.0/../../../../mips64-elf/lib\libdragon.a(joypad.o)
 .text.joypad_poll.part.0
                0x8001a8a0      0x520 C:/LibDragon/bin/../lib/gcc/mips64-elf/14.2.0/../../../../mips64-elf/lib\libdragon.a(joypad.o)
 .text.joypad_vi_interrupt_callback
                0x8001adc0       0xa0 C:/LibDragon/bin/../lib/gcc/mips64-elf/14.2.0/../../../../mips64-elf/lib\libdragon.a(joypad.o)
 .text.joypad_reset_interrupt_callback
                0x8001ae60      0x2c0 C:/LibDragon/bin/../lib/gcc/mips64-elf/14.2.0/../../../../mips64-elf/lib\libdragon.a(joypad.o)
 .text.joypad_read_n64_inputs
                0x8001b120      0x1e0 C:/LibDragon/bin/../lib/gcc/mips64-elf/14.2.0/../../../../mips64-elf/lib\libdragon.a(joypad.o)
                0x8001b120                joypad_read_n64_inputs
 .text.joypad_init
                0x8001b300      0x1e0 C:/LibDragon/bin/../lib/gcc/mips64-elf/14.2.0/../../../../mips64-elf/lib\libdragon.a(joypad.o)
                0x8001b300                joypad_init
 .text.joypad_poll
                0x8001b4e0       0x60 C:/LibDragon/bin/../lib/gcc/mips64-elf/14.2.0/../../../../mips64-elf/lib\libdragon.a(joypad.o)
                0x8001b4e0                joypad_poll
 .text.joypad_get_buttons_pressed
                0x8001b540       0xa0 C:/LibDragon/bin/../lib/gcc/mips64-elf/14.2.0/../../../../mips64-elf/lib\libdragon.a(joypad.o)
                0x8001b540                joypad_get_buttons_pressed
 .text.data_cache_hit_writeback
                0x8001b5e0       0x60 C:/LibDragon/bin/../lib/gcc/mips64-elf/14.2.0/../../../../mips64-elf/lib\libdragon.a(n64sys.o)
                0x8001b5e0                data_cache_hit_writeback
 .text.data_cache_hit_invalidate
                0x8001b640       0x80 C:/LibDragon/bin/../lib/gcc/mips64-elf/14.2.0/../../../../mips64-elf/lib\libdragon.a(n64sys.o)
                0x8001b640                data_cache_hit_invalidate
 .text.data_cache_hit_writeback_invalidate
                0x8001b6c0       0x60 C:/LibDragon/bin/../lib/gcc/mips64-elf/14.2.0/../../../../mips64-elf/lib\libdragon.a(n64sys.o)
                0x8001b6c0                data_cache_hit_writeback_invalidate
 .text.inst_cache_hit_invalidate
                0x8001b720       0x60 C:/LibDragon/bin/../lib/gcc/mips64-elf/14.2.0/../../../../mips64-elf/lib\libdragon.a(n64sys.o)
                0x8001b720                inst_cache_hit_invalidate
 .text.malloc_uncached_aligned
                0x8001b780       0x80 C:/LibDragon/bin/../lib/gcc/mips64-elf/14.2.0/../../../../mips64-elf/lib\libdragon.a(n64sys.o)
                0x8001b780                malloc_uncached_aligned
 .text.free_uncached
                0x8001b800       0x20 C:/LibDragon/bin/../lib/gcc/mips64-elf/14.2.0/../../../../mips64-elf/lib\libdragon.a(n64sys.o)
                0x8001b800                free_uncached
 .text.get_ticks
                0x8001b820       0x40 C:/LibDragon/bin/../lib/gcc/mips64-elf/14.2.0/../../../../mips64-elf/lib\libdragon.a(n64sys.o)
                0x8001b820                get_ticks
 .text.wait_ms  0x8001b860       0x40 C:/LibDragon/bin/../lib/gcc/mips64-elf/14.2.0/../../../../mips64-elf/lib\libdragon.a(n64sys.o)
                0x8001b860                wait_ms
 .text.die      0x8001b8a0       0x60 C:/LibDragon/bin/../lib/gcc/mips64-elf/14.2.0/../../../../mips64-elf/lib\libdragon.a(n64sys.o)
                0x8001b8a0                die
 .text.startup.__init_cop1
                0x8001b900       0x40 C:/LibDragon/bin/../lib/gcc/mips64-elf/14.2.0/../../../../mips64-elf/lib\libdragon.a(n64sys.o)
                0x8001b900                __init_cop1
 .text.__MI_handler
                0x8001b940      0x380 C:/LibDragon/bin/../lib/gcc/mips64-elf/14.2.0/../../../../mips64-elf/lib\libdragon.a(interrupt.o)
                0x8001b940                __MI_handler
 .text.__MI_BB_handler
                0x8001bcc0      0x300 C:/LibDragon/bin/../lib/gcc/mips64-elf/14.2.0/../../../../mips64-elf/lib\libdragon.a(interrupt.o)
                0x8001bcc0                __MI_BB_handler
 .text.__TI_handler
                0x8001bfc0       0x80 C:/LibDragon/bin/../lib/gcc/mips64-elf/14.2.0/../../../../mips64-elf/lib\libdragon.a(interrupt.o)
                0x8001bfc0                __TI_handler
 .text.__CART_handler
                0x8001c040      0x100 C:/LibDragon/bin/../lib/gcc/mips64-elf/14.2.0/../../../../mips64-elf/lib\libdragon.a(interrupt.o)
                0x8001c040                __CART_handler
 .text.__RESET_handler
                0x8001c140       0x60 C:/LibDragon/bin/../lib/gcc/mips64-elf/14.2.0/../../../../mips64-elf/lib\libdragon.a(interrupt.o)
                0x8001c140                __RESET_handler
 .text.register_VI_handler
                0x8001c1a0       0x60 C:/LibDragon/bin/../lib/gcc/mips64-elf/14.2.0/../../../../mips64-elf/lib\libdragon.a(interrupt.o)
                0x8001c1a0                register_VI_handler
 .text.register_SI_handler
                0x8001c200       0x60 C:/LibDragon/bin/../lib/gcc/mips64-elf/14.2.0/../../../../mips64-elf/lib\libdragon.a(interrupt.o)
                0x8001c200                register_SI_handler
 .text.register_TI_handler
                0x8001c260       0x60 C:/LibDragon/bin/../lib/gcc/mips64-elf/14.2.0/../../../../mips64-elf/lib\libdragon.a(interrupt.o)
                0x8001c260                register_TI_handler
 .text.register_RESET_handler
                0x8001c2c0       0x80 C:/LibDragon/bin/../lib/gcc/mips64-elf/14.2.0/../../../../mips64-elf/lib\libdragon.a(interrupt.o)
                0x8001c2c0                register_RESET_handler
 .text.set_VI_interrupt
                0x8001c340       0x40 C:/LibDragon/bin/../lib/gcc/mips64-elf/14.2.0/../../../../mips64-elf/lib\libdragon.a(interrupt.o)
                0x8001c340                set_VI_interrupt
 .text.set_SI_interrupt
                0x8001c380       0x20 C:/LibDragon/bin/../lib/gcc/mips64-elf/14.2.0/../../../../mips64-elf/lib\libdragon.a(interrupt.o)
                0x8001c380                set_SI_interrupt
 .text.set_TI_interrupt
                0x8001c3a0       0x40 C:/LibDragon/bin/../lib/gcc/mips64-elf/14.2.0/../../../../mips64-elf/lib\libdragon.a(interrupt.o)
                0x8001c3a0                set_TI_interrupt
 .text.startup.__init_interrupts
                0x8001c3e0       0x60 C:/LibDragon/bin/../lib/gcc/mips64-elf/14.2.0/../../../../mips64-elf/lib\libdragon.a(interrupt.o)
                0x8001c3e0                __init_interrupts
 .text.disable_interrupts
                0x8001c440       0x40 C:/LibDragon/bin/../lib/gcc/mips64-elf/14.2.0/../../../../mips64-elf/lib\libdragon.a(interrupt.o)
                0x8001c440                disable_interrupts
 .text.enable_interrupts
                0x8001c480       0x80 C:/LibDragon/bin/../lib/gcc/mips64-elf/14.2.0/../../../../mips64-elf/lib\libdragon.a(interrupt.o)
                0x8001c480                enable_interrupts
 .text.exception_reset_time
                0x8001c500       0x20 C:/LibDragon/bin/../lib/gcc/mips64-elf/14.2.0/../../../../mips64-elf/lib\libdragon.a(interrupt.o)
                0x8001c500                exception_reset_time
 .text.cb.0     0x8001c520       0x40 C:/LibDragon/bin/../lib/gcc/mips64-elf/14.2.0/../../../../mips64-elf/lib\libdragon.a(backtrace.o)
 .text.cb.1     0x8001c560       0x40 C:/LibDragon/bin/../lib/gcc/mips64-elf/14.2.0/../../../../mips64-elf/lib\libdragon.a(backtrace.o)
 .text.symt_open
                0x8001c5a0      0x200 C:/LibDragon/bin/../lib/gcc/mips64-elf/14.2.0/../../../../mips64-elf/lib\libdragon.a(backtrace.o)
 .text.symt_addrtab_entry.isra.0
                0x8001c7a0       0x60 C:/LibDragon/bin/../lib/gcc/mips64-elf/14.2.0/../../../../mips64-elf/lib\libdragon.a(backtrace.o)
 .text.format_entry
                0x8001c800      0x2a0 C:/LibDragon/bin/../lib/gcc/mips64-elf/14.2.0/../../../../mips64-elf/lib\libdragon.a(backtrace.o)
 .text.symt_addrtab_search
                0x8001caa0      0x160 C:/LibDragon/bin/../lib/gcc/mips64-elf/14.2.0/../../../../mips64-elf/lib\libdragon.a(backtrace.o)
 .text.__symbolize
                0x8001cc00      0x280 C:/LibDragon/bin/../lib/gcc/mips64-elf/14.2.0/../../../../mips64-elf/lib\libdragon.a(backtrace.o)
                0x8001cc00                __symbolize
 .text.__bt_analyze_func
                0x8001ce80      0x1c0 C:/LibDragon/bin/../lib/gcc/mips64-elf/14.2.0/../../../../mips64-elf/lib\libdragon.a(backtrace.o)
                0x8001ce80                __bt_analyze_func
 .text.backtrace_foreach.constprop.0
                0x8001d040      0x360 C:/LibDragon/bin/../lib/gcc/mips64-elf/14.2.0/../../../../mips64-elf/lib\libdragon.a(backtrace.o)
 .text.backtrace
                0x8001d3a0       0xe0 C:/LibDragon/bin/../lib/gcc/mips64-elf/14.2.0/../../../../mips64-elf/lib\libdragon.a(backtrace.o)
                0x8001d3a0                backtrace
 .text.__backtrace_from
                0x8001d480      0x100 C:/LibDragon/bin/../lib/gcc/mips64-elf/14.2.0/../../../../mips64-elf/lib\libdragon.a(backtrace.o)
                0x8001d480                __backtrace_from
 .text.backtrace_symbols_cb
                0x8001d580      0x320 C:/LibDragon/bin/../lib/gcc/mips64-elf/14.2.0/../../../../mips64-elf/lib\libdragon.a(backtrace.o)
                0x8001d580                backtrace_symbols_cb
 .text.backtrace_frame_print
                0x8001d8a0       0xa0 C:/LibDragon/bin/../lib/gcc/mips64-elf/14.2.0/../../../../mips64-elf/lib\libdragon.a(backtrace.o)
                0x8001d8a0                backtrace_frame_print
 .text.backtrace_frame_print_compact
                0x8001d940      0x140 C:/LibDragon/bin/../lib/gcc/mips64-elf/14.2.0/../../../../mips64-elf/lib\libdragon.a(backtrace.o)
                0x8001d940                backtrace_frame_print_compact
 .text.rompak_search_ext
                0x8001da80      0x220 C:/LibDragon/bin/../lib/gcc/mips64-elf/14.2.0/../../../../mips64-elf/lib\libdragon.a(rompak.o)
                0x8001da80                rompak_search_ext
 .text.__vi_interrupt
                0x8001dca0       0xa0 C:/LibDragon/bin/../lib/gcc/mips64-elf/14.2.0/../../../../mips64-elf/lib\libdragon.a(vi.o)
                0x8001dca0                __vi_interrupt
 .text.__vblank_interrupt
                0x8001dd40      0x200 C:/LibDragon/bin/../lib/gcc/mips64-elf/14.2.0/../../../../mips64-elf/lib\libdragon.a(vi.o)
 .text.__vi_validate_config
                0x8001df40      0x2c0 C:/LibDragon/bin/../lib/gcc/mips64-elf/14.2.0/../../../../mips64-elf/lib\libdragon.a(vi.o)
 .text.vi_write_idx_masked
                0x8001e200      0x140 C:/LibDragon/bin/../lib/gcc/mips64-elf/14.2.0/../../../../mips64-elf/lib\libdragon.a(vi.o)
 .text.vi_write_begin
                0x8001e340       0x20 C:/LibDragon/bin/../lib/gcc/mips64-elf/14.2.0/../../../../mips64-elf/lib\libdragon.a(vi.o)
                0x8001e340                vi_write_begin
 .text.vi_write_end
                0x8001e360       0xa0 C:/LibDragon/bin/../lib/gcc/mips64-elf/14.2.0/../../../../mips64-elf/lib\libdragon.a(vi.o)
                0x8001e360                vi_write_end
 .text.__set_output
                0x8001e400       0x80 C:/LibDragon/bin/../lib/gcc/mips64-elf/14.2.0/../../../../mips64-elf/lib\libdragon.a(vi.o)
 .text.vi_write_end_forced
                0x8001e480       0x80 C:/LibDragon/bin/../lib/gcc/mips64-elf/14.2.0/../../../../mips64-elf/lib\libdragon.a(vi.o)
                0x8001e480                vi_write_end_forced
 .text.vi_write_masked
                0x8001e500       0x20 C:/LibDragon/bin/../lib/gcc/mips64-elf/14.2.0/../../../../mips64-elf/lib\libdragon.a(vi.o)
                0x8001e500                vi_write_masked
 .text.vi_set_origin
                0x8001e520      0x140 C:/LibDragon/bin/../lib/gcc/mips64-elf/14.2.0/../../../../mips64-elf/lib\libdragon.a(vi.o)
                0x8001e520                vi_set_origin
 .text.vi_show  0x8001e660      0x280 C:/LibDragon/bin/../lib/gcc/mips64-elf/14.2.0/../../../../mips64-elf/lib\libdragon.a(vi.o)
                0x8001e660                vi_show
 .text.vi_set_interlaced
                0x8001e8e0       0x60 C:/LibDragon/bin/../lib/gcc/mips64-elf/14.2.0/../../../../mips64-elf/lib\libdragon.a(vi.o)
                0x8001e8e0                vi_set_interlaced
 .text.vi_set_aa_mode
                0x8001e940       0x20 C:/LibDragon/bin/../lib/gcc/mips64-elf/14.2.0/../../../../mips64-elf/lib\libdragon.a(vi.o)
                0x8001e940                vi_set_aa_mode
 .text.vi_set_divot
                0x8001e960       0x20 C:/LibDragon/bin/../lib/gcc/mips64-elf/14.2.0/../../../../mips64-elf/lib\libdragon.a(vi.o)
                0x8001e960                vi_set_divot
 .text.vi_set_dedither
                0x8001e980       0x20 C:/LibDragon/bin/../lib/gcc/mips64-elf/14.2.0/../../../../mips64-elf/lib\libdragon.a(vi.o)
                0x8001e980                vi_set_dedither
 .text.vi_set_gamma
                0x8001e9a0       0x20 C:/LibDragon/bin/../lib/gcc/mips64-elf/14.2.0/../../../../mips64-elf/lib\libdragon.a(vi.o)
                0x8001e9a0                vi_set_gamma
 .text.vi_set_output
                0x8001e9c0      0x100 C:/LibDragon/bin/../lib/gcc/mips64-elf/14.2.0/../../../../mips64-elf/lib\libdragon.a(vi.o)
                0x8001e9c0                vi_set_output
 .text.vi_set_borders
                0x8001eac0       0x60 C:/LibDragon/bin/../lib/gcc/mips64-elf/14.2.0/../../../../mips64-elf/lib\libdragon.a(vi.o)
                0x8001eac0                vi_set_borders
 .text.vi_calc_borders
                0x8001eb20      0x120 C:/LibDragon/bin/../lib/gcc/mips64-elf/14.2.0/../../../../mips64-elf/lib\libdragon.a(vi.o)
                0x8001eb20                vi_calc_borders
 .text.vi_wait_vblank
                0x8001ec40       0xc0 C:/LibDragon/bin/../lib/gcc/mips64-elf/14.2.0/../../../../mips64-elf/lib\libdragon.a(vi.o)
                0x8001ec40                vi_wait_vblank
 .text.vi_install_vblank_handler
                0x8001ed00       0x80 C:/LibDragon/bin/../lib/gcc/mips64-elf/14.2.0/../../../../mips64-elf/lib\libdragon.a(vi.o)
                0x8001ed00                vi_install_vblank_handler
 .text.vi_uninstall_vblank_handler
                0x8001ed80       0xa0 C:/LibDragon/bin/../lib/gcc/mips64-elf/14.2.0/../../../../mips64-elf/lib\libdragon.a(vi.o)
                0x8001ed80                vi_uninstall_vblank_handler
 .text.vi_reset
                0x8001ee20       0xe0 C:/LibDragon/bin/../lib/gcc/mips64-elf/14.2.0/../../../../mips64-elf/lib\libdragon.a(vi.o)
                0x8001ee20                vi_reset
 .text.vi_init  0x8001ef00      0x100 C:/LibDragon/bin/../lib/gcc/mips64-elf/14.2.0/../../../../mips64-elf/lib\libdragon.a(vi.o)
                0x8001ef00                vi_init
 .text.__console_render.part.0
                0x8001f000      0x100 C:/LibDragon/bin/../lib/gcc/mips64-elf/14.2.0/../../../../mips64-elf/lib\libdragon.a(console.o)
 .text.__console_write
                0x8001f100      0x320 C:/LibDragon/bin/../lib/gcc/mips64-elf/14.2.0/../../../../mips64-elf/lib\libdragon.a(console.o)
 .text.console_set_render_mode
                0x8001f420       0x20 C:/LibDragon/bin/../lib/gcc/mips64-elf/14.2.0/../../../../mips64-elf/lib\libdragon.a(console.o)
                0x8001f420                console_set_render_mode
 .text.console_init
                0x8001f440       0xe0 C:/LibDragon/bin/../lib/gcc/mips64-elf/14.2.0/../../../../mips64-elf/lib\libdragon.a(console.o)
                0x8001f440                console_init
 .text.console_render
                0x8001f520       0x40 C:/LibDragon/bin/../lib/gcc/mips64-elf/14.2.0/../../../../mips64-elf/lib\libdragon.a(console.o)
                0x8001f520                console_render
 .text.console_set_debug
                0x8001f560       0x20 C:/LibDragon/bin/../lib/gcc/mips64-elf/14.2.0/../../../../mips64-elf/lib\libdragon.a(console.o)
                0x8001f560                console_set_debug
 .text.must_open.part.0
                0x8001f580      0x100 C:/LibDragon/bin/../lib/gcc/mips64-elf/14.2.0/../../../../mips64-elf/lib\libdragon.a(asset.o)
 .text.asset_read
                0x8001f680      0x3c0 C:/LibDragon/bin/../lib/gcc/mips64-elf/14.2.0/../../../../mips64-elf/lib\libdragon.a(asset.o)
 .text.asset_read_header
                0x8001fa40      0x1e0 C:/LibDragon/bin/../lib/gcc/mips64-elf/14.2.0/../../../../mips64-elf/lib\libdragon.a(asset.o)
 .text.asset_load
                0x8001fc20      0x160 C:/LibDragon/bin/../lib/gcc/mips64-elf/14.2.0/../../../../mips64-elf/lib\libdragon.a(asset.o)
                0x8001fc20                asset_load
 .text.timer_update_compare
                0x8001fd80       0x40 C:/LibDragon/bin/../lib/gcc/mips64-elf/14.2.0/../../../../mips64-elf/lib\libdragon.a(timer.o)
 .text.timer_poll
                0x8001fdc0      0x1a0 C:/LibDragon/bin/../lib/gcc/mips64-elf/14.2.0/../../../../mips64-elf/lib\libdragon.a(timer.o)
 .text.timer_init
                0x8001ff60       0x60 C:/LibDragon/bin/../lib/gcc/mips64-elf/14.2.0/../../../../mips64-elf/lib\libdragon.a(timer.o)
                0x8001ff60                timer_init
 .text.new_timer_context
                0x8001ffc0      0x100 C:/LibDragon/bin/../lib/gcc/mips64-elf/14.2.0/../../../../mips64-elf/lib\libdragon.a(timer.o)
                0x8001ffc0                new_timer_context
 .text.restart_timer
                0x800200c0       0x80 C:/LibDragon/bin/../lib/gcc/mips64-elf/14.2.0/../../../../mips64-elf/lib\libdragon.a(timer.o)
                0x800200c0                restart_timer
 .text.stop_timer
                0x80020140       0xe0 C:/LibDragon/bin/../lib/gcc/mips64-elf/14.2.0/../../../../mips64-elf/lib\libdragon.a(timer.o)
                0x80020140                stop_timer
 .text.joybus_accessory_calculate_addr_checksum
                0x80020220       0x60 C:/LibDragon/bin/../lib/gcc/mips64-elf/14.2.0/../../../../mips64-elf/lib\libdragon.a(joybus_accessory.o)
                0x80020220                joybus_accessory_calculate_addr_checksum
 .text.joybus_accessory_calculate_data_crc
                0x80020280       0xa0 C:/LibDragon/bin/../lib/gcc/mips64-elf/14.2.0/../../../../mips64-elf/lib\libdragon.a(joybus_accessory.o)
                0x80020280                joybus_accessory_calculate_data_crc
 .text.joybus_accessory_compare_data_crc
                0x80020320       0x60 C:/LibDragon/bin/../lib/gcc/mips64-elf/14.2.0/../../../../mips64-elf/lib\libdragon.a(joybus_accessory.o)
                0x80020320                joybus_accessory_compare_data_crc
 .text.joybus_accessory_read_async
                0x80020380       0xe0 C:/LibDragon/bin/../lib/gcc/mips64-elf/14.2.0/../../../../mips64-elf/lib\libdragon.a(joybus_accessory.o)
                0x80020380                joybus_accessory_read_async
 .text.joybus_accessory_write_async
                0x80020460      0x120 C:/LibDragon/bin/../lib/gcc/mips64-elf/14.2.0/../../../../mips64-elf/lib\libdragon.a(joybus_accessory.o)
                0x80020460                joybus_accessory_write_async
 .text.callback.0
                0x80020580       0x80 C:/LibDragon/bin/../lib/gcc/mips64-elf/14.2.0/../../../../mips64-elf/lib\libdragon.a(joybus.o)
 .text.joybus_msg_send
                0x80020600       0x80 C:/LibDragon/bin/../lib/gcc/mips64-elf/14.2.0/../../../../mips64-elf/lib\libdragon.a(joybus.o)
 .text.si_interrupt
                0x80020680      0x1a0 C:/LibDragon/bin/../lib/gcc/mips64-elf/14.2.0/../../../../mips64-elf/lib\libdragon.a(joybus.o)
 .text.startup.__joybus_init
                0x80020820       0x60 C:/LibDragon/bin/../lib/gcc/mips64-elf/14.2.0/../../../../mips64-elf/lib\libdragon.a(joybus.o)
                0x80020820                __joybus_init
 .text.joybus_exec_async
                0x80020880      0x1a0 C:/LibDragon/bin/../lib/gcc/mips64-elf/14.2.0/../../../../mips64-elf/lib\libdragon.a(joybus.o)
                0x80020880                joybus_exec_async
 .text.joybus_exec
                0x80020a20      0x160 C:/LibDragon/bin/../lib/gcc/mips64-elf/14.2.0/../../../../mips64-elf/lib\libdragon.a(joybus.o)
                0x80020a20                joybus_exec
 .text.joypad_accessory_check_read_crc_error
                0x80020b80      0x1a0 C:/LibDragon/bin/../lib/gcc/mips64-elf/14.2.0/../../../../mips64-elf/lib\libdragon.a(joypad_accessory.o)
 .text.joypad_transfer_pak_enable_read_callback
                0x80020d20       0xc0 C:/LibDragon/bin/../lib/gcc/mips64-elf/14.2.0/../../../../mips64-elf/lib\libdragon.a(joypad_accessory.o)
 .text.joypad_accessory_check_write_crc_error
                0x80020de0      0x1c0 C:/LibDragon/bin/../lib/gcc/mips64-elf/14.2.0/../../../../mips64-elf/lib\libdragon.a(joypad_accessory.o)
 .text.joypad_transfer_pak_enable_write_callback
                0x80020fa0      0x180 C:/LibDragon/bin/../lib/gcc/mips64-elf/14.2.0/../../../../mips64-elf/lib\libdragon.a(joypad_accessory.o)
 .text.joypad_accessory_detect_state_machine.isra.0
                0x80021120      0x6c0 C:/LibDragon/bin/../lib/gcc/mips64-elf/14.2.0/../../../../mips64-elf/lib\libdragon.a(joypad_accessory.o)
 .text.joypad_accessory_detect_write_callback
                0x800217e0       0x60 C:/LibDragon/bin/../lib/gcc/mips64-elf/14.2.0/../../../../mips64-elf/lib\libdragon.a(joypad_accessory.o)
 .text.joypad_accessory_detect_read_callback
                0x80021840       0x80 C:/LibDragon/bin/../lib/gcc/mips64-elf/14.2.0/../../../../mips64-elf/lib\libdragon.a(joypad_accessory.o)
 .text.joypad_transfer_pak_wait_timer_callback
                0x800218c0      0x160 C:/LibDragon/bin/../lib/gcc/mips64-elf/14.2.0/../../../../mips64-elf/lib\libdragon.a(joypad_accessory.o)
 .text.joypad_accessory_reset
                0x80021a20      0x140 C:/LibDragon/bin/../lib/gcc/mips64-elf/14.2.0/../../../../mips64-elf/lib\libdragon.a(joypad_accessory.o)
                0x80021a20                joypad_accessory_reset
 .text.joypad_transfer_pak_wait_timer_init
                0x80021b60       0xe0 C:/LibDragon/bin/../lib/gcc/mips64-elf/14.2.0/../../../../mips64-elf/lib\libdragon.a(joypad_accessory.o)
                0x80021b60                joypad_transfer_pak_wait_timer_init
 .text.joypad_accessory_detect_async
                0x80021c40      0x140 C:/LibDragon/bin/../lib/gcc/mips64-elf/14.2.0/../../../../mips64-elf/lib\libdragon.a(joypad_accessory.o)
                0x80021c40                joypad_accessory_detect_async
 .text.decompress_lz4_full_inplace
                0x80021d80       0x20 C:/LibDragon/bin/../lib/gcc/mips64-elf/14.2.0/../../../../mips64-elf/lib\libdragon.a(lz4_dec.o)
                0x80021d80                decompress_lz4_full_inplace
 .text.decompress_lz4_init
                0x80021da0       0x60 C:/LibDragon/bin/../lib/gcc/mips64-elf/14.2.0/../../../../mips64-elf/lib\libdragon.a(lz4_dec.o)
                0x80021da0                decompress_lz4_init
 .text.decompress_lz4_reset
                0x80021e00       0x40 C:/LibDragon/bin/../lib/gcc/mips64-elf/14.2.0/../../../../mips64-elf/lib\libdragon.a(lz4_dec.o)
                0x80021e00                decompress_lz4_reset
 .text.decompress_lz4_read
                0x80021e40      0x400 C:/LibDragon/bin/../lib/gcc/mips64-elf/14.2.0/../../../../mips64-elf/lib\libdragon.a(lz4_dec.o)
                0x80021e40                decompress_lz4_read
 .text.decompress_lz4_full_fast
                0x80022240      0x1c0 C:/LibDragon/bin/../lib/gcc/mips64-elf/14.2.0/../../../../mips64-elf/lib\libdragon.a(lz4_dec_fast.o)
                0x80022240                decompress_lz4_full_fast
 .text.__ringbuf_init
                0x80022400       0x80 C:/LibDragon/bin/../lib/gcc/mips64-elf/14.2.0/../../../../mips64-elf/lib\libdragon.a(ringbuf.o)
                0x80022400                __ringbuf_init
 .text.__ringbuf_write
                0x80022480       0xc0 C:/LibDragon/bin/../lib/gcc/mips64-elf/14.2.0/../../../../mips64-elf/lib\libdragon.a(ringbuf.o)
                0x80022480                __ringbuf_write
 .text.__ringbuf_copy
                0x80022540      0x1a0 C:/LibDragon/bin/../lib/gcc/mips64-elf/14.2.0/../../../../mips64-elf/lib\libdragon.a(ringbuf.o)
                0x80022540                __ringbuf_copy
 .text.__get_fs_link_by_name
                0x800226e0       0xe0 C:/LibDragon/bin/../lib/gcc/mips64-elf/14.2.0/../../../../mips64-elf/lib\libdragonsys.a(system.o)
 .text.attach_filesystem
                0x800227c0      0x220 C:/LibDragon/bin/../lib/gcc/mips64-elf/14.2.0/../../../../mips64-elf/lib\libdragonsys.a(system.o)
                0x800227c0                attach_filesystem
 .text.close    0x800229e0      0x200 C:/LibDragon/bin/../lib/gcc/mips64-elf/14.2.0/../../../../mips64-elf/lib\libdragonsys.a(system.o)
                0x800229e0                close
 .text._exit    0x80022be0       0x20 C:/LibDragon/bin/../lib/gcc/mips64-elf/14.2.0/../../../../mips64-elf/lib\libdragonsys.a(system.o)
                0x80022be0                _exit
 .text.fstat    0x80022c00      0x1a0 C:/LibDragon/bin/../lib/gcc/mips64-elf/14.2.0/../../../../mips64-elf/lib\libdragonsys.a(system.o)
                0x80022c00                fstat
 .text.getpid   0x80022da0       0x40 C:/LibDragon/bin/../lib/gcc/mips64-elf/14.2.0/../../../../mips64-elf/lib\libdragonsys.a(system.o)
                0x80022da0                getpid
 .text.isatty   0x80022de0       0x40 C:/LibDragon/bin/../lib/gcc/mips64-elf/14.2.0/../../../../mips64-elf/lib\libdragonsys.a(system.o)
                0x80022de0                isatty
 .text.kill     0x80022e20       0x40 C:/LibDragon/bin/../lib/gcc/mips64-elf/14.2.0/../../../../mips64-elf/lib\libdragonsys.a(system.o)
                0x80022e20                kill
 .text.lseek    0x80022e60      0x180 C:/LibDragon/bin/../lib/gcc/mips64-elf/14.2.0/../../../../mips64-elf/lib\libdragonsys.a(system.o)
                0x80022e60                lseek
 .text.open     0x80022fe0      0x340 C:/LibDragon/bin/../lib/gcc/mips64-elf/14.2.0/../../../../mips64-elf/lib\libdragonsys.a(system.o)
                0x80022fe0                open
 .text.read     0x80023320      0x1c0 C:/LibDragon/bin/../lib/gcc/mips64-elf/14.2.0/../../../../mips64-elf/lib\libdragonsys.a(system.o)
                0x80023320                read
 .text.sbrk     0x800234e0      0x120 C:/LibDragon/bin/../lib/gcc/mips64-elf/14.2.0/../../../../mips64-elf/lib\libdragonsys.a(system.o)
                0x800234e0                sbrk
 .text.sbrk_top
                0x80023600       0x80 C:/LibDragon/bin/../lib/gcc/mips64-elf/14.2.0/../../../../mips64-elf/lib\libdragonsys.a(system.o)
                0x80023600                sbrk_top
 .text.ioctl    0x80023680      0x180 C:/LibDragon/bin/../lib/gcc/mips64-elf/14.2.0/../../../../mips64-elf/lib\libdragonsys.a(system.o)
                0x80023680                ioctl
 .text.write    0x80023800      0x1e0 C:/LibDragon/bin/../lib/gcc/mips64-elf/14.2.0/../../../../mips64-elf/lib\libdragonsys.a(system.o)
                0x80023800                write
 .text.hook_stdio_calls
                0x800239e0       0x60 C:/LibDragon/bin/../lib/gcc/mips64-elf/14.2.0/../../../../mips64-elf/lib\libdragonsys.a(system.o)
                0x800239e0                hook_stdio_calls
 .text._flush_cache
                0x80023a40       0x40 C:/LibDragon/bin/../lib/gcc/mips64-elf/14.2.0/../../../../mips64-elf/lib\libdragonsys.a(system.o)
                0x80023a40                _flush_cache
 .text.__assert_func
                0x80023a80       0x20 C:/LibDragon/bin/../lib/gcc/mips64-elf/14.2.0/../../../../mips64-elf/lib\libdragonsys.a(system.o)
                0x80023a80                __assert_func
 .text.__retarget_lock_init_recursive
                0x80023aa0       0xa0 C:/LibDragon/bin/../lib/gcc/mips64-elf/14.2.0/../../../../mips64-elf/lib\libdragonsys.a(system.o)
                0x80023aa0                __retarget_lock_init_recursive
 .text.__retarget_lock_close_recursive
                0x80023b40       0x60 C:/LibDragon/bin/../lib/gcc/mips64-elf/14.2.0/../../../../mips64-elf/lib\libdragonsys.a(system.o)
                0x80023b40                __retarget_lock_close_recursive
 .text.__retarget_lock_acquire_recursive
                0x80023ba0       0x40 C:/LibDragon/bin/../lib/gcc/mips64-elf/14.2.0/../../../../mips64-elf/lib\libdragonsys.a(system.o)
                0x80023ba0                __retarget_lock_acquire_recursive
 .text.__retarget_lock_release_recursive
                0x80023be0       0x20 C:/LibDragon/bin/../lib/gcc/mips64-elf/14.2.0/../../../../mips64-elf/lib\libdragonsys.a(system.o)
                0x80023be0                __retarget_lock_release_recursive
 *(keep.text.*)
 *(.init)
 .init          0x80023c00        0x8 C:/LibDragon/bin/../lib/gcc/mips64-elf/14.2.0/crti.o
                0x80023c00                _init
 *(.fini)
 .fini          0x80023c08        0x8 C:/LibDragon/bin/../lib/gcc/mips64-elf/14.2.0/crti.o
                0x80023c08                _fini
 *(.gnu.linkonce.t.*)
                0x80023c10                        . = ALIGN (0x10)
                0x80023c10                        __text_end = .

.eh_frame_hdr
 *(.eh_frame_hdr)

.eh_frame       0x80023c10      0x428
                0x80023c10                        __EH_FRAME_BEGIN__ = .
 *(.eh_frame)
 .eh_frame      0x80023c10        0x0 C:/LibDragon/bin/../lib/gcc/mips64-elf/14.2.0/crtbegin.o
 .eh_frame      0x80023c10      0x424 C:/LibDragon/bin/../lib/gcc/mips64-elf/14.2.0\libgcc.a(unwind-dw2-fde.o)
 .eh_frame      0x80024034        0x4 C:/LibDragon/bin/../lib/gcc/mips64-elf/14.2.0/crtend.o

.gcc_except_table
 *(.gcc_except_table*)

.jcr
 *(.jcr)

.rodata         0x80024038     0x65c8
 *(.rdata)
 *(.rodata)
 .rodata        0x80024038      0x188 C:/LibDragon/bin/../lib/gcc/mips64-elf/14.2.0/../../../../mips64-elf/lib\libc.a(libc_a-vfprintf.o)
 .rodata        0x800241c0      0x23c C:/LibDragon/bin/../lib/gcc/mips64-elf/14.2.0/../../../../mips64-elf/lib\libc.a(libc_a-strerror.o)
 *fill*         0x800243fc        0x4 
 .rodata        0x80024400      0x128 C:/LibDragon/bin/../lib/gcc/mips64-elf/14.2.0/../../../../mips64-elf/lib\libc.a(libc_a-mprec.o)
                0x80024410                __mprec_tinytens
                0x80024438                __mprec_bigtens
                0x80024460                __mprec_tens
 .rodata        0x80024528      0x288 C:/LibDragon/bin/../lib/gcc/mips64-elf/14.2.0/../../../../mips64-elf/lib\libc.a(libc_a-ctype_.o)
                0x80024528                _ctype_
                0x80024630                _ctype_b
 .rodata        0x800247b0      0x188 C:/LibDragon/bin/../lib/gcc/mips64-elf/14.2.0/../../../../mips64-elf/lib\libc.a(libc_a-svfprintf.o)
 .rodata        0x80024938       0x40 C:/LibDragon/bin/../lib/gcc/mips64-elf/14.2.0\libgcc.a(unwind-dw2-fde.o)
 *(.rodata.*)
 .rodata.main.str1.8
                0x80024978     0x483e build/test.o
                                 0x87 (size before relaxing)
 *fill*         0x800291b6        0x2 
 .rodata.res    0x800291b8       0x18 build/test.o
 .rodata.cb.0.str1.8
                0x800291d0       0x1d C:/LibDragon/bin/../lib/gcc/mips64-elf/14.2.0/../../../../mips64-elf/lib\libdragon.a(debug.o)
 .rodata.debug_assert_func_f.str1.8
                0x800291d0       0x45 C:/LibDragon/bin/../lib/gcc/mips64-elf/14.2.0/../../../../mips64-elf/lib\libdragon.a(debug.o)
 .rodata.debug_hexdump.str1.8
                0x800291d0       0x33 C:/LibDragon/bin/../lib/gcc/mips64-elf/14.2.0/../../../../mips64-elf/lib\libdragon.a(debug.o)
 .rodata.__debug_backtrace.str1.8
                0x800291d0        0xc C:/LibDragon/bin/../lib/gcc/mips64-elf/14.2.0/../../../../mips64-elf/lib\libdragon.a(debug.o)
 .rodata.__open.str1.8
                0x800291d0        0x2 C:/LibDragon/bin/../lib/gcc/mips64-elf/14.2.0/../../../../mips64-elf/lib\libdragon.a(dragonfs.o)
 .rodata.dfs_init.str1.8
                0x800291d0       0x9e C:/LibDragon/bin/../lib/gcc/mips64-elf/14.2.0/../../../../mips64-elf/lib\libdragon.a(dragonfs.o)
 .rodata.__func__.0
                0x800291d0       0x16 C:/LibDragon/bin/../lib/gcc/mips64-elf/14.2.0/../../../../mips64-elf/lib\libdragon.a(dragonfs.o)
 .rodata.display_init.str1.8
                0x800291e6      0x321 C:/LibDragon/bin/../lib/gcc/mips64-elf/14.2.0/../../../../mips64-elf/lib\libdragon.a(display.o)
 *fill*         0x800291e6        0x2 
 .rodata.display_init
                0x800291e8       0x14 C:/LibDragon/bin/../lib/gcc/mips64-elf/14.2.0/../../../../mips64-elf/lib\libdragon.a(display.o)
 .rodata.display_get.str1.8
                0x800291fc       0x4c C:/LibDragon/bin/../lib/gcc/mips64-elf/14.2.0/../../../../mips64-elf/lib\libdragon.a(display.o)
 .rodata.display_show.str1.8
                0x800291fc       0xe9 C:/LibDragon/bin/../lib/gcc/mips64-elf/14.2.0/../../../../mips64-elf/lib\libdragon.a(display.o)
 *fill*         0x800291fc        0x4 
 .rodata.__func__.1
                0x80029200        0xd C:/LibDragon/bin/../lib/gcc/mips64-elf/14.2.0/../../../../mips64-elf/lib\libdragon.a(display.o)
 *fill*         0x8002920d        0x3 
 .rodata.__func__.2
                0x80029210        0xc C:/LibDragon/bin/../lib/gcc/mips64-elf/14.2.0/../../../../mips64-elf/lib\libdragon.a(display.o)
 *fill*         0x8002921c        0x4 
 .rodata.__func__.6
                0x80029220        0xd C:/LibDragon/bin/../lib/gcc/mips64-elf/14.2.0/../../../../mips64-elf/lib\libdragon.a(display.o)
 .rodata.surface_alloc.str1.8
                0x8002922d       0x62 C:/LibDragon/bin/../lib/gcc/mips64-elf/14.2.0/../../../../mips64-elf/lib\libdragon.a(surface.o)
 *fill*         0x8002922d        0x3 
 .rodata.__func__.1
                0x80029230        0xe C:/LibDragon/bin/../lib/gcc/mips64-elf/14.2.0/../../../../mips64-elf/lib\libdragon.a(surface.o)
 *fill*         0x8002923e        0x2 
 .rodata.__font_data
                0x80029240      0x800 C:/LibDragon/bin/../lib/gcc/mips64-elf/14.2.0/../../../../mips64-elf/lib\libdragon.a(graphics.o)
 .rodata.rsp_load_code.str1.8
                0x80029a40       0x47 C:/LibDragon/bin/../lib/gcc/mips64-elf/14.2.0/../../../../mips64-elf/lib\libdragon.a(rsp.o)
 .rodata.rsp_load_data.str1.8
                0x80029a40       0x17 C:/LibDragon/bin/../lib/gcc/mips64-elf/14.2.0/../../../../mips64-elf/lib\libdragon.a(rsp.o)
 .rodata.__rsp_crash.str1.8
                0x80029a40      0x7ef C:/LibDragon/bin/../lib/gcc/mips64-elf/14.2.0/../../../../mips64-elf/lib\libdragon.a(rsp.o)
 .rodata.rsp_wait.str1.8
                0x80029a40       0x1c C:/LibDragon/bin/../lib/gcc/mips64-elf/14.2.0/../../../../mips64-elf/lib\libdragon.a(rsp.o)
 .rodata.__func__.0
                0x80029a40        0x9 C:/LibDragon/bin/../lib/gcc/mips64-elf/14.2.0/../../../../mips64-elf/lib\libdragon.a(rsp.o)
 *fill*         0x80029a49        0x7 
 .rodata.__func__.1
                0x80029a50        0xe C:/LibDragon/bin/../lib/gcc/mips64-elf/14.2.0/../../../../mips64-elf/lib\libdragon.a(rsp.o)
 *fill*         0x80029a5e        0x2 
 .rodata.__func__.2
                0x80029a60        0xe C:/LibDragon/bin/../lib/gcc/mips64-elf/14.2.0/../../../../mips64-elf/lib\libdragon.a(rsp.o)
 *fill*         0x80029a6e        0x2 
 .rodata.__func__.3
                0x80029a70        0xe C:/LibDragon/bin/../lib/gcc/mips64-elf/14.2.0/../../../../mips64-elf/lib\libdragon.a(rsp.o)
 *fill*         0x80029a7e        0x2 
 .rodata.__func__.4
                0x80029a80        0xe C:/LibDragon/bin/../lib/gcc/mips64-elf/14.2.0/../../../../mips64-elf/lib\libdragon.a(rsp.o)
 .rodata.str1.8
                0x80029a8e        0xa C:/LibDragon/bin/../lib/gcc/mips64-elf/14.2.0/../../../../mips64-elf/lib\libdragon.a(rsp.o)
 .rodata.cb.2.str1.8
                0x80029a8e       0x22 C:/LibDragon/bin/../lib/gcc/mips64-elf/14.2.0/../../../../mips64-elf/lib\libdragon.a(inspector.o)
 .rodata.cb.1.str1.8
                0x80029a8e        0xc C:/LibDragon/bin/../lib/gcc/mips64-elf/14.2.0/../../../../mips64-elf/lib\libdragon.a(inspector.o)
 .rodata.inspector_print_backtrace.str1.8
                0x80029a8e       0x1c C:/LibDragon/bin/../lib/gcc/mips64-elf/14.2.0/../../../../mips64-elf/lib\libdragon.a(inspector.o)
 .rodata.cb.0.str1.8
                0x80029a8e       0x27 C:/LibDragon/bin/../lib/gcc/mips64-elf/14.2.0/../../../../mips64-elf/lib\libdragon.a(inspector.o)
 .rodata.cb.3.str1.8
                0x80029a8e       0x2a C:/LibDragon/bin/../lib/gcc/mips64-elf/14.2.0/../../../../mips64-elf/lib\libdragon.a(inspector.o)
 *fill*         0x80029a8e        0x2 
 .rodata.inspector_stdout
                0x80029a90       0x54 C:/LibDragon/bin/../lib/gcc/mips64-elf/14.2.0/../../../../mips64-elf/lib\libdragon.a(inspector.o)
 .rodata.mips_disasm.str1.8
                0x80029ae4      0x1ce C:/LibDragon/bin/../lib/gcc/mips64-elf/14.2.0/../../../../mips64-elf/lib\libdragon.a(inspector.o)
 .rodata.mips_disasm
                0x80029ae4       0xc0 C:/LibDragon/bin/../lib/gcc/mips64-elf/14.2.0/../../../../mips64-elf/lib\libdragon.a(inspector.o)
 .rodata.inspector.str1.8
                0x80029ba4      0x33c C:/LibDragon/bin/../lib/gcc/mips64-elf/14.2.0/../../../../mips64-elf/lib\libdragon.a(inspector.o)
 .rodata.inspector
                0x80029ba4       0x18 C:/LibDragon/bin/../lib/gcc/mips64-elf/14.2.0/../../../../mips64-elf/lib\libdragon.a(inspector.o)
 .rodata.str1.8
                0x80029bbc      0x6cb C:/LibDragon/bin/../lib/gcc/mips64-elf/14.2.0/../../../../mips64-elf/lib\libdragon.a(inspector.o)
 *fill*         0x80029bbc        0x4 
 .rodata.CSWTCH.160
                0x80029bc0       0x14 C:/LibDragon/bin/../lib/gcc/mips64-elf/14.2.0/../../../../mips64-elf/lib\libdragon.a(inspector.o)
 *fill*         0x80029bd4        0x4 
 .rodata.fpu_ops.7
                0x80029bd8      0x100 C:/LibDragon/bin/../lib/gcc/mips64-elf/14.2.0/../../../../mips64-elf/lib\libdragon.a(inspector.o)
 .rodata.special.8
                0x80029cd8      0x100 C:/LibDragon/bin/../lib/gcc/mips64-elf/14.2.0/../../../../mips64-elf/lib\libdragon.a(inspector.o)
 .rodata.ops.9  0x80029dd8      0x100 C:/LibDragon/bin/../lib/gcc/mips64-elf/14.2.0/../../../../mips64-elf/lib\libdragon.a(inspector.o)
 .rodata.RESOLUTION_640x240
                0x80029ed8       0x18 C:/LibDragon/bin/../lib/gcc/mips64-elf/14.2.0/../../../../mips64-elf/lib\libdragon.a(inspector.o)
 .rodata.__sprite_upgrade.part.0.str1.8
                0x80029ef0       0x85 C:/LibDragon/bin/../lib/gcc/mips64-elf/14.2.0/../../../../mips64-elf/lib\libdragon.a(sprite.o)
 .rodata.sprite_load_buf.part.0.str1.8
                0x80029ef0       0x38 C:/LibDragon/bin/../lib/gcc/mips64-elf/14.2.0/../../../../mips64-elf/lib\libdragon.a(sprite.o)
 .rodata.__sprite_ext.str1.8
                0x80029ef0       0x58 C:/LibDragon/bin/../lib/gcc/mips64-elf/14.2.0/../../../../mips64-elf/lib\libdragon.a(sprite.o)
 .rodata.__func__.3
                0x80029ef0       0x10 C:/LibDragon/bin/../lib/gcc/mips64-elf/14.2.0/../../../../mips64-elf/lib\libdragon.a(sprite.o)
 .rodata.__func__.4
                0x80029f00       0x11 C:/LibDragon/bin/../lib/gcc/mips64-elf/14.2.0/../../../../mips64-elf/lib\libdragon.a(sprite.o)
 *fill*         0x80029f11        0x7 
 .rodata.__func__.5
                0x80029f18        0xd C:/LibDragon/bin/../lib/gcc/mips64-elf/14.2.0/../../../../mips64-elf/lib\libdragon.a(sprite.o)
 .rodata.dma_write_raw_async.part.0.str1.8
                0x80029f25       0x12 C:/LibDragon/bin/../lib/gcc/mips64-elf/14.2.0/../../../../mips64-elf/lib\libdragon.a(dma.o)
 .rodata.dma_read_async.str1.8
                0x80029f25       0x8d C:/LibDragon/bin/../lib/gcc/mips64-elf/14.2.0/../../../../mips64-elf/lib\libdragon.a(dma.o)
 *fill*         0x80029f25        0x3 
 .rodata.__func__.0
                0x80029f28        0xf C:/LibDragon/bin/../lib/gcc/mips64-elf/14.2.0/../../../../mips64-elf/lib\libdragon.a(dma.o)
 .rodata.cb.0.str1.8
                0x80029f37       0x17 C:/LibDragon/bin/../lib/gcc/mips64-elf/14.2.0/../../../../mips64-elf/lib\libdragon.a(exception.o)
 .rodata.cb.1.str1.8
                0x80029f37       0x19 C:/LibDragon/bin/../lib/gcc/mips64-elf/14.2.0/../../../../mips64-elf/lib\libdragon.a(exception.o)
 .rodata.__get_exception_name.isra.0.str1.8
                0x80029f37      0x3ee C:/LibDragon/bin/../lib/gcc/mips64-elf/14.2.0/../../../../mips64-elf/lib\libdragon.a(exception.o)
 *fill*         0x80029f37        0x1 
 .rodata.__get_exception_name.isra.0
                0x80029f38       0x40 C:/LibDragon/bin/../lib/gcc/mips64-elf/14.2.0/../../../../mips64-elf/lib\libdragon.a(exception.o)
 .rodata.__exception_dump_header.str1.8
                0x80029f78      0x1a5 C:/LibDragon/bin/../lib/gcc/mips64-elf/14.2.0/../../../../mips64-elf/lib\libdragon.a(exception.o)
 .rodata.__exception_dump_header
                0x80029f78       0x60 C:/LibDragon/bin/../lib/gcc/mips64-elf/14.2.0/../../../../mips64-elf/lib\libdragon.a(exception.o)
 .rodata.__exception_dump_gpr.str1.8
                0x80029fd8       0x34 C:/LibDragon/bin/../lib/gcc/mips64-elf/14.2.0/../../../../mips64-elf/lib\libdragon.a(exception.o)
 .rodata.__exception_dump_fpr.str1.8
                0x80029fd8       0x3e C:/LibDragon/bin/../lib/gcc/mips64-elf/14.2.0/../../../../mips64-elf/lib\libdragon.a(exception.o)
 .rodata.exception_default_handler.str1.8
                0x80029fd8       0x3e C:/LibDragon/bin/../lib/gcc/mips64-elf/14.2.0/../../../../mips64-elf/lib\libdragon.a(exception.o)
 .rodata.register_syscall_handler.str1.8
                0x80029fd8      0x143 C:/LibDragon/bin/../lib/gcc/mips64-elf/14.2.0/../../../../mips64-elf/lib\libdragon.a(exception.o)
 .rodata.__func__.2
                0x80029fd8       0x19 C:/LibDragon/bin/../lib/gcc/mips64-elf/14.2.0/../../../../mips64-elf/lib\libdragon.a(exception.o)
 .rodata.str1.8
                0x80029ff1      0x166 C:/LibDragon/bin/../lib/gcc/mips64-elf/14.2.0/../../../../mips64-elf/lib\libdragon.a(exception.o)
 *fill*         0x80029ff1        0x7 
 .rodata.exceptionMap.3
                0x80029ff8       0x80 C:/LibDragon/bin/../lib/gcc/mips64-elf/14.2.0/../../../../mips64-elf/lib\libdragon.a(exception.o)
 .rodata.__do_global_ctors.str1.8
                0x8002a078       0xa1 C:/LibDragon/bin/../lib/gcc/mips64-elf/14.2.0/../../../../mips64-elf/lib\libdragon.a(do_ctors.o)
 .rodata.__wrap___do_global_ctors.str1.8
                0x8002a078       0xbb C:/LibDragon/bin/../lib/gcc/mips64-elf/14.2.0/../../../../mips64-elf/lib\libdragon.a(do_ctors.o)
 .rodata.__func__.0
                0x8002a078       0x19 C:/LibDragon/bin/../lib/gcc/mips64-elf/14.2.0/../../../../mips64-elf/lib\libdragon.a(do_ctors.o)
 .rodata.__thlist_add.part.0.str1.8
                0x8002a091       0x34 C:/LibDragon/bin/../lib/gcc/mips64-elf/14.2.0/../../../../mips64-elf/lib\libdragon.a(kernel.o)
 .rodata.__kthread_check_overflow.str1.8
                0x8002a091       0xf2 C:/LibDragon/bin/../lib/gcc/mips64-elf/14.2.0/../../../../mips64-elf/lib\libdragon.a(kernel.o)
 .rodata.__thlist_pop.str1.8
                0x8002a091       0x3a C:/LibDragon/bin/../lib/gcc/mips64-elf/14.2.0/../../../../mips64-elf/lib\libdragon.a(kernel.o)
 .rodata.__kthread_syscall_schedule.str1.8
                0x8002a091      0x1a0 C:/LibDragon/bin/../lib/gcc/mips64-elf/14.2.0/../../../../mips64-elf/lib\libdragon.a(kernel.o)
 .rodata.kthread_yield.str1.8
                0x8002a091       0x43 C:/LibDragon/bin/../lib/gcc/mips64-elf/14.2.0/../../../../mips64-elf/lib\libdragon.a(kernel.o)
 .rodata.__kthread_new_internal.str1.8
                0x8002a091       0x4b C:/LibDragon/bin/../lib/gcc/mips64-elf/14.2.0/../../../../mips64-elf/lib\libdragon.a(kernel.o)
 .rodata.kmutex_init.str1.8
                0x8002a091        0x6 C:/LibDragon/bin/../lib/gcc/mips64-elf/14.2.0/../../../../mips64-elf/lib\libdragon.a(kernel.o)
 .rodata.kmutex_destroy.str1.8
                0x8002a091       0x89 C:/LibDragon/bin/../lib/gcc/mips64-elf/14.2.0/../../../../mips64-elf/lib\libdragon.a(kernel.o)
 .rodata.kmutex_lock.str1.8
                0x8002a091       0x7d C:/LibDragon/bin/../lib/gcc/mips64-elf/14.2.0/../../../../mips64-elf/lib\libdragon.a(kernel.o)
 .rodata.kmutex_unlock.str1.8
                0x8002a091       0xaf C:/LibDragon/bin/../lib/gcc/mips64-elf/14.2.0/../../../../mips64-elf/lib\libdragon.a(kernel.o)
 .rodata.kcond_wait.str1.8
                0x8002a091       0xc8 C:/LibDragon/bin/../lib/gcc/mips64-elf/14.2.0/../../../../mips64-elf/lib\libdragon.a(kernel.o)
 *fill*         0x8002a091        0x7 
 .rodata.__func__.4
                0x8002a098        0xb C:/LibDragon/bin/../lib/gcc/mips64-elf/14.2.0/../../../../mips64-elf/lib\libdragon.a(kernel.o)
 *fill*         0x8002a0a3        0x5 
 .rodata.__func__.6
                0x8002a0a8        0xe C:/LibDragon/bin/../lib/gcc/mips64-elf/14.2.0/../../../../mips64-elf/lib\libdragon.a(kernel.o)
 *fill*         0x8002a0b6        0x2 
 .rodata.__func__.8
                0x8002a0b8        0xc C:/LibDragon/bin/../lib/gcc/mips64-elf/14.2.0/../../../../mips64-elf/lib\libdragon.a(kernel.o)
 *fill*         0x8002a0c4        0x4 
 .rodata.__func__.9
                0x8002a0c8        0xf C:/LibDragon/bin/../lib/gcc/mips64-elf/14.2.0/../../../../mips64-elf/lib\libdragon.a(kernel.o)
 *fill*         0x8002a0d7        0x1 
 .rodata.__func__.10
                0x8002a0d8        0xc C:/LibDragon/bin/../lib/gcc/mips64-elf/14.2.0/../../../../mips64-elf/lib\libdragon.a(kernel.o)
 *fill*         0x8002a0e4        0x4 
 .rodata.__func__.15
                0x8002a0e8        0xe C:/LibDragon/bin/../lib/gcc/mips64-elf/14.2.0/../../../../mips64-elf/lib\libdragon.a(kernel.o)
 *fill*         0x8002a0f6        0x2 
 .rodata.__func__.19
                0x8002a0f8       0x1b C:/LibDragon/bin/../lib/gcc/mips64-elf/14.2.0/../../../../mips64-elf/lib\libdragon.a(kernel.o)
 *fill*         0x8002a113        0x5 
 .rodata.__func__.20
                0x8002a118        0xd C:/LibDragon/bin/../lib/gcc/mips64-elf/14.2.0/../../../../mips64-elf/lib\libdragon.a(kernel.o)
 *fill*         0x8002a125        0x3 
 .rodata.__func__.21
                0x8002a128        0xd C:/LibDragon/bin/../lib/gcc/mips64-elf/14.2.0/../../../../mips64-elf/lib\libdragon.a(kernel.o)
 *fill*         0x8002a135        0x3 
 .rodata.__func__.22
                0x8002a138       0x19 C:/LibDragon/bin/../lib/gcc/mips64-elf/14.2.0/../../../../mips64-elf/lib\libdragon.a(kernel.o)
 .rodata.joypad_get_axis_values.constprop.0.str1.8
                0x8002a151       0xa7 C:/LibDragon/bin/../lib/gcc/mips64-elf/14.2.0/../../../../mips64-elf/lib\libdragon.a(joypad.o)
 *fill*         0x8002a151        0x7 
 .rodata.__func__.3
                0x8002a158       0x1b C:/LibDragon/bin/../lib/gcc/mips64-elf/14.2.0/../../../../mips64-elf/lib\libdragon.a(joypad.o)
 *fill*         0x8002a173        0x5 
 .rodata.__func__.9
                0x8002a178       0x1c C:/LibDragon/bin/../lib/gcc/mips64-elf/14.2.0/../../../../mips64-elf/lib\libdragon.a(joypad.o)
 *fill*         0x8002a194        0x4 
 .rodata.__func__.18
                0x8002a198        0xc C:/LibDragon/bin/../lib/gcc/mips64-elf/14.2.0/../../../../mips64-elf/lib\libdragon.a(joypad.o)
 *fill*         0x8002a1a4        0x4 
 .rodata.__func__.19
                0x8002a1a8        0xc C:/LibDragon/bin/../lib/gcc/mips64-elf/14.2.0/../../../../mips64-elf/lib\libdragon.a(joypad.o)
 *fill*         0x8002a1b4        0x4 
 .rodata.__func__.20
                0x8002a1b8        0xd C:/LibDragon/bin/../lib/gcc/mips64-elf/14.2.0/../../../../mips64-elf/lib\libdragon.a(joypad.o)
 *fill*         0x8002a1c5        0x3 
 .rodata.__func__.22
                0x8002a1c8       0x17 C:/LibDragon/bin/../lib/gcc/mips64-elf/14.2.0/../../../../mips64-elf/lib\libdragon.a(joypad.o)
 .rodata.data_cache_hit_invalidate.str1.8
                0x8002a1df       0x45 C:/LibDragon/bin/../lib/gcc/mips64-elf/14.2.0/../../../../mips64-elf/lib\libdragon.a(n64sys.o)
 *fill*         0x8002a1df        0x1 
 .rodata.__func__.2
                0x8002a1e0       0x1a C:/LibDragon/bin/../lib/gcc/mips64-elf/14.2.0/../../../../mips64-elf/lib\libdragon.a(n64sys.o)
 .rodata.__MI_BB_handler.str1.8
                0x8002a1fa      0x18e C:/LibDragon/bin/../lib/gcc/mips64-elf/14.2.0/../../../../mips64-elf/lib\libdragon.a(interrupt.o)
 .rodata.__CART_handler.str1.8
                0x8002a1fa       0x7a C:/LibDragon/bin/../lib/gcc/mips64-elf/14.2.0/../../../../mips64-elf/lib\libdragon.a(interrupt.o)
 .rodata.register_RESET_handler.str1.8
                0x8002a1fa       0x1b C:/LibDragon/bin/../lib/gcc/mips64-elf/14.2.0/../../../../mips64-elf/lib\libdragon.a(interrupt.o)
 .rodata.enable_interrupts.str1.8
                0x8002a1fa       0x3c C:/LibDragon/bin/../lib/gcc/mips64-elf/14.2.0/../../../../mips64-elf/lib\libdragon.a(interrupt.o)
 *fill*         0x8002a1fa        0x6 
 .rodata.__func__.0
                0x8002a200       0x12 C:/LibDragon/bin/../lib/gcc/mips64-elf/14.2.0/../../../../mips64-elf/lib\libdragon.a(interrupt.o)
 *fill*         0x8002a212        0x6 
 .rodata.__func__.2
                0x8002a218       0x17 C:/LibDragon/bin/../lib/gcc/mips64-elf/14.2.0/../../../../mips64-elf/lib\libdragon.a(interrupt.o)
 *fill*         0x8002a22f        0x1 
 .rodata.__func__.3
                0x8002a230        0xf C:/LibDragon/bin/../lib/gcc/mips64-elf/14.2.0/../../../../mips64-elf/lib\libdragon.a(interrupt.o)
 *fill*         0x8002a23f        0x1 
 .rodata.__func__.5
                0x8002a240       0x10 C:/LibDragon/bin/../lib/gcc/mips64-elf/14.2.0/../../../../mips64-elf/lib\libdragon.a(interrupt.o)
 .rodata.symt_open.str1.8
                0x8002a250       0xc3 C:/LibDragon/bin/../lib/gcc/mips64-elf/14.2.0/../../../../mips64-elf/lib\libdragon.a(backtrace.o)
 .rodata.symt_addrtab_entry.isra.0.str1.8
                0x8002a250       0x38 C:/LibDragon/bin/../lib/gcc/mips64-elf/14.2.0/../../../../mips64-elf/lib\libdragon.a(backtrace.o)
 .rodata.format_entry.str1.8
                0x8002a250       0x14 C:/LibDragon/bin/../lib/gcc/mips64-elf/14.2.0/../../../../mips64-elf/lib\libdragon.a(backtrace.o)
 .rodata.__symbolize.str1.8
                0x8002a250       0x13 C:/LibDragon/bin/../lib/gcc/mips64-elf/14.2.0/../../../../mips64-elf/lib\libdragon.a(backtrace.o)
 .rodata.__bt_analyze_func.str1.8
                0x8002a250       0x42 C:/LibDragon/bin/../lib/gcc/mips64-elf/14.2.0/../../../../mips64-elf/lib\libdragon.a(backtrace.o)
 .rodata.backtrace_foreach.constprop.0.str1.8
                0x8002a250       0x81 C:/LibDragon/bin/../lib/gcc/mips64-elf/14.2.0/../../../../mips64-elf/lib\libdragon.a(backtrace.o)
 .rodata.backtrace_symbols_cb.str1.8
                0x8002a250       0x22 C:/LibDragon/bin/../lib/gcc/mips64-elf/14.2.0/../../../../mips64-elf/lib\libdragon.a(backtrace.o)
 .rodata.backtrace_frame_print.str1.8
                0x8002a250       0x35 C:/LibDragon/bin/../lib/gcc/mips64-elf/14.2.0/../../../../mips64-elf/lib\libdragon.a(backtrace.o)
 .rodata.backtrace_frame_print_compact.str1.8
                0x8002a250       0x2a C:/LibDragon/bin/../lib/gcc/mips64-elf/14.2.0/../../../../mips64-elf/lib\libdragon.a(backtrace.o)
 .rodata.__func__.3
                0x8002a250       0x13 C:/LibDragon/bin/../lib/gcc/mips64-elf/14.2.0/../../../../mips64-elf/lib\libdragon.a(backtrace.o)
 .rodata.rompak_search_ext.str1.8
                0x8002a263       0xb7 C:/LibDragon/bin/../lib/gcc/mips64-elf/14.2.0/../../../../mips64-elf/lib\libdragon.a(rompak.o)
 *fill*         0x8002a263        0x5 
 .rodata.__func__.0
                0x8002a268       0x12 C:/LibDragon/bin/../lib/gcc/mips64-elf/14.2.0/../../../../mips64-elf/lib\libdragon.a(rompak.o)
 .rodata.__vi_validate_config.str1.8
                0x8002a27a      0x34c C:/LibDragon/bin/../lib/gcc/mips64-elf/14.2.0/../../../../mips64-elf/lib\libdragon.a(vi.o)
 .rodata.vi_write_idx_masked.str1.8
                0x8002a27a       0x56 C:/LibDragon/bin/../lib/gcc/mips64-elf/14.2.0/../../../../mips64-elf/lib\libdragon.a(vi.o)
 .rodata.vi_write_end.str1.8
                0x8002a27a       0x3c C:/LibDragon/bin/../lib/gcc/mips64-elf/14.2.0/../../../../mips64-elf/lib\libdragon.a(vi.o)
 .rodata.vi_set_origin.str1.8
                0x8002a27a       0x85 C:/LibDragon/bin/../lib/gcc/mips64-elf/14.2.0/../../../../mips64-elf/lib\libdragon.a(vi.o)
 .rodata.vi_show.str1.8
                0x8002a27a       0x64 C:/LibDragon/bin/../lib/gcc/mips64-elf/14.2.0/../../../../mips64-elf/lib\libdragon.a(vi.o)
 .rodata.vi_install_vblank_handler.str1.8
                0x8002a27a       0x21 C:/LibDragon/bin/../lib/gcc/mips64-elf/14.2.0/../../../../mips64-elf/lib\libdragon.a(vi.o)
 .rodata.vi_uninstall_vblank_handler.str1.8
                0x8002a27a       0x19 C:/LibDragon/bin/../lib/gcc/mips64-elf/14.2.0/../../../../mips64-elf/lib\libdragon.a(vi.o)
 *fill*         0x8002a27a        0x6 
 .rodata.__func__.2
                0x8002a280       0x1c C:/LibDragon/bin/../lib/gcc/mips64-elf/14.2.0/../../../../mips64-elf/lib\libdragon.a(vi.o)
 *fill*         0x8002a29c        0x4 
 .rodata.__func__.3
                0x8002a2a0       0x1a C:/LibDragon/bin/../lib/gcc/mips64-elf/14.2.0/../../../../mips64-elf/lib\libdragon.a(vi.o)
 *fill*         0x8002a2ba        0x6 
 .rodata.__func__.7
                0x8002a2c0        0xe C:/LibDragon/bin/../lib/gcc/mips64-elf/14.2.0/../../../../mips64-elf/lib\libdragon.a(vi.o)
 *fill*         0x8002a2ce        0x2 
 .rodata.__func__.8